Component: Arm Compiler for Embedded 6.18 Tool: armlink [5e4cc100]

==============================================================================

Section Cross References

    startup_stm32f407xx.o(STACK) refers (Special) to heapauxi.o(.text) for __use_two_region_memory
    startup_stm32f407xx.o(HEAP) refers (Special) to heapauxi.o(.text) for __use_two_region_memory
    startup_stm32f407xx.o(RESET) refers (Special) to heapauxi.o(.text) for __use_two_region_memory
    startup_stm32f407xx.o(RESET) refers to startup_stm32f407xx.o(STACK) for __initial_sp
    startup_stm32f407xx.o(RESET) refers to startup_stm32f407xx.o(.text) for Reset_Handler
    startup_stm32f407xx.o(RESET) refers to stm32f4xx_it.o(.text.NMI_Handler) for NMI_Handler
    startup_stm32f407xx.o(RESET) refers to stm32f4xx_it.o(.text.HardFault_Handler) for HardFault_Handler
    startup_stm32f407xx.o(RESET) refers to stm32f4xx_it.o(.text.MemManage_Handler) for MemManage_Handler
    startup_stm32f407xx.o(RESET) refers to stm32f4xx_it.o(.text.BusFault_Handler) for BusFault_Handler
    startup_stm32f407xx.o(RESET) refers to stm32f4xx_it.o(.text.UsageFault_Handler) for UsageFault_Handler
    startup_stm32f407xx.o(RESET) refers to stm32f4xx_it.o(.text.SVC_Handler) for SVC_Handler
    startup_stm32f407xx.o(RESET) refers to stm32f4xx_it.o(.text.DebugMon_Handler) for DebugMon_Handler
    startup_stm32f407xx.o(RESET) refers to stm32f4xx_it.o(.text.PendSV_Handler) for PendSV_Handler
    startup_stm32f407xx.o(RESET) refers to stm32f4xx_it.o(.text.SysTick_Handler) for SysTick_Handler
    startup_stm32f407xx.o(RESET) refers to stm32f4xx_it.o(.text.CAN1_RX0_IRQHandler) for CAN1_RX0_IRQHandler
    startup_stm32f407xx.o(RESET) refers to stm32f4xx_it.o(.text.USART1_IRQHandler) for USART1_IRQHandler
    startup_stm32f407xx.o(RESET) refers to stm32f4xx_it.o(.text.USART3_IRQHandler) for USART3_IRQHandler
    startup_stm32f407xx.o(RESET) refers to stm32f4xx_it.o(.text.DMA2_Stream1_IRQHandler) for DMA2_Stream1_IRQHandler
    startup_stm32f407xx.o(.text) refers (Special) to heapauxi.o(.text) for __use_two_region_memory
    startup_stm32f407xx.o(.text) refers to system_stm32f4xx.o(.text.SystemInit) for SystemInit
    startup_stm32f407xx.o(.text) refers to __main.o(!!!main) for __main
    startup_stm32f407xx.o(.text) refers to startup_stm32f407xx.o(HEAP) for Heap_Mem
    startup_stm32f407xx.o(.text) refers to startup_stm32f407xx.o(STACK) for Stack_Mem
    bsp_can.o(.text.CANFilter_Config) refers to can.o(.bss.hcan1) for hcan1
    bsp_can.o(.text.CANFilter_Config) refers to stm32f4xx_hal_can.o(.text.HAL_CAN_ConfigFilter) for HAL_CAN_ConfigFilter
    bsp_can.o(.text.CANFilter_Config) refers to bsp_can.o(.rodata.str1.1) for .Lstr.9
    bsp_can.o(.text.CANFilter_Config) refers to puts.o(.text) for puts
    bsp_can.o(.text.CANFilter_Config) refers to main.o(.text.Error_Handler) for Error_Handler
    bsp_can.o(.ARM.exidx.text.CANFilter_Config) refers to bsp_can.o(.text.CANFilter_Config) for [Anonymous Symbol]
    bsp_can.o(.text.CAN1_Send_Test) refers to bsp_can.o(.bss.TxMessage) for TxMessage
    bsp_can.o(.text.CAN1_Send_Test) refers to can.o(.bss.hcan1) for hcan1
    bsp_can.o(.text.CAN1_Send_Test) refers to stm32f4xx_hal_can.o(.text.HAL_CAN_AddTxMessage) for HAL_CAN_AddTxMessage
    bsp_can.o(.text.CAN1_Send_Test) refers to puts.o(.text) for puts
    bsp_can.o(.text.CAN1_Send_Test) refers to main.o(.text.Error_Handler) for Error_Handler
    bsp_can.o(.ARM.exidx.text.CAN1_Send_Test) refers to bsp_can.o(.text.CAN1_Send_Test) for [Anonymous Symbol]
    bsp_can.o(.text.CanFilterInit) refers to usart.o(.bss..L_MergedGlobals) for usartTxFlag
    bsp_can.o(.text.CanFilterInit) refers to puts.o(.text) for puts
    bsp_can.o(.text.CanFilterInit) refers to can.o(.bss.hcan1) for hcan1
    bsp_can.o(.text.CanFilterInit) refers to stm32f4xx_hal_can.o(.text.HAL_CAN_ConfigFilter) for HAL_CAN_ConfigFilter
    bsp_can.o(.text.CanFilterInit) refers to bsp_can.o(.rodata.str1.1) for .Lstr.9
    bsp_can.o(.text.CanFilterInit) refers to main.o(.text.Error_Handler) for Error_Handler
    bsp_can.o(.text.CanFilterInit) refers to stm32f4xx_hal_can.o(.text.HAL_CAN_Start) for HAL_CAN_Start
    bsp_can.o(.text.CanFilterInit) refers to stm32f4xx_hal_can.o(.text.HAL_CAN_ActivateNotification) for HAL_CAN_ActivateNotification
    bsp_can.o(.ARM.exidx.text.CanFilterInit) refers to bsp_can.o(.text.CanFilterInit) for [Anonymous Symbol]
    bsp_can.o(.ARM.exidx.text.carDataUpdate) refers to bsp_can.o(.text.carDataUpdate) for [Anonymous Symbol]
    main.o(.text) refers (Special) to _printf_percent.o(.ARM.Collect$$_printf_percent$$00000000) for _printf_percent
    main.o(.text) refers (Special) to _printf_pad.o(.text) for _printf_pre_padding
    main.o(.text) refers (Special) to _printf_x.o(.ARM.Collect$$_printf_percent$$0000000C) for _printf_x
    main.o(.text) refers (Special) to _printf_hex_int.o(.text) for _printf_longlong_hex
[...]
    .L.str.22                                0x08005223   Data          18  bsp_bc260y.o(.rodata.str1.1)
    .Lstr.29                                 0x08005235   Data          27  bsp_bc260y.o(.rodata.str1.1)
    .Lstr                                    0x08005250   Data          64  bsp_bc260y.o(.rodata.str1.1)
    .Lstr.28                                 0x08005290   Data          58  bsp_bc260y.o(.rodata.str1.1)
    .L.str.13                                0x080052ca   Data          45  bsp_bc260y.o(.rodata.str1.1)
    .L.str.14                                0x080052f7   Data          43  bsp_bc260y.o(.rodata.str1.1)
    .L.str.8                                 0x08005322   Data          13  bsp_bc260y.o(.rodata.str1.1)
    .L.str.12                                0x0800532f   Data           7  bsp_bc260y.o(.rodata.str1.1)
    .L.str.15                                0x08005336   Data           6  bsp_bc260y.o(.rodata.str1.1)
    .L.str.11                                0x0800533c   Data          35  bsp_bc260y.o(.rodata.str1.1)
    .L__const.jsonPack.json                  0x08005360   Data         236  bsp_bc260y.o(.rodata.str1.4)
    [Anonymous Symbol]                       0x08005360   Section        0  bsp_bc260y.o(.rodata.str1.4)
    locale$$data                             0x0800546c   Section      272  lc_ctype_c.o(locale$$data)
    __lcctype_c_name                         0x08005470   Data           2  lc_ctype_c.o(locale$$data)
    __lcctype_c_start                        0x08005478   Data           0  lc_ctype_c.o(locale$$data)
    __lcctype_c_end                          0x0800557c   Data           0  lc_ctype_c.o(locale$$data)
    .data                                    0x20000000   Section        4  stdio_streams.o(.data)
    .data                                    0x20000004   Section        4  stdio_streams.o(.data)
    .data                                    0x20000008   Section        4  stdio_streams.o(.data)
    .L_MergedGlobals                         0x2000000c   Data           8  stm32f4xx_hal.o(.data..L_MergedGlobals)
    [Anonymous Symbol]                       0x2000000c   Section        0  stm32f4xx_hal.o(.data..L_MergedGlobals)
    .bss                                     0x20000018   Section       84  stdio_streams.o(.bss)
    .bss                                     0x2000006c   Section       84  stdio_streams.o(.bss)
    .bss                                     0x200000c0   Section       84  stdio_streams.o(.bss)
    .bss                                     0x20000114   Section       96  libspace.o(.bss)
    .L_MergedGlobals                         0x20000174   Data          72  usart.o(.bss..L_MergedGlobals)
    [Anonymous Symbol]                       0x20000174   Section        0  usart.o(.bss..L_MergedGlobals)
    .L_MergedGlobals                         0x200001bc   Data           5  bsp_bc260y.o(.bss..L_MergedGlobals)
    [Anonymous Symbol]                       0x200001bc   Section        0  bsp_bc260y.o(.bss..L_MergedGlobals)
    RGB_buffur                               0x200002c4   Data        1312  bsp_ws2812b.o(.bss.RGB_buffur)
    [Anonymous Symbol]                       0x200002c4   Section        0  bsp_ws2812b.o(.bss.RGB_buffur)
    RxMessage                                0x200009e4   Data          28  main.o(.bss.RxMessage)
    [Anonymous Symbol]                       0x200009e4   Section        0  main.o(.bss.RxMessage)
    Heap_Mem                                 0x20000b30   Data         512  startup_stm32f407xx.o(HEAP)
    HEAP                                     0x20000b30   Section      512  startup_stm32f407xx.o(HEAP)
    Stack_Mem                                0x20000d30   Data        1024  startup_stm32f407xx.o(STACK)
    STACK                                    0x20000d30   Section     1024  startup_stm32f407xx.o(STACK)
    __initial_sp                             0x20001130   Data           0  startup_stm32f407xx.o(STACK)

    Global Symbols

    Symbol Name                              Value     Ov Type        Size  Object(Section)

    BuildAttributes$$THM_ISAv4$E$P$D$K$B$S$7EM$VFPi3$EXTD16$VFPS$VFMA$PE$A:L22UL41UL21$X:L11$S22US41US21$IEEE1$IW$~IW$USESV6$~STKCKD$USESV7$~SHL$OTIME$ROPI$EBA8$UX$STANDARDLIB$REQ8$PRES8$EABIv2 0x00000000   Number         0  anon$$obj.o ABSOLUTE
    _printf_flags                            0x00000000   Number         0  printf_stubs.o ABSOLUTE
    _printf_return_value                     0x00000000   Number         0  printf_stubs.o ABSOLUTE
    _printf_sizespec                         0x00000000   Number         0  printf_stubs.o ABSOLUTE
    _printf_widthprec                        0x00000000   Number         0  printf_stubs.o ABSOLUTE
    __ARM_exceptions_init                     - Undefined Weak Reference
    __alloca_initialize                       - Undefined Weak Reference
    __arm_preinit_                            - Undefined Weak Reference
    __arm_relocate_pie_                       - Undefined Weak Reference
    __cpp_initialize__aeabi_                  - Undefined Weak Reference
    __cxa_finalize                            - Undefined Weak Reference
    __sigvec_lookup                           - Undefined Weak Reference
    __user_heap_extent                        - Undefined Weak Reference
    _atexit_init                              - Undefined Weak Reference
    _call_atexit_fns                          - Undefined Weak Reference
    _clock_init                               - Undefined Weak Reference
    _fp_trap_init                             - Undefined Weak Reference
    _fp_trap_shutdown                         - Undefined Weak Reference
    _get_lc_collate                           - Undefined Weak Reference
    _get_lc_monetary                          - Undefined Weak Reference
    _get_lc_numeric                           - Undefined Weak Reference
    _get_lc_time                              - Undefined Weak Reference
    _getenv_init                              - Undefined Weak Reference
    _handle_redirection                       - Undefined Weak Reference
    _mutex_acquire                            - Undefined Weak Reference
    _mutex_free                               - Undefined Weak Reference
    _mutex_release                            - Undefined Weak Reference
    _printf_mbtowc                            - Undefined Weak Reference
    _printf_wc                                - Undefined Weak Reference
    _rand_init                                - Undefined Weak Reference
    _signal_finish                            - Undefined Weak Reference
    _signal_init                              - Undefined Weak Reference
    __Vectors_Size                           0x00000188   Number         0  startup_stm32f407xx.o ABSOLUTE
    __Vectors                                0x08000000   Data           4  startup_stm32f407xx.o(RESET)
    __Vectors_End                            0x08000188   Data           0  startup_stm32f407xx.o(RESET)
    __main                                   0x08000189   Thumb Code     8  __main.o(!!!main)
    __scatterload                            0x08000191   Thumb Code     0  __scatter.o(!!!scatter)
    __scatterload_rt2                        0x08000191   Thumb Code    44  __scatter.o(!!!scatter)
    __scatterload_rt2_thumb_only             0x08000191   Thumb Code     0  __scatter.o(!!!scatter)
    __scatterload_null                       0x0800019f   Thumb Code     0  __scatter.o(!!!scatter)
    __scatterload_copy                       0x080001c5   Thumb Code    26  __scatter_copy.o(!!handler_copy)
    __scatterload_zeroinit                   0x080001e1   Thumb Code    28  __scatter_zi.o(!!handler_zi)
    _printf_i                                0x080001fd   Thumb Code     0  _printf_i.o(.ARM.Collect$$_printf_percent$$00000008)
    _printf_percent                          0x080001fd   Thumb Code     0  _printf_percent.o(.ARM.Collect$$_printf_percent$$00000000)
    _printf_d                                0x08000203   Thumb Code     0  _printf_d.o(.ARM.Collect$$_printf_percent$$00000009)
    _printf_u                                0x08000209   Thumb Code     0  _printf_u.o(.ARM.Collect$$_printf_percent$$0000000A)
    _printf_o                                0x0800020f   Thumb Code     0  _printf_o.o(.ARM.Collect$$_printf_percent$$0000000B)
    _printf_x                                0x08000215   Thumb Code     0  _printf_x.o(.ARM.Collect$$_printf_percent$$0000000C)
    _printf_l                                0x0800021b   Thumb Code     0  _printf_l.o(.ARM.Collect$$_printf_percent$$00000012)
    _printf_c                                0x08000225   Thumb Code     0  _printf_c.o(.ARM.Collect$$_printf_percent$$00000013)
    _printf_s                                0x0800022b   Thumb Code     0  _printf_s.o(.ARM.Collect$$_printf_percent$$00000014)
    _printf_lc                               0x08000231   Thumb Code     0  _printf_lc.o(.ARM.Collect$$_printf_percent$$00000015)
    _printf_percent_end                      0x08000237   Thumb Code     0  _printf_percent_end.o(.ARM.Collect$$_printf_percent$$00000017)
    __rt_lib_init                            0x0800023b   Thumb Code     0  libinit.o(.ARM.Collect$$libinit$$00000000)
    __rt_lib_init_fp_1                       0x0800023d   Thumb Code     0  libinit2.o(.ARM.Collect$$libinit$$00000001)
    __rt_lib_init_heap_2                     0x08000241   Thumb Code     0  libinit2.o(.ARM.Collect$$libinit$$00000007)
    __rt_lib_init_preinit_1                  0x08000241   Thumb Code     0  libinit2.o(.ARM.Collect$$libinit$$00000006)
    __rt_lib_init_relocate_pie_1             0x08000241   Thumb Code     0  libinit2.o(.ARM.Collect$$libinit$$00000004)
    __rt_lib_init_heap_1                     0x08000249   Thumb Code     0  libinit2.o(.ARM.Collect$$libinit$$0000000C)
    __rt_lib_init_lc_common                  0x08000249   Thumb Code     0  libinit2.o(.ARM.Collect$$libinit$$00000011)
    __rt_lib_init_rand_1                     0x08000249   Thumb Code     0  libinit2.o(.ARM.Collect$$libinit$$00000010)
    __rt_lib_init_user_alloc_1               0x08000249   Thumb Code     0  libinit2.o(.ARM.Collect$$libinit$$0000000E)
    __rt_lib_init_lc_collate_1               0x0800024f   Thumb Code     0  libinit2.o(.ARM.Collect$$libinit$$00000013)
    __rt_lib_init_lc_ctype_2                 0x0800024f   Thumb Code     0  libinit2.o(.ARM.Collect$$libinit$$00000014)
    __rt_lib_init_atexit_1                   0x0800025b   Thumb Code     0  libinit2.o(.ARM.Collect$$libinit$$0000001D)
    __rt_lib_init_clock_1                    0x0800025b   Thumb Code     0  libinit2.o(.ARM.Collect$$libinit$$00000023)
    __rt_lib_init_fp_trap_1                  0x0800025b   Thumb Code     0  libinit2.o(.ARM.Collect$$libinit$$00000021)
    __rt_lib_init_getenv_1                   0x0800025b   Thumb Code     0  libinit2.o(.ARM.Collect$$libinit$$00000025)
    __rt_lib_init_lc_ctype_1                 0x0800025b   Thumb Code     0  libinit2.o(.ARM.Collect$$libinit$$00000015)
    __rt_lib_init_lc_monetary_1              0x0800025b   Thumb Code     0  libinit2.o(.ARM.Collect$$libinit$$00000017)
    __rt_lib_init_lc_numeric_1               0x0800025b   Thumb Code     0  libinit2.o(.ARM.Collect$$libinit$$00000019)
    __rt_lib_init_lc_time_1                  0x0800025b   Thumb Code     0  libinit2.o(.ARM.Collect$$libinit$$0000001B)
    __rt_lib_init_signal_1                   0x0800025b   Thumb Code     0  libinit2.o(.ARM.Collect$$libinit$$0000001F)
    __rt_lib_init_stdio_2                    0x0800025b   Thumb Code     0  libinit2.o(.ARM.Collect$$libinit$$00000026)
    __rt_lib_init_alloca_1                   0x0800025f   Thumb Code     0  libinit2.o(.ARM.Collect$$libinit$$00000030)
    __rt_lib_init_argv_1                     0x0800025f   Thumb Code     0  libinit2.o(.ARM.Collect$$libinit$$0000002E)
    __rt_lib_init_cpp_1                      0x0800025f   Thumb Code     0  libinit2.o(.ARM.Collect$$libinit$$00000034)
    __rt_lib_init_exceptions_1               0x0800025f   Thumb Code     0  libinit2.o(.ARM.Collect$$libinit$$00000032)
    __rt_lib_init_return                     0x0800025f   Thumb Code     0  libinit2.o(.ARM.Collect$$libinit$$00000035)
    __rt_lib_init_stdio_1                    0x0800025f   Thumb Code     0  libinit2.o(.ARM.Collect$$libinit$$00000027)
    __rt_lib_shutdown                        0x08000261   Thumb Code     0  libshutdown.o(.ARM.Collect$$libshutdown$$00000000)
    __rt_lib_shutdown_cpp_1                  0x08000263   Thumb Code     0  libshutdown2.o(.ARM.Collect$$libshutdown$$00000002)
    __rt_lib_shutdown_stdio_2                0x08000263   Thumb Code     0  libshutdown2.o(.ARM.Collect$$libshutdown$$00000003)
    __rt_lib_shutdown_fp_trap_1              0x08000267   Thumb Code     0  libshutdown2.o(.ARM.Collect$$libshutdown$$00000007)
    __rt_lib_shutdown_heap_1                 0x08000267   Thumb Code     0  libshutdown2.o(.ARM.Collect$$libshutdown$$0000000F)
    __rt_lib_shutdown_return                 0x08000267   Thumb Code     0  libshutdown2.o(.ARM.Collect$$libshutdown$$00000010)
    __rt_lib_shutdown_signal_1               0x08000267   Thumb Code     0  libshutdown2.o(.ARM.Collect$$libshutdown$$0000000A)
    __rt_lib_shutdown_stdio_1                0x08000267   Thumb Code     0  libshutdown2.o(.ARM.Collect$$libshutdown$$00000004)
    __rt_lib_shutdown_user_alloc_1           0x08000267   Thumb Code     0  libshutdown2.o(.ARM.Collect$$libshutdown$$0000000C)
    __rt_entry                               0x08000269   Thumb Code     0  __rtentry.o(.ARM.Collect$$rtentry$$00000000)
    __rt_entry_presh_1                       0x08000269   Thumb Code     0  __rtentry2.o(.ARM.Collect$$rtentry$$00000002)
    __rt_entry_sh                            0x08000269   Thumb Code     0  __rtentry4.o(.ARM.Collect$$rtentry$$00000004)
    __rt_entry_li                            0x0800026f   Thumb Code     0  __rtentry2.o(.ARM.Collect$$rtentry$$0000000A)
    __rt_entry_postsh_1                      0x0800026f   Thumb Code     0  __rtentry2.o(.ARM.Collect$$rtentry$$00000009)
    __rt_entry_main                          0x08000273   Thumb Code     0  __rtentry2.o(.ARM.Collect$$rtentry$$0000000D)
    __rt_entry_postli_1                      0x08000273   Thumb Code     0  __rtentry2.o(.ARM.Collect$$rtentry$$0000000C)
    __rt_exit                                0x0800027b   Thumb Code     0  rtexit.o(.ARM.Collect$$rtexit$$00000000)
    __rt_exit_ls                             0x0800027d   Thumb Code     0  rtexit2.o(.ARM.Collect$$rtexit$$00000003)
    __rt_exit_prels_1                        0x0800027d   Thumb Code     0  rtexit2.o(.ARM.Collect$$rtexit$$00000002)
    __rt_exit_exit                           0x08000281   Thumb Code     0  rtexit2.o(.ARM.Collect$$rtexit$$00000004)
    Reset_Handler                            0x08000289   Thumb Code     8  startup_stm32f407xx.o(.text)
    ADC_IRQHandler                           0x080002a3   Thumb Code     0  startup_stm32f407xx.o(.text)
    CAN1_RX1_IRQHandler                      0x080002a3   Thumb Code     0  startup_stm32f407xx.o(.text)
    CAN1_SCE_IRQHandler                      0x080002a3   Thumb Code     0  startup_stm32f407xx.o(.text)
    CAN1_TX_IRQHandler                       0x080002a3   Thumb Code     0  startup_stm32f407xx.o(.text)
    CAN2_RX0_IRQHandler                      0x080002a3   Thumb Code     0  startup_stm32f407xx.o(.text)
    CAN2_RX1_IRQHandler                      0x080002a3   Thumb Code     0  startup_stm32f407xx.o(.text)
    CAN2_SCE_IRQHandler                      0x080002a3   Thumb Code     0  startup_stm32f407xx.o(.text)
    CAN2_TX_IRQHandler                       0x080002a3   Thumb Code     0  startup_stm32f407xx.o(.text)
    DCMI_IRQHandler                          0x080002a3   Thumb Code     0  startup_stm32f407xx.o(.text)
    DMA1_Stream0_IRQHandler                  0x080002a3   Thumb Code     0  startup_stm32f407xx.o(.text)
    DMA1_Stream1_IRQHandler                  0x080002a3   Thumb Code     0  startup_stm32f407xx.o(.text)
    DMA1_Stream2_IRQHandler                  0x080002a3   Thumb Code     0  startup_stm32f407xx.o(.text)
    DMA1_Stream3_IRQHandler                  0x080002a3   Thumb Code     0  startup_stm32f407xx.o(.text)
    DMA1_Stream4_IRQHandler                  0x080002a3   Thumb Code     0  startup_stm32f407xx.o(.text)
    DMA1_Stream5_IRQHandler                  0x080002a3   Thumb Code     0  startup_stm32f407xx.o(.text)
    DMA1_Stream6_IRQHandler                  0x080002a3   Thumb Code     0  startup_stm32f407xx.o(.text)
    DMA1_Stream7_IRQHandler                  0x080002a3   Thumb Code     0  startup_stm32f407xx.o(.text)
    DMA2_Stream0_IRQHandler                  0x080002a3   Thumb Code     0  startup_stm32f407xx.o(.text)
    DMA2_Stream2_IRQHandler                  0x080002a3   Thumb Code     0  startup_stm32f407xx.o(.text)
    DMA2_Stream3_IRQHandler                  0x080002a3   Thumb Code     0  startup_stm32f407xx.o(.text)
    DMA2_Stream4_IRQHandler                  0x080002a3   Thumb Code     0  startup_stm32f407xx.o(.text)
    DMA2_Stream5_IRQHandler                  0x080002a3   Thumb Code     0  startup_stm32f407xx.o(.text)
    DMA2_Stream6_IRQHandler                  0x080002a3   Thumb Code     0  startup_stm32f407xx.o(.text)
    DMA2_Stream7_IRQHandler                  0x080002a3   Thumb Code     0  startup_stm32f407xx.o(.text)
    ETH_IRQHandler                           0x080002a3   Thumb Code     0  startup_stm32f407xx.o(.text)
    ETH_WKUP_IRQHandler                      0x080002a3   Thumb Code     0  startup_stm32f407xx.o(.text)
    EXTI0_IRQHandler                         0x080002a3   Thumb Code     0  startup_stm32f407xx.o(.text)
    EXTI15_10_IRQHandler                     0x080002a3   Thumb Code     0  startup_stm32f407xx.o(.text)
    EXTI1_IRQHandler                         0x080002a3   Thumb Code     0  startup_stm32f407xx.o(.text)
    EXTI2_IRQHandler                         0x080002a3   Thumb Code     0  startup_stm32f407xx.o(.text)
    EXTI3_IRQHandler                         0x080002a3   Thumb Code     0  startup_stm32f407xx.o(.text)
    EXTI4_IRQHandler                         0x080002a3   Thumb Code     0  startup_stm32f407xx.o(.text)
    EXTI9_5_IRQHandler                       0x080002a3   Thumb Code     0  startup_stm32f407xx.o(.text)
    FLASH_IRQHandler                         0x080002a3   Thumb Code     0  startup_stm32f407xx.o(.text)
    FMC_IRQHandler                           0x080002a3   Thumb Code     0  startup_stm32f407xx.o(.text)
    FPU_IRQHandler                           0x080002a3   Thumb Code     0  startup_stm32f407xx.o(.text)
    HASH_RNG_IRQHandler                      0x080002a3   Thumb Code     0  startup_stm32f407xx.o(.text)
    I2C1_ER_IRQHandler                       0x080002a3   Thumb Code     0  startup_stm32f407xx.o(.text)
    I2C1_EV_IRQHandler                       0x080002a3   Thumb Code     0  startup_stm32f407xx.o(.text)
    I2C2_ER_IRQHandler                       0x080002a3   Thumb Code     0  startup_stm32f407xx.o(.text)
    I2C2_EV_IRQHandler                       0x080002a3   Thumb Code     0  startup_stm32f407xx.o(.text)
    I2C3_ER_IRQHandler                       0x080002a3   Thumb Code     0  startup_stm32f407xx.o(.text)
    I2C3_EV_IRQHandler                       0x080002a3   Thumb Code     0  startup_stm32f407xx.o(.text)
    OTG_FS_IRQHandler                        0x080002a3   Thumb Code     0  startup_stm32f407xx.o(.text)
    OTG_FS_WKUP_IRQHandler                   0x080002a3   Thumb Code     0  startup_stm32f407xx.o(.text)
    OTG_HS_EP1_IN_IRQHandler                 0x080002a3   Thumb Code     0  startup_stm32f407xx.o(.text)
    OTG_HS_EP1_OUT_IRQHandler                0x080002a3   Thumb Code     0  startup_stm32f407xx.o(.text)
    OTG_HS_IRQHandler                        0x080002a3   Thumb Code     0  startup_stm32f407xx.o(.text)
    OTG_HS_WKUP_IRQHandler                   0x080002a3   Thumb Code     0  startup_stm32f407xx.o(.text)
    PVD_IRQHandler                           0x080002a3   Thumb Code     0  startup_stm32f407xx.o(.text)
    RCC_IRQHandler                           0x080002a3   Thumb Code     0  startup_stm32f407xx.o(.text)
    RTC_Alarm_IRQHandler                     0x080002a3   Thumb Code     0  startup_stm32f407xx.o(.text)
    RTC_WKUP_IRQHandler                      0x080002a3   Thumb Code     0  startup_stm32f407xx.o(.text)
    SDIO_IRQHandler                          0x080002a3   Thumb Code     0  startup_stm32f407xx.o(.text)
    SPI1_IRQHandler                          0x080002a3   Thumb Code     0  startup_stm32f407xx.o(.text)
    SPI2_IRQHandler                          0x080002a3   Thumb Code     0  startup_stm32f407xx.o(.text)
    SPI3_IRQHandler                          0x080002a3   Thumb Code     0  startup_stm32f407xx.o(.text)
    TAMP_STAMP_IRQHandler                    0x080002a3   Thumb Code     0  startup_stm32f407xx.o(.text)
    TIM1_BRK_TIM9_IRQHandler                 0x080002a3   Thumb Code     0  startup_stm32f407xx.o(.text)
    TIM1_CC_IRQHandler                       0x080002a3   Thumb Code     0  startup_stm32f407xx.o(.text)
    TIM1_TRG_COM_TIM11_IRQHandler            0x080002a3   Thumb Code     0  startup_stm32f407xx.o(.text)
    TIM1_UP_TIM10_IRQHandler                 0x080002a3   Thumb Code     0  startup_stm32f407xx.o(.text)
    TIM2_IRQHandler                          0x080002a3   Thumb Code     0  startup_stm32f407xx.o(.text)
    TIM3_IRQHandler                          0x080002a3   Thumb Code     0  startup_stm32f407xx.o(.text)
    TIM4_IRQHandler                          0x080002a3   Thumb Code     0  startup_stm32f407xx.o(.text)
    TIM5_IRQHandler                          0x080002a3   Thumb Code     0  startup_stm32f407xx.o(.text)
    TIM6_DAC_IRQHandler                      0x080002a3   Thumb Code     0  startup_stm32f407xx.o(.text)
    TIM7_IRQHandler                          0x080002a3   Thumb Code     0  startup_stm32f407xx.o(.text)
    TIM8_BRK_TIM12_IRQHandler                0x080002a3   Thumb Code     0  startup_stm32f407xx.o(.text)
    TIM8_CC_IRQHandler                       0x080002a3   Thumb Code     0  startup_stm32f407xx.o(.text)
    TIM8_TRG_COM_TIM14_IRQHandler            0x080002a3   Thumb Code     0  startup_stm32f407xx.o(.text)
    TIM8_UP_TIM13_IRQHandler                 0x080002a3   Thumb Code     0  startup_stm32f407xx.o(.text)
    UART4_IRQHandler                         0x080002a3   Thumb Code     0  startup_stm32f407xx.o(.text)
    UART5_IRQHandler                         0x080002a3   Thumb Code     0  startup_stm32f407xx.o(.text)
    USART2_IRQHandler                        0x080002a3   Thumb Code     0  startup_stm32f407xx.o(.text)
    USART6_IRQHandler                        0x080002a3   Thumb Code     0  startup_stm32f407xx.o(.text)
    WWDG_IRQHandler                          0x080002a3   Thumb Code     0  startup_stm32f407xx.o(.text)
    __user_initial_stackheap                 0x080002a5   Thumb Code     0  startup_stm32f407xx.o(.text)
    __aeabi_uldivmod                         0x080002c9   Thumb Code     0  lludivv7m.o(.text)
    _ll_udiv                                 0x080002c9   Thumb Code   240  lludivv7m.o(.text)
    __2printf                                0x080003b9   Thumb Code    20  noretval__2printf.o(.text)
    __2sprintf                               0x080003d1   Thumb Code    34  noretval__2sprintf.o(.text)
    _printf_pre_padding                      0x080003f9   Thumb Code    44  _printf_pad.o(.text)
    _printf_post_padding                     0x08000425   Thumb Code    34  _printf_pad.o(.text)
    _printf_truncate_signed                  0x08000447   Thumb Code    18  _printf_truncate.o(.text)
    _printf_truncate_unsigned                0x08000459   Thumb Code    18  _printf_truncate.o(.text)
    _printf_str                              0x0800046b   Thumb Code    82  _printf_str.o(.text)
    _printf_int_dec                          0x080004bd   Thumb Code   104  _printf_dec.o(.text)
    _printf_wctomb                           0x08000535   Thumb Code   182  _printf_wctomb.o(.text)
    _printf_int_oct                          0x080005f1   Thumb Code    74  _printf_oct_int.o(.text)
    _printf_longlong_oct                     0x080005f1   Thumb Code     0  _printf_oct_int.o(.text)
    _printf_int_hex                          0x08000645   Thumb Code    84  _printf_hex_int.o(.text)
    _printf_longlong_hex                     0x08000645   Thumb Code     0  _printf_hex_int.o(.text)
    __printf                                 0x0800069d   Thumb Code   388  __printf_flags_ss_wp.o(.text)
    putchar                                  0x08000825   Thumb Code     6  putchar.o(.text)
    puts                                     0x08000831   Thumb Code    40  puts.o(.text)
    strstr                                   0x0800085d   Thumb Code    36  strstr.o(.text)
    memcmp                                   0x08000881   Thumb Code    88  memcmp.o(.text)
    strcpy                                   0x080008d9   Thumb Code    72  strcpy.o(.text)
    __aeabi_memcpy4                          0x08000921   Thumb Code     0  rt_memcpy_w.o(.text)
    __aeabi_memcpy8                          0x08000921   Thumb Code     0  rt_memcpy_w.o(.text)
    __rt_memcpy_w                            0x08000921   Thumb Code   100  rt_memcpy_w.o(.text)
    _memcpy_lastbytes_aligned                0x08000969   Thumb Code     0  rt_memcpy_w.o(.text)
    __aeabi_memclr4                          0x08000985   Thumb Code     0  rt_memclr_w.o(.text)
    __aeabi_memclr8                          0x08000985   Thumb Code     0  rt_memclr_w.o(.text)
    __rt_memclr_w                            0x08000985   Thumb Code     0  rt_memclr_w.o(.text)
    _memset_w                                0x08000989   Thumb Code    74  rt_memclr_w.o(.text)
    strcmp                                   0x080009d9   Thumb Code   124  strcmpv7em.o(.text)
    __use_two_region_memory                  0x08000a55   Thumb Code     2  heapauxi.o(.text)
    __rt_heap_escrow                         0x08000a57   Thumb Code     2  heapauxi.o(.text)
    __rt_heap_expand                         0x08000a59   Thumb Code     2  heapauxi.o(.text)
    _printf_int_common                       0x08000a5b   Thumb Code   178  _printf_intcommon.o(.text)
    _printf_char_common                      0x08000b17   Thumb Code    32  _printf_char_common.o(.text)
    _sputc                                   0x08000b3d   Thumb Code    10  _sputc.o(.text)
    _printf_cs_common                        0x08000b47   Thumb Code    20  _printf_char.o(.text)
    _printf_char                             0x08000b5b   Thumb Code    16  _printf_char.o(.text)
    _printf_string                           0x08000b6b   Thumb Code     8  _printf_char.o(.text)
    _printf_char_file                        0x08000b75   Thumb Code    32  _printf_char_file.o(.text)
    _printf_lcs_common                       0x08000b99   Thumb Code    20  _printf_wchar.o(.text)
    _printf_wchar                            0x08000bad   Thumb Code    16  _printf_wchar.o(.text)
    _printf_wstring                          0x08000bbd   Thumb Code     8  _printf_wchar.o(.text)
    _c16rtomb                                0x08000bc5   Thumb Code    72  _c16rtomb.o(.text)
    _wcrtomb                                 0x08000bc5   Thumb Code     0  _c16rtomb.o(.text)
    __rt_ctype_table                         0x08000c0d   Thumb Code    16  rt_ctype_table.o(.text)
    ferror                                   0x08000c1d   Thumb Code     8  ferror.o(.text)
    _initio                                  0x08000c25   Thumb Code   210  initio.o(.text)
    _terminateio                             0x08000cf7   Thumb Code    56  initio.o(.text)
    __user_setup_stackheap                   0x08000d5d   Thumb Code    74  sys_stackheap_outer.o(.text)
    __rt_locale                              0x08000da9   Thumb Code     8  rt_locale_intlibspace.o(.text)
    free                                     0x08000db1   Thumb Code    78  h1_free.o(.text)
    setvbuf                                  0x08000dff   Thumb Code    70  setvbuf.o(.text)
    freopen                                  0x08000e45   Thumb Code   160  fopen.o(.text)
    fopen                                    0x08000ee5   Thumb Code    74  fopen.o(.text)
    _fclose_internal                         0x08000f35   Thumb Code    76  fclose.o(.text)
    fclose                                   0x08000f35   Thumb Code     0  fclose.o(.text)
    exit                                     0x08000f81   Thumb Code    18  exit.o(.text)
    __rt_SIGRTRED                            0x08000f93   Thumb Code    14  defsig_rtred_outer.o(.text)
    __user_libspace                          0x08000fa1   Thumb Code     8  libspace.o(.text)
    __user_perproc_libspace                  0x08000fa1   Thumb Code     0  libspace.o(.text)
    __user_perthread_libspace                0x08000fa1   Thumb Code     0  libspace.o(.text)
    __rt_heap_descriptor                     0x08000fa9   Thumb Code     8  rt_heap_descriptor_intlibspace.o(.text)
    __use_no_heap                            0x08000fb1   Thumb Code     2  hguard.o(.text)
    __heap$guard                             0x08000fb3   Thumb Code     2  hguard.o(.text)
    _terminate_user_alloc                    0x08000fb5   Thumb Code     2  init_alloc.o(.text)
    _init_user_alloc                         0x08000fb7   Thumb Code     2  init_alloc.o(.text)
    __Heap_Full                              0x08000fb9   Thumb Code    34  init_alloc.o(.text)
    __Heap_Broken                            0x08000fdb   Thumb Code     6  init_alloc.o(.text)
    _init_alloc                              0x08000fe1   Thumb Code    94  init_alloc.o(.text)
    malloc                                   0x0800103f   Thumb Code    94  h1_alloc.o(.text)
    _fseek                                   0x0800109d   Thumb Code   242  fseek.o(.text)
    fseek                                    0x0800109d   Thumb Code     0  fseek.o(.text)
    _seterr                                  0x08001195   Thumb Code    20  stdio.o(.text)
    _writebuf                                0x080011a9   Thumb Code    84  stdio.o(.text)
    _fflush                                  0x080011fd   Thumb Code    70  stdio.o(.text)
    _deferredlazyseek                        0x08001243   Thumb Code    60  stdio.o(.text)
    __sig_exit                               0x08001285   Thumb Code    10  defsig_exit.o(.text)
    __rt_SIGRTRED_inner                      0x08001291   Thumb Code    14  defsig_rtred_inner.o(.text)
    _sys_exit                                0x080012c5   Thumb Code     8  sys_exit.o(.text)
    __Heap_Initialize                        0x080012d1   Thumb Code    10  h1_init.o(.text)
    _maybe_terminate_alloc                   0x080012d1   Thumb Code     0  maybetermalloc1.o(.text)
    __Heap_DescSize                          0x080012db   Thumb Code     4  h1_init.o(.text)
    __Heap_ProvideMemory                     0x080012df   Thumb Code    52  h1_extend.o(.text)
    _ftell_internal                          0x08001313   Thumb Code    66  ftell.o(.text)
    ftell                                    0x08001313   Thumb Code     0  ftell.o(.text)
    __default_signal_display                 0x08001355   Thumb Code    50  defsig_general.o(.text)
    __rt_SIGRTMEM                            0x08001387   Thumb Code    14  defsig_rtmem_outer.o(.text)
    _ttywrch                                 0x08001395   Thumb Code    14  sys_wrch.o(.text)
    __I$use$semihosting                      0x080013a3   Thumb Code     0  use_no_semi.o(.text)
    __use_no_semihosting_swi                 0x080013a3   Thumb Code     2  use_no_semi.o(.text)
    __aeabi_errno_addr                       0x080013a5   Thumb Code     8  rt_errno_addr_intlibspace.o(.text)
    __errno$intlibspace                      0x080013a5   Thumb Code     0  rt_errno_addr_intlibspace.o(.text)
    __rt_errno_addr$intlibspace              0x080013a5   Thumb Code     0  rt_errno_addr_intlibspace.o(.text)
    __semihosting_library_function           0x080013a5   Thumb Code     0  indicate_semi.o(.text)
    __rt_SIGRTMEM_inner                      0x080013ad   Thumb Code    22  defsig_rtmem_inner.o(.text)
    BC260Y_init                              0x080013fd   Thumb Code   504  bsp_bc260y.o(.text.BC260Y_init)
    BusFault_Handler                         0x0800160d   Thumb Code     2  stm32f4xx_it.o(.text.BusFault_Handler)
    CAN1_RX0_IRQHandler                      0x08001611   Thumb Code    12  stm32f4xx_it.o(.text.CAN1_RX0_IRQHandler)
    DMA2_Stream1_IRQHandler                  0x0800161d   Thumb Code    12  stm32f4xx_it.o(.text.DMA2_Stream1_IRQHandler)
    DebugMon_Handler                         0x08001629   Thumb Code     2  stm32f4xx_it.o(.text.DebugMon_Handler)
    Error_Handler                            0x0800162d   Thumb Code    10  main.o(.text.Error_Handler)
    HAL_CAN_ErrorCallback                    0x08001639   Thumb Code     2  stm32f4xx_hal_can.o(.text.HAL_CAN_ErrorCallback)
    HAL_CAN_GetRxMessage                     0x0800163d   Thumb Code   286  stm32f4xx_hal_can.o(.text.HAL_CAN_GetRxMessage)
    HAL_CAN_IRQHandler                       0x0800175d   Thumb Code   606  stm32f4xx_hal_can.o(.text.HAL_CAN_IRQHandler)
    HAL_CAN_Init                             0x080019bd   Thumb Code   244  stm32f4xx_hal_can.o(.text.HAL_CAN_Init)
    HAL_CAN_MspInit                          0x08001ab1   Thumb Code   124  can.o(.text.HAL_CAN_MspInit)
    HAL_CAN_RxFifo0FullCallback              0x08001b2d   Thumb Code     2  stm32f4xx_hal_can.o(.text.HAL_CAN_RxFifo0FullCallback)
    HAL_CAN_RxFifo0MsgPendingCallback        0x08001b31   Thumb Code   116  main.o(.text.HAL_CAN_RxFifo0MsgPendingCallback)
    HAL_CAN_RxFifo1FullCallback              0x08001c2d   Thumb Code     2  stm32f4xx_hal_can.o(.text.HAL_CAN_RxFifo1FullCallback)
    HAL_CAN_RxFifo1MsgPendingCallback        0x08001c31   Thumb Code     2  stm32f4xx_hal_can.o(.text.HAL_CAN_RxFifo1MsgPendingCallback)
    HAL_CAN_SleepCallback                    0x08001c35   Thumb Code     2  stm32f4xx_hal_can.o(.text.HAL_CAN_SleepCallback)
    HAL_CAN_TxMailbox0AbortCallback          0x08001c39   Thumb Code     2  stm32f4xx_hal_can.o(.text.HAL_CAN_TxMailbox0AbortCallback)
    HAL_CAN_TxMailbox0CompleteCallback       0x08001c3d   Thumb Code     2  stm32f4xx_hal_can.o(.text.HAL_CAN_TxMailbox0CompleteCallback)
    HAL_CAN_TxMailbox1AbortCallback          0x08001c41   Thumb Code     2  stm32f4xx_hal_can.o(.text.HAL_CAN_TxMailbox1AbortCallback)
    HAL_CAN_TxMailbox1CompleteCallback       0x08001c45   Thumb Code     2  stm32f4xx_hal_can.o(.text.HAL_CAN_TxMailbox1CompleteCallback)
    HAL_CAN_TxMailbox2AbortCallback          0x08001c49   Thumb Code     2  stm32f4xx_hal_can.o(.text.HAL_CAN_TxMailbox2AbortCallback)
    HAL_CAN_TxMailbox2CompleteCallback       0x08001c4d   Thumb Code     2  stm32f4xx_hal_can.o(.text.HAL_CAN_TxMailbox2CompleteCallback)
    HAL_CAN_WakeUpFromRxMsgCallback          0x08001c51   Thumb Code     2  stm32f4xx_hal_can.o(.text.HAL_CAN_WakeUpFromRxMsgCallback)
    HAL_DMA_Abort                            0x08001c55   Thumb Code   146  stm32f4xx_hal_dma.o(.text.HAL_DMA_Abort)
    HAL_DMA_Abort_IT                         0x08001ce9   Thumb Code    36  stm32f4xx_hal_dma.o(.text.HAL_DMA_Abort_IT)
    HAL_DMA_IRQHandler                       0x08001d0d   Thumb Code   448  stm32f4xx_hal_dma.o(.text.HAL_DMA_IRQHandler)
    HAL_DMA_Init                             0x08001ecd   Thumb Code   354  stm32f4xx_hal_dma.o(.text.HAL_DMA_Init)
    HAL_DMA_Start_IT                         0x08002031   Thumb Code   158  stm32f4xx_hal_dma.o(.text.HAL_DMA_Start_IT)
    HAL_Delay                                0x080020d1   Thumb Code    40  stm32f4xx_hal.o(.text.HAL_Delay)
    HAL_GPIO_Init                            0x080020f9   Thumb Code   442  stm32f4xx_hal_gpio.o(.text.HAL_GPIO_Init)
    HAL_GPIO_TogglePin                       0x080022b5   Thumb Code    16  stm32f4xx_hal_gpio.o(.text.HAL_GPIO_TogglePin)
    HAL_GPIO_WritePin                        0x080022c5   Thumb Code    10  stm32f4xx_hal_gpio.o(.text.HAL_GPIO_WritePin)
    HAL_GetTick                              0x080022d1   Thumb Code    12  stm32f4xx_hal.o(.text.HAL_GetTick)
    HAL_IncTick                              0x080022dd   Thumb Code    26  stm32f4xx_hal.o(.text.HAL_IncTick)
    HAL_Init                                 0x080022f9   Thumb Code    54  stm32f4xx_hal.o(.text.HAL_Init)
    HAL_InitTick                             0x08002331   Thumb Code    72  stm32f4xx_hal.o(.text.HAL_InitTick)
    HAL_MspInit                              0x08002379   Thumb Code    56  stm32f4xx_hal_msp.o(.text.HAL_MspInit)
    HAL_NVIC_EnableIRQ                       0x080023b1   Thumb Code    32  stm32f4xx_hal_cortex.o(.text.HAL_NVIC_EnableIRQ)
    HAL_NVIC_SetPriority                     0x080023d1   Thumb Code    86  stm32f4xx_hal_cortex.o(.text.HAL_NVIC_SetPriority)
    HAL_NVIC_SetPriorityGrouping             0x08002429   Thumb Code    32  stm32f4xx_hal_cortex.o(.text.HAL_NVIC_SetPriorityGrouping)
    HAL_RCC_ClockConfig                      0x08002449   Thumb Code   352  stm32f4xx_hal_rcc.o(.text.HAL_RCC_ClockConfig)
    HAL_RCC_GetPCLK1Freq                     0x080025a9   Thumb Code    38  stm32f4xx_hal_rcc.o(.text.HAL_RCC_GetPCLK1Freq)
    HAL_RCC_GetPCLK2Freq                     0x080025d1   Thumb Code    38  stm32f4xx_hal_rcc.o(.text.HAL_RCC_GetPCLK2Freq)
    HAL_RCC_GetSysClockFreq                  0x080025f9   Thumb Code   108  stm32f4xx_hal_rcc.o(.text.HAL_RCC_GetSysClockFreq)
    HAL_RCC_OscConfig                        0x08002665   Thumb Code   888  stm32f4xx_hal_rcc.o(.text.HAL_RCC_OscConfig)
    HAL_SYSTICK_Config                       0x080029dd   Thumb Code    44  stm32f4xx_hal_cortex.o(.text.HAL_SYSTICK_Config)
    HAL_TIMEx_ConfigBreakDeadTime            0x08002a09   Thumb Code    76  stm32f4xx_hal_tim_ex.o(.text.HAL_TIMEx_ConfigBreakDeadTime)
    HAL_TIMEx_MasterConfigSynchronization    0x08002a55   Thumb Code   182  stm32f4xx_hal_tim_ex.o(.text.HAL_TIMEx_MasterConfigSynchronization)
    HAL_TIM_Base_Init                        0x08002b0d   Thumb Code    90  stm32f4xx_hal_tim.o(.text.HAL_TIM_Base_Init)
    HAL_TIM_Base_MspInit                     0x08002b69   Thumb Code   130  tim.o(.text.HAL_TIM_Base_MspInit)
    HAL_TIM_ConfigClockSource                0x08002bed   Thumb Code   412  stm32f4xx_hal_tim.o(.text.HAL_TIM_ConfigClockSource)
    HAL_TIM_ErrorCallback                    0x08002d89   Thumb Code     2  stm32f4xx_hal_tim.o(.text.HAL_TIM_ErrorCallback)
    HAL_TIM_PWM_ConfigChannel                0x08002d8d   Thumb Code   546  stm32f4xx_hal_tim.o(.text.HAL_TIM_PWM_ConfigChannel)
    HAL_TIM_PWM_Init                         0x08002fb1   Thumb Code    90  stm32f4xx_hal_tim.o(.text.HAL_TIM_PWM_Init)
    HAL_TIM_PWM_MspInit                      0x0800300d   Thumb Code     2  stm32f4xx_hal_tim.o(.text.HAL_TIM_PWM_MspInit)
    HAL_TIM_PWM_PulseFinishedCallback        0x08003011   Thumb Code    20  bsp_ws2812b.o(.text.HAL_TIM_PWM_PulseFinishedCallback)
    HAL_TIM_PWM_PulseFinishedHalfCpltCallback 0x08003025   Thumb Code     2  stm32f4xx_hal_tim.o(.text.HAL_TIM_PWM_PulseFinishedHalfCpltCallback)
    HAL_TIM_PWM_Start_DMA                    0x08003029   Thumb Code   638  stm32f4xx_hal_tim.o(.text.HAL_TIM_PWM_Start_DMA)
    HAL_TIM_PWM_Stop_DMA                     0x080032a9   Thumb Code   248  stm32f4xx_hal_tim.o(.text.HAL_TIM_PWM_Stop_DMA)
    HAL_UARTEx_RxEventCallback               0x080033a1   Thumb Code     2  stm32f4xx_hal_uart.o(.text.HAL_UARTEx_RxEventCallback)
    HAL_UART_ErrorCallback                   0x080033a5   Thumb Code     2  stm32f4xx_hal_uart.o(.text.HAL_UART_ErrorCallback)
    HAL_UART_GetState                        0x080033a9   Thumb Code    14  stm32f4xx_hal_uart.o(.text.HAL_UART_GetState)
    HAL_UART_IRQHandler                      0x080033b9   Thumb Code  1368  stm32f4xx_hal_uart.o(.text.HAL_UART_IRQHandler)
    HAL_UART_Init                            0x08003911   Thumb Code    94  stm32f4xx_hal_uart.o(.text.HAL_UART_Init)
    HAL_UART_MspInit                         0x08003971   Thumb Code   216  usart.o(.text.HAL_UART_MspInit)
    HAL_UART_Receive_IT                      0x08003a49   Thumb Code    94  stm32f4xx_hal_uart.o(.text.HAL_UART_Receive_IT)
    HAL_UART_RxCpltCallback                  0x08003aa9   Thumb Code   476  bsp_bc260y.o(.text.HAL_UART_RxCpltCallback)
    HAL_UART_Transmit                        0x08003c8d   Thumb Code   638  stm32f4xx_hal_uart.o(.text.HAL_UART_Transmit)
    HAL_UART_TxCpltCallback                  0x08003f0d   Thumb Code     2  stm32f4xx_hal_uart.o(.text.HAL_UART_TxCpltCallback)
    HardFault_Handler                        0x08003f11   Thumb Code     2  stm32f4xx_it.o(.text.HardFault_Handler)
    MX_CAN1_Init                             0x08003f15   Thumb Code    72  can.o(.text.MX_CAN1_Init)
    MX_DMA_Init                              0x08003f5d   Thumb Code    56  dma.o(.text.MX_DMA_Init)
    MX_GPIO_Init                             0x08003f95   Thumb Code   224  gpio.o(.text.MX_GPIO_Init)
    MX_TIM1_Init                             0x08004075   Thumb Code   322  tim.o(.text.MX_TIM1_Init)
    MX_USART1_UART_Init                      0x080041b9   Thumb Code    62  usart.o(.text.MX_USART1_UART_Init)
    MX_USART3_UART_Init                      0x080041f9   Thumb Code    60  usart.o(.text.MX_USART3_UART_Init)
    MemManage_Handler                        0x08004235   Thumb Code     2  stm32f4xx_it.o(.text.MemManage_Handler)
    NMI_Handler                              0x08004239   Thumb Code     2  stm32f4xx_it.o(.text.NMI_Handler)
    PendSV_Handler                           0x0800423d   Thumb Code     2  stm32f4xx_it.o(.text.PendSV_Handler)
    SVC_Handler                              0x08004241   Thumb Code     2  stm32f4xx_it.o(.text.SVC_Handler)
    SysTick_Handler                          0x08004245   Thumb Code     4  stm32f4xx_it.o(.text.SysTick_Handler)
    SystemClock_Config                       0x08004249   Thumb Code   176  main.o(.text.SystemClock_Config)
    SystemInit                               0x080042f9   Thumb Code    18  system_stm32f4xx.o(.text.SystemInit)
    TIM_Base_SetConfig                       0x0800430d   Thumb Code   316  stm32f4xx_hal_tim.o(.text.TIM_Base_SetConfig)
    TIM_DMADelayPulseHalfCplt                0x080044b5   Thumb Code    56  stm32f4xx_hal_tim.o(.text.TIM_DMADelayPulseHalfCplt)
    TIM_DMAError                             0x080044ed   Thumb Code    94  stm32f4xx_hal_tim.o(.text.TIM_DMAError)
    USART1_IRQHandler                        0x0800473d   Thumb Code    12  stm32f4xx_it.o(.text.USART1_IRQHandler)
    USART3_IRQHandler                        0x08004749   Thumb Code    12  stm32f4xx_it.o(.text.USART3_IRQHandler)
    UsageFault_Handler                       0x08004755   Thumb Code     2  stm32f4xx_it.o(.text.UsageFault_Handler)
    _sys_close                               0x08004759   Thumb Code    20  retarget_io.o(.text._sys_close)
    _sys_flen                                0x0800476d   Thumb Code     4  retarget_io.o(.text._sys_flen)
    _sys_istty                               0x08004771   Thumb Code    16  retarget_io.o(.text._sys_istty)
    _sys_open                                0x08004781   Thumb Code    98  retarget_io.o(.text._sys_open)
    _sys_seek                                0x080047e5   Thumb Code     6  retarget_io.o(.text._sys_seek)
    _sys_write                               0x080047ed   Thumb Code    42  retarget_io.o(.text._sys_write)
    cmdToBC26Y                               0x08004819   Thumb Code   790  bsp_bc260y.o(.text.cmdToBC26Y)
    fputc                                    0x08004b31   Thumb Code    50  usart.o(.text.fputc)
    jsonPack                                 0x08004b65   Thumb Code   202  bsp_bc260y.o(.text.jsonPack)
    main                                     0x08004c31   Thumb Code   166  main.o(.text.main)
    mqttServiceStartup                       0x08004cd9   Thumb Code   144  bsp_bc260y.o(.text.mqttServiceStartup)
    ws2812_blue                              0x08004de1   Thumb Code   824  bsp_ws2812b.o(.text.ws2812_blue)
    _is_digit                                0x08005119   Thumb Code    14  __printf_wp.o(i._is_digit)
    _get_lc_ctype                            0x08005129   Thumb Code    44  lc_ctype_c.o(locale$$code)
    _fp_init                                 0x08005155   Thumb Code    26  fpinit.o(x$fpl$fpinit)
    __fplib_config_fpu_vfp                   0x0800516d   Thumb Code     0  fpinit.o(x$fpl$fpinit)
    __fplib_config_pureend_doubles           0x0800516d   Thumb Code     0  fpinit.o(x$fpl$fpinit)
    AHBPrescTable                            0x080051b1   Data          16  system_stm32f4xx.o(.rodata.AHBPrescTable)
    APBPrescTable                            0x080051c1   Data           8  system_stm32f4xx.o(.rodata.APBPrescTable)
    __stderr_name                            0x080051c9   Data           8  retarget_io.o(.rodata.__stderr_name)
    __stdin_name                             0x080051d1   Data           7  retarget_io.o(.rodata.__stdin_name)
    __stdout_name                            0x080051d8   Data           8  retarget_io.o(.rodata.__stdout_name)
    Region$$Table$$Base                      0x0800544c   Number         0  anon$$obj.o(Region$$Table)
    Region$$Table$$Limit                     0x0800546c   Number         0  anon$$obj.o(Region$$Table)
    __ctype                                  0x08005479   Data           0  lc_ctype_c.o(locale$$data)
    __aeabi_stdin                            0x20000000   Data           4  stdio_streams.o(.data)
    __aeabi_stdout                           0x20000004   Data           4  stdio_streams.o(.data)
    __aeabi_stderr                           0x20000008   Data           4  stdio_streams.o(.data)
    uwTickFreq                               0x2000000c   Data           1  stm32f4xx_hal.o(.data..L_MergedGlobals)
    uwTickPrio                               0x20000010   Data           4  stm32f4xx_hal.o(.data..L_MergedGlobals)
    SystemCoreClock                          0x20000014   Data           4  system_stm32f4xx.o(.data.SystemCoreClock)
    __stdin                                  0x20000018   Data          84  stdio_streams.o(.bss)
    __stdout                                 0x2000006c   Data          84  stdio_streams.o(.bss)
    __stderr                                 0x200000c0   Data          84  stdio_streams.o(.bss)
    __libspace_start                         0x20000114   Data          96  libspace.o(.bss)
    __temporary_stack_top$libspace           0x20000174   Data           0  libspace.o(.bss)
    usartTxFlag                              0x20000174   Data           1  usart.o(.bss..L_MergedGlobals)
    usartRxFlag                              0x20000175   Data           1  usart.o(.bss..L_MergedGlobals)
    huart1                                   0x20000178   Data          68  usart.o(.bss..L_MergedGlobals)
    Uart1_Rx_Cnt                             0x200001bc   Data           1  bsp_bc260y.o(.bss..L_MergedGlobals)
    Uart3_Rx_Cnt                             0x200001bd   Data           1  bsp_bc260y.o(.bss..L_MergedGlobals)
    okFlag                                   0x200001be   Data           1  bsp_bc260y.o(.bss..L_MergedGlobals)
    aRxBuffer1                               0x200001bf   Data           1  bsp_bc260y.o(.bss..L_MergedGlobals)
    aRxBuffer3                               0x200001c0   Data           1  bsp_bc260y.o(.bss..L_MergedGlobals)
    Buffer                                   0x200001c4   Data         256  bsp_bc260y.o(.bss.Buffer)
    RxBuffer1                                0x200007e4   Data         256  bsp_bc260y.o(.bss.RxBuffer1)
    RxBuffer3                                0x200008e4   Data         256  bsp_bc260y.o(.bss.RxBuffer3)
    hcan1                                    0x20000a00   Data          40  can.o(.bss.hcan1)
    hdma_tim1_ch1                            0x20000a28   Data          96  tim.o(.bss.hdma_tim1_ch1)
    htim1                                    0x20000a88   Data          72  tim.o(.bss.htim1)
    huart3                                   0x20000ad0   Data          68  usart.o(.bss.huart3)
    racingCarData                            0x20000b14   Data          17  bsp_can.o(.bss.racingCarData)
    uwTick                                   0x20000b28   Data           4  stm32f4xx_hal.o(.bss.uwTick)



==============================================================================

Memory Map of the image

  Image Entry point : 0x08000189

  Load Region LR_IROM1 (Base: 0x08000000, Size: 0x00005598, Max: 0x00080000, ABSOLUTE)

    Execution Region ER_IROM1 (Exec base: 0x08000000, Load base: 0x08000000, Size: 0x0000557c, Max: 0x00080000, ABSOLUTE)

    Exec Addr    Load Addr    Size         Type   Attr      Idx    E Section Name        Object

    0x08000000   0x08000000   0x00000188   Data   RO            3    RESET               startup_stm32f407xx.o
    0x08000188   0x08000188   0x00000008   Code   RO         1249  * !!!main             c_w.l(__main.o)
    0x08000190   0x08000190   0x00000034   Code   RO         1596    !!!scatter          c_w.l(__scatter.o)
    0x080001c4   0x080001c4   0x0000001a   Code   RO         1598    !!handler_copy      c_w.l(__scatter_copy.o)
    0x080001de   0x080001de   0x00000002   PAD
    0x080001e0   0x080001e0   0x0000001c   Code   RO         1600    !!handler_zi        c_w.l(__scatter_zi.o)
    0x080001fc   0x080001fc   0x00000000   Code   RO         1229    .ARM.Collect$$_printf_percent$$00000000  c_w.l(_printf_percent.o)
    0x080001fc   0x080001fc   0x00000006   Code   RO         1226    .ARM.Collect$$_printf_percent$$00000008  c_w.l(_printf_i.o)
    0x08000202   0x08000202   0x00000006   Code   RO         1227    .ARM.Collect$$_printf_percent$$00000009  c_w.l(_printf_d.o)
    0x08000208   0x08000208   0x00000006   Code   RO         1228    .ARM.Collect$$_printf_percent$$0000000A  c_w.l(_printf_u.o)
    0x0800020e   0x0800020e   0x00000006   Code   RO         1225    .ARM.Collect$$_printf_percent$$0000000B  c_w.l(_printf_o.o)
    0x08000214   0x08000214   0x00000006   Code   RO         1224    .ARM.Collect$$_printf_percent$$0000000C  c_w.l(_printf_x.o)
    0x0800021a   0x0800021a   0x0000000a   Code   RO         1269    .ARM.Collect$$_printf_percent$$00000012  c_w.l(_printf_l.o)
    0x08000224   0x08000224   0x00000006   Code   RO         1222    .ARM.Collect$$_printf_percent$$00000013  c_w.l(_printf_c.o)
    0x0800022a   0x0800022a   0x00000006   Code   RO         1223    .ARM.Collect$$_printf_percent$$00000014  c_w.l(_printf_s.o)
    0x08000230   0x08000230   0x00000006   Code   RO         1230    .ARM.Collect$$_printf_percent$$00000015  c_w.l(_printf_lc.o)
    0x08000236   0x08000236   0x00000004   Code   RO         1268    .ARM.Collect$$_printf_percent$$00000017  c_w.l(_printf_percent_end.o)
    0x0800023a   0x0800023a   0x00000002   Code   RO         1401    .ARM.Collect$$libinit$$00000000  c_w.l(libinit.o)
    0x0800023c   0x0800023c   0x00000004   Code   RO         1402    .ARM.Collect$$libinit$$00000001  c_w.l(libinit2.o)
    0x08000240   0x08000240   0x00000000   Code   RO         1405    .ARM.Collect$$libinit$$00000004  c_w.l(libinit2.o)
    0x08000240   0x08000240   0x00000000   Code   RO         1407    .ARM.Collect$$libinit$$00000006  c_w.l(libinit2.o)
    0x08000240   0x08000240   0x00000008   Code   RO         1408    .ARM.Collect$$libinit$$00000007  c_w.l(libinit2.o)
    0x08000248   0x08000248   0x00000000   Code   RO         1410    .ARM.Collect$$libinit$$0000000C  c_w.l(libinit2.o)
    0x08000248   0x08000248   0x00000000   Code   RO         1412    .ARM.Collect$$libinit$$0000000E  c_w.l(libinit2.o)
    0x08000248   0x08000248   0x00000000   Code   RO         1414    .ARM.Collect$$libinit$$00000010  c_w.l(libinit2.o)
    0x08000248   0x08000248   0x00000006   Code   RO         1415    .ARM.Collect$$libinit$$00000011  c_w.l(libinit2.o)
    0x0800024e   0x0800024e   0x00000000   Code   RO         1417    .ARM.Collect$$libinit$$00000013  c_w.l(libinit2.o)
    0x0800024e   0x0800024e   0x0000000c   Code   RO         1418    .ARM.Collect$$libinit$$00000014  c_w.l(libinit2.o)
    0x0800025a   0x0800025a   0x00000000   Code   RO         1419    .ARM.Collect$$libinit$$00000015  c_w.l(libinit2.o)
    0x0800025a   0x0800025a   0x00000000   Code   RO         1421    .ARM.Collect$$libinit$$00000017  c_w.l(libinit2.o)
    0x0800025a   0x0800025a   0x00000000   Code   RO         1423    .ARM.Collect$$libinit$$00000019  c_w.l(libinit2.o)
    0x0800025a   0x0800025a   0x00000000   Code   RO         1425    .ARM.Collect$$libinit$$0000001B  c_w.l(libinit2.o)
    0x0800025a   0x0800025a   0x00000000   Code   RO         1427    .ARM.Collect$$libinit$$0000001D  c_w.l(libinit2.o)
    0x0800025a   0x0800025a   0x00000000   Code   RO         1429    .ARM.Collect$$libinit$$0000001F  c_w.l(libinit2.o)
    0x0800025a   0x0800025a   0x00000000   Code   RO         1431    .ARM.Collect$$libinit$$00000021  c_w.l(libinit2.o)
    0x0800025a   0x0800025a   0x00000000   Code   RO         1433    .ARM.Collect$$libinit$$00000023  c_w.l(libinit2.o)
    0x0800025a   0x0800025a   0x00000000   Code   RO         1435    .ARM.Collect$$libinit$$00000025  c_w.l(libinit2.o)
    0x0800025a   0x0800025a   0x00000004   Code   RO         1436    .ARM.Collect$$libinit$$00000026  c_w.l(libinit2.o)
    0x0800025e   0x0800025e   0x00000000   Code   RO         1437    .ARM.Collect$$libinit$$00000027  c_w.l(libinit2.o)
    0x0800025e   0x0800025e   0x00000000   Code   RO         1441    .ARM.Collect$$libinit$$0000002E  c_w.l(libinit2.o)
    0x0800025e   0x0800025e   0x00000000   Code   RO         1443    .ARM.Collect$$libinit$$00000030  c_w.l(libinit2.o)
    0x0800025e   0x0800025e   0x00000000   Code   RO         1445    .ARM.Collect$$libinit$$00000032  c_w.l(libinit2.o)
    0x0800025e   0x0800025e   0x00000000   Code   RO         1447    .ARM.Collect$$libinit$$00000034  c_w.l(libinit2.o)
    0x0800025e   0x0800025e   0x00000002   Code   RO         1448    .ARM.Collect$$libinit$$00000035  c_w.l(libinit2.o)
    0x08000260   0x08000260   0x00000002   Code   RO         1577    .ARM.Collect$$libshutdown$$00000000  c_w.l(libshutdown.o)
    0x08000262   0x08000262   0x00000000   Code   RO         1450    .ARM.Collect$$libshutdown$$00000002  c_w.l(libshutdown2.o)
    0x08000262   0x08000262   0x00000004   Code   RO         1451    .ARM.Collect$$libshutdown$$00000003  c_w.l(libshutdown2.o)
    0x08000266   0x08000266   0x00000000   Code   RO         1452    .ARM.Collect$$libshutdown$$00000004  c_w.l(libshutdown2.o)
    0x08000266   0x08000266   0x00000000   Code   RO         1455    .ARM.Collect$$libshutdown$$00000007  c_w.l(libshutdown2.o)
    0x08000266   0x08000266   0x00000000   Code   RO         1458    .ARM.Collect$$libshutdown$$0000000A  c_w.l(libshutdown2.o)
    0x08000266   0x08000266   0x00000000   Code   RO         1460    .ARM.Collect$$libshutdown$$0000000C  c_w.l(libshutdown2.o)
    0x08000266   0x08000266   0x00000000   Code   RO         1463    .ARM.Collect$$libshutdown$$0000000F  c_w.l(libshutdown2.o)
    0x08000266   0x08000266   0x00000002   Code   RO         1464    .ARM.Collect$$libshutdown$$00000010  c_w.l(libshutdown2.o)
    0x08000268   0x08000268   0x00000000   Code   RO         1251    .ARM.Collect$$rtentry$$00000000  c_w.l(__rtentry.o)
    0x08000268   0x08000268   0x00000000   Code   RO         1279    .ARM.Collect$$rtentry$$00000002  c_w.l(__rtentry2.o)
    0x08000268   0x08000268   0x00000006   Code   RO         1291    .ARM.Collect$$rtentry$$00000004  c_w.l(__rtentry4.o)
    0x0800026e   0x0800026e   0x00000000   Code   RO         1281    .ARM.Collect$$rtentry$$00000009  c_w.l(__rtentry2.o)
    0x0800026e   0x0800026e   0x00000004   Code   RO         1282    .ARM.Collect$$rtentry$$0000000A  c_w.l(__rtentry2.o)
    0x08000272   0x08000272   0x00000000   Code   RO         1284    .ARM.Collect$$rtentry$$0000000C  c_w.l(__rtentry2.o)
    0x08000272   0x08000272   0x00000008   Code   RO         1285    .ARM.Collect$$rtentry$$0000000D  c_w.l(__rtentry2.o)
    0x0800027a   0x0800027a   0x00000002   Code   RO         1468    .ARM.Collect$$rtexit$$00000000  c_w.l(rtexit.o)
    0x0800027c   0x0800027c   0x00000000   Code   RO         1516    .ARM.Collect$$rtexit$$00000002  c_w.l(rtexit2.o)
    0x0800027c   0x0800027c   0x00000004   Code   RO         1517    .ARM.Collect$$rtexit$$00000003  c_w.l(rtexit2.o)
    0x08000280   0x08000280   0x00000006   Code   RO         1518    .ARM.Collect$$rtexit$$00000004  c_w.l(rtexit2.o)
    0x08000286   0x08000286   0x00000002   PAD
    0x08000288   0x08000288   0x00000040   Code   RO            4    .text               startup_stm32f407xx.o
    0x080002c8   0x080002c8   0x000000f0   Code   RO         1152    .text               c_w.l(lludivv7m.o)
    0x080003b8   0x080003b8   0x00000018   Code   RO         1158    .text               c_w.l(noretval__2printf.o)
    0x080003d0   0x080003d0   0x00000028   Code   RO         1160    .text               c_w.l(noretval__2sprintf.o)
    0x080003f8   0x080003f8   0x0000004e   Code   RO         1164    .text               c_w.l(_printf_pad.o)
    0x08000446   0x08000446   0x00000024   Code   RO         1166    .text               c_w.l(_printf_truncate.o)
    0x0800046a   0x0800046a   0x00000052   Code   RO         1168    .text               c_w.l(_printf_str.o)
    0x080004bc   0x080004bc   0x00000078   Code   RO         1170    .text               c_w.l(_printf_dec.o)
    0x08000534   0x08000534   0x000000bc   Code   RO         1172    .text               c_w.l(_printf_wctomb.o)
    0x080005f0   0x080005f0   0x00000054   Code   RO         1177    .text               c_w.l(_printf_oct_int.o)
    0x08000644   0x08000644   0x00000058   Code   RO         1184    .text               c_w.l(_printf_hex_int.o)
    0x0800069c   0x0800069c   0x00000188   Code   RO         1219    .text               c_w.l(__printf_flags_ss_wp.o)
    0x08000824   0x08000824   0x0000000c   Code   RO         1231    .text               c_w.l(putchar.o)
    0x08000830   0x08000830   0x0000002c   Code   RO         1233    .text               c_w.l(puts.o)
    0x0800085c   0x0800085c   0x00000024   Code   RO         1235    .text               c_w.l(strstr.o)
    0x08000880   0x08000880   0x00000058   Code   RO         1237    .text               c_w.l(memcmp.o)
    0x080008d8   0x080008d8   0x00000048   Code   RO         1239    .text               c_w.l(strcpy.o)
    0x08000920   0x08000920   0x00000064   Code   RO         1241    .text               c_w.l(rt_memcpy_w.o)
    0x08000984   0x08000984   0x0000004e   Code   RO         1243    .text               c_w.l(rt_memclr_w.o)
    0x080009d2   0x080009d2   0x00000006   PAD
    0x080009d8   0x080009d8   0x0000007c   Code   RO         1245    .text               c_w.l(strcmpv7em.o)
    0x08000a54   0x08000a54   0x00000006   Code   RO         1247    .text               c_w.l(heapauxi.o)
    0x08000a5a   0x08000a5a   0x000000b2   Code   RO         1256    .text               c_w.l(_printf_intcommon.o)
    0x08000b0c   0x08000b0c   0x00000030   Code   RO         1258    .text               c_w.l(_printf_char_common.o)
    0x08000b3c   0x08000b3c   0x0000000a   Code   RO         1260    .text               c_w.l(_sputc.o)
    0x08000b46   0x08000b46   0x0000002c   Code   RO         1262    .text               c_w.l(_printf_char.o)
    0x08000b72   0x08000b72   0x00000002   PAD
    0x08000b74   0x08000b74   0x00000024   Code   RO         1264    .text               c_w.l(_printf_char_file.o)
    0x08000b98   0x08000b98   0x0000002c   Code   RO         1266    .text               c_w.l(_printf_wchar.o)
    0x08000bc4   0x08000bc4   0x00000048   Code   RO         1276    .text               c_w.l(_c16rtomb.o)
    0x08000c0c   0x08000c0c   0x00000010   Code   RO         1293    .text               c_w.l(rt_ctype_table.o)
    0x08000c1c   0x08000c1c   0x00000008   Code   RO         1299    .text               c_w.l(ferror.o)
    0x08000c24   0x08000c24   0x00000138   Code   RO         1301    .text               c_w.l(initio.o)
    0x08000d5c   0x08000d5c   0x0000004a   Code   RO         1309    .text               c_w.l(sys_stackheap_outer.o)
    0x08000da6   0x08000da6   0x00000002   PAD
    0x08000da8   0x08000da8   0x00000008   Code   RO         1314    .text               c_w.l(rt_locale_intlibspace.o)
    0x08000db0   0x08000db0   0x0000004e   Code   RO         1318    .text               c_w.l(h1_free.o)
    0x08000dfe   0x08000dfe   0x00000046   Code   RO         1372    .text               c_w.l(setvbuf.o)
    0x08000e44   0x08000e44   0x000000f0   Code   RO         1375    .text               c_w.l(fopen.o)
    0x08000f34   0x08000f34   0x0000004c   Code   RO         1377    .text               c_w.l(fclose.o)
    0x08000f80   0x08000f80   0x00000012   Code   RO         1386    .text               c_w.l(exit.o)
    0x08000f92   0x08000f92   0x0000000e   Code   RO         1392    .text               c_w.l(defsig_rtred_outer.o)
    0x08000fa0   0x08000fa0   0x00000008   Code   RO         1465    .text               c_w.l(libspace.o)
    0x08000fa8   0x08000fa8   0x00000008   Code   RO         1475    .text               c_w.l(rt_heap_descriptor_intlibspace.o)
    0x08000fb0   0x08000fb0   0x00000004   Code   RO         1477    .text               c_w.l(hguard.o)
    0x08000fb4   0x08000fb4   0x0000008a   Code   RO         1479    .text               c_w.l(init_alloc.o)
    0x0800103e   0x0800103e   0x0000005e   Code   RO         1485    .text               c_w.l(h1_alloc.o)
    0x0800109c   0x0800109c   0x000000f8   Code   RO         1497    .text               c_w.l(fseek.o)
    0x08001194   0x08001194   0x000000f0   Code   RO         1499    .text               c_w.l(stdio.o)
    0x08001284   0x08001284   0x0000000a   Code   RO         1501    .text               c_w.l(defsig_exit.o)
    0x0800128e   0x0800128e   0x00000002   PAD
    0x08001290   0x08001290   0x00000034   Code   RO         1505    .text               c_w.l(defsig_rtred_inner.o)
    0x080012c4   0x080012c4   0x0000000c   Code   RO         1511    .text               c_w.l(sys_exit.o)
    0x080012d0   0x080012d0   0x00000000   Code   RO         1522    .text               c_w.l(maybetermalloc1.o)
    0x080012d0   0x080012d0   0x0000000e   Code   RO         1524    .text               c_w.l(h1_init.o)
    0x080012de   0x080012de   0x00000034   Code   RO         1526    .text               c_w.l(h1_extend.o)
    0x08001312   0x08001312   0x00000042   Code   RO         1532    .text               c_w.l(ftell.o)
    0x08001354   0x08001354   0x00000032   Code   RO         1536    .text               c_w.l(defsig_general.o)
    0x08001386   0x08001386   0x0000000e   Code   RO         1538    .text               c_w.l(defsig_rtmem_outer.o)
    0x08001394   0x08001394   0x0000000e   Code   RO         1551    .text               c_w.l(sys_wrch.o)
    0x080013a2   0x080013a2   0x00000002   Code   RO         1559    .text               c_w.l(use_no_semi.o)
    0x080013a4   0x080013a4   0x00000000   Code   RO         1561    .text               c_w.l(indicate_semi.o)
    0x080013a4   0x080013a4   0x00000008   Code   RO         1565    .text               c_w.l(rt_errno_addr_intlibspace.o)
    0x080013ac   0x080013ac   0x00000050   Code   RO         1571    .text               c_w.l(defsig_rtmem_inner.o)
    0x080013fc   0x080013fc   0x00000210   Code   RO         1078    .text.BC260Y_init   bsp_bc260y.o
    0x0800160c   0x0800160c   0x00000002   Code   RO          128    .text.BusFault_Handler  stm32f4xx_it.o
    0x0800160e   0x0800160e   0x00000002   PAD
    0x08001610   0x08001610   0x0000000c   Code   RO          140    .text.CAN1_RX0_IRQHandler  stm32f4xx_it.o
    0x0800161c   0x0800161c   0x0000000c   Code   RO          146    .text.DMA2_Stream1_IRQHandler  stm32f4xx_it.o
    0x08001628   0x08001628   0x00000002   Code   RO          134    .text.DebugMon_Handler  stm32f4xx_it.o
    0x0800162a   0x0800162a   0x00000002   PAD
    0x0800162c   0x0800162c   0x0000000a   Code   RO           36    .text.Error_Handler  main.o
    0x08001636   0x08001636   0x00000002   PAD
    0x08001638   0x08001638   0x00000002   Code   RO          227    .text.HAL_CAN_ErrorCallback  stm32f4xx_hal_can.o
    0x0800163a   0x0800163a   0x00000002   PAD
    0x0800163c   0x0800163c   0x0000011e   Code   RO          193    .text.HAL_CAN_GetRxMessage  stm32f4xx_hal_can.o
    0x0800175a   0x0800175a   0x00000002   PAD
    0x0800175c   0x0800175c   0x0000025e   Code   RO          201    .text.HAL_CAN_IRQHandler  stm32f4xx_hal_can.o
    0x080019ba   0x080019ba   0x00000002   PAD
    0x080019bc   0x080019bc   0x000000f4   Code   RO          163    .text.HAL_CAN_Init  stm32f4xx_hal_can.o
    0x08001ab0   0x08001ab0   0x0000007c   Code   RO           60    .text.HAL_CAN_MspInit  can.o
    0x08001b2c   0x08001b2c   0x00000002   Code   RO          215    .text.HAL_CAN_RxFifo0FullCallback  stm32f4xx_hal_can.o
    0x08001b2e   0x08001b2e   0x00000002   PAD
    0x08001b30   0x08001b30   0x000000fc   Code   RO           30    .text.HAL_CAN_RxFifo0MsgPendingCallback  main.o
    0x08001c2c   0x08001c2c   0x00000002   Code   RO          219    .text.HAL_CAN_RxFifo1FullCallback  stm32f4xx_hal_can.o
    0x08001c2e   0x08001c2e   0x00000002   PAD
    0x08001c30   0x08001c30   0x00000002   Code   RO          221    .text.HAL_CAN_RxFifo1MsgPendingCallback  stm32f4xx_hal_can.o
    0x08001c32   0x08001c32   0x00000002   PAD
    0x08001c34   0x08001c34   0x00000002   Code   RO          223    .text.HAL_CAN_SleepCallback  stm32f4xx_hal_can.o
    0x08001c36   0x08001c36   0x00000002   PAD
    0x08001c38   0x08001c38   0x00000002   Code   RO          205    .text.HAL_CAN_TxMailbox0AbortCallback  stm32f4xx_hal_can.o
    0x08001c3a   0x08001c3a   0x00000002   PAD
    0x08001c3c   0x08001c3c   0x00000002   Code   RO          203    .text.HAL_CAN_TxMailbox0CompleteCallback  stm32f4xx_hal_can.o
    0x08001c3e   0x08001c3e   0x00000002   PAD
    0x08001c40   0x08001c40   0x00000002   Code   RO          209    .text.HAL_CAN_TxMailbox1AbortCallback  stm32f4xx_hal_can.o
    0x08001c42   0x08001c42   0x00000002   PAD
    0x08001c44   0x08001c44   0x00000002   Code   RO          207    .text.HAL_CAN_TxMailbox1CompleteCallback  stm32f4xx_hal_can.o
    0x08001c46   0x08001c46   0x00000002   PAD
    0x08001c48   0x08001c48   0x00000002   Code   RO          213    .text.HAL_CAN_TxMailbox2AbortCallback  stm32f4xx_hal_can.o
    0x08001c4a   0x08001c4a   0x00000002   PAD
    0x08001c4c   0x08001c4c   0x00000002   Code   RO          211    .text.HAL_CAN_TxMailbox2CompleteCallback  stm32f4xx_hal_can.o
    0x08001c4e   0x08001c4e   0x00000002   PAD
    0x08001c50   0x08001c50   0x00000002   Code   RO          225    .text.HAL_CAN_WakeUpFromRxMsgCallback  stm32f4xx_hal_can.o
    0x08001c52   0x08001c52   0x00000002   PAD
    0x08001c54   0x08001c54   0x00000092   Code   RO          399    .text.HAL_DMA_Abort  stm32f4xx_hal_dma.o
    0x08001ce6   0x08001ce6   0x00000002   PAD
    0x08001ce8   0x08001ce8   0x00000024   Code   RO          401    .text.HAL_DMA_Abort_IT  stm32f4xx_hal_dma.o
    0x08001d0c   0x08001d0c   0x000001c0   Code   RO          405    .text.HAL_DMA_IRQHandler  stm32f4xx_hal_dma.o
    0x08001ecc   0x08001ecc   0x00000162   Code   RO          391    .text.HAL_DMA_Init  stm32f4xx_hal_dma.o
    0x0800202e   0x0800202e   0x00000002   PAD
    0x08002030   0x08002030   0x0000009e   Code   RO          397    .text.HAL_DMA_Start_IT  stm32f4xx_hal_dma.o
    0x080020ce   0x080020ce   0x00000002   PAD
    0x080020d0   0x080020d0   0x00000028   Code   RO          552    .text.HAL_Delay     stm32f4xx_hal.o
    0x080020f8   0x080020f8   0x000001ba   Code   RO          353    .text.HAL_GPIO_Init  stm32f4xx_hal_gpio.o
    0x080022b2   0x080022b2   0x00000002   PAD
    0x080022b4   0x080022b4   0x00000010   Code   RO          361    .text.HAL_GPIO_TogglePin  stm32f4xx_hal_gpio.o
    0x080022c4   0x080022c4   0x0000000a   Code   RO          359    .text.HAL_GPIO_WritePin  stm32f4xx_hal_gpio.o
    0x080022ce   0x080022ce   0x00000002   PAD
    0x080022d0   0x080022d0   0x0000000c   Code   RO          544    .text.HAL_GetTick   stm32f4xx_hal.o
    0x080022dc   0x080022dc   0x0000001a   Code   RO          542    .text.HAL_IncTick   stm32f4xx_hal.o
    0x080022f6   0x080022f6   0x00000002   PAD
    0x080022f8   0x080022f8   0x00000036   Code   RO          532    .text.HAL_Init      stm32f4xx_hal.o
    0x0800232e   0x0800232e   0x00000002   PAD
    0x08002330   0x08002330   0x00000048   Code   RO          534    .text.HAL_InitTick  stm32f4xx_hal.o
    0x08002378   0x08002378   0x00000038   Code   RO          155    .text.HAL_MspInit   stm32f4xx_hal_msp.o
    0x080023b0   0x080023b0   0x00000020   Code   RO          490    .text.HAL_NVIC_EnableIRQ  stm32f4xx_hal_cortex.o
    0x080023d0   0x080023d0   0x00000056   Code   RO          488    .text.HAL_NVIC_SetPriority  stm32f4xx_hal_cortex.o
    0x08002426   0x08002426   0x00000002   PAD
    0x08002428   0x08002428   0x00000020   Code   RO          486    .text.HAL_NVIC_SetPriorityGrouping  stm32f4xx_hal_cortex.o
    0x08002448   0x08002448   0x00000160   Code   RO          247    .text.HAL_RCC_ClockConfig  stm32f4xx_hal_rcc.o
    0x080025a8   0x080025a8   0x00000026   Code   RO          259    .text.HAL_RCC_GetPCLK1Freq  stm32f4xx_hal_rcc.o
    0x080025ce   0x080025ce   0x00000002   PAD
    0x080025d0   0x080025d0   0x00000026   Code   RO          261    .text.HAL_RCC_GetPCLK2Freq  stm32f4xx_hal_rcc.o
    0x080025f6   0x080025f6   0x00000002   PAD
    0x080025f8   0x080025f8   0x0000006c   Code   RO          249    .text.HAL_RCC_GetSysClockFreq  stm32f4xx_hal_rcc.o
    0x08002664   0x08002664   0x00000378   Code   RO          245    .text.HAL_RCC_OscConfig  stm32f4xx_hal_rcc.o
    0x080029dc   0x080029dc   0x0000002c   Code   RO          498    .text.HAL_SYSTICK_Config  stm32f4xx_hal_cortex.o
    0x08002a08   0x08002a08   0x0000004c   Code   RO          919    .text.HAL_TIMEx_ConfigBreakDeadTime  stm32f4xx_hal_tim_ex.o
    0x08002a54   0x08002a54   0x000000b6   Code   RO          917    .text.HAL_TIMEx_MasterConfigSynchronization  stm32f4xx_hal_tim_ex.o
    0x08002b0a   0x08002b0a   0x00000002   PAD
    0x08002b0c   0x08002b0c   0x0000005a   Code   RO          622    .text.HAL_TIM_Base_Init  stm32f4xx_hal_tim.o
    0x08002b66   0x08002b66   0x00000002   PAD
    0x08002b68   0x08002b68   0x00000082   Code   RO           86    .text.HAL_TIM_Base_MspInit  tim.o
    0x08002bea   0x08002bea   0x00000002   PAD
    0x08002bec   0x08002bec   0x0000019c   Code   RO          802    .text.HAL_TIM_ConfigClockSource  stm32f4xx_hal_tim.o
    0x08002d88   0x08002d88   0x00000002   Code   RO          822    .text.HAL_TIM_ErrorCallback  stm32f4xx_hal_tim.o
    0x08002d8a   0x08002d8a   0x00000002   PAD
    0x08002d8c   0x08002d8c   0x00000222   Code   RO          776    .text.HAL_TIM_PWM_ConfigChannel  stm32f4xx_hal_tim.o
    0x08002fae   0x08002fae   0x00000002   PAD
    0x08002fb0   0x08002fb0   0x0000005a   Code   RO          676    .text.HAL_TIM_PWM_Init  stm32f4xx_hal_tim.o
    0x0800300a   0x0800300a   0x00000002   PAD
    0x0800300c   0x0800300c   0x00000002   Code   RO          678    .text.HAL_TIM_PWM_MspInit  stm32f4xx_hal_tim.o
    0x0800300e   0x0800300e   0x00000002   PAD
    0x08003010   0x08003010   0x00000014   Code   RO         1115    .text.HAL_TIM_PWM_PulseFinishedCallback  bsp_ws2812b.o
    0x08003024   0x08003024   0x00000002   Code   RO          818    .text.HAL_TIM_PWM_PulseFinishedHalfCpltCallback  stm32f4xx_hal_tim.o
    0x08003026   0x08003026   0x00000002   PAD
    0x08003028   0x08003028   0x0000027e   Code   RO          692    .text.HAL_TIM_PWM_Start_DMA  stm32f4xx_hal_tim.o
    0x080032a6   0x080032a6   0x00000002   PAD
    0x080032a8   0x080032a8   0x000000f8   Code   RO          694    .text.HAL_TIM_PWM_Stop_DMA  stm32f4xx_hal_tim.o
    0x080033a0   0x080033a0   0x00000002   Code   RO         1025    .text.HAL_UARTEx_RxEventCallback  stm32f4xx_hal_uart.o
    0x080033a2   0x080033a2   0x00000002   PAD
    0x080033a4   0x080033a4   0x00000002   Code   RO         1023    .text.HAL_UART_ErrorCallback  stm32f4xx_hal_uart.o
    0x080033a6   0x080033a6   0x00000002   PAD
    0x080033a8   0x080033a8   0x0000000e   Code   RO         1045    .text.HAL_UART_GetState  stm32f4xx_hal_uart.o
    0x080033b6   0x080033b6   0x00000002   PAD
    0x080033b8   0x080033b8   0x00000558   Code   RO         1017    .text.HAL_UART_IRQHandler  stm32f4xx_hal_uart.o
    0x08003910   0x08003910   0x0000005e   Code   RO          941    .text.HAL_UART_Init  stm32f4xx_hal_uart.o
    0x0800396e   0x0800396e   0x00000002   PAD
    0x08003970   0x08003970   0x000000d8   Code   RO          104    .text.HAL_UART_MspInit  usart.o
    0x08003a48   0x08003a48   0x0000005e   Code   RO          963    .text.HAL_UART_Receive_IT  stm32f4xx_hal_uart.o
    0x08003aa6   0x08003aa6   0x00000002   PAD
    0x08003aa8   0x08003aa8   0x000001e4   Code   RO         1088    .text.HAL_UART_RxCpltCallback  bsp_bc260y.o
    0x08003c8c   0x08003c8c   0x0000027e   Code   RO          957    .text.HAL_UART_Transmit  stm32f4xx_hal_uart.o
    0x08003f0a   0x08003f0a   0x00000002   PAD
    0x08003f0c   0x08003f0c   0x00000002   Code   RO         1027    .text.HAL_UART_TxCpltCallback  stm32f4xx_hal_uart.o
    0x08003f0e   0x08003f0e   0x00000002   PAD
    0x08003f10   0x08003f10   0x00000002   Code   RO          124    .text.HardFault_Handler  stm32f4xx_it.o
    0x08003f12   0x08003f12   0x00000002   PAD
    0x08003f14   0x08003f14   0x00000048   Code   RO           58    .text.MX_CAN1_Init  can.o
    0x08003f5c   0x08003f5c   0x00000038   Code   RO           73    .text.MX_DMA_Init   dma.o
    0x08003f94   0x08003f94   0x000000e0   Code   RO           49    .text.MX_GPIO_Init  gpio.o
    0x08004074   0x08004074   0x00000142   Code   RO           82    .text.MX_TIM1_Init  tim.o
    0x080041b6   0x080041b6   0x00000002   PAD
    0x080041b8   0x080041b8   0x0000003e   Code   RO          100    .text.MX_USART1_UART_Init  usart.o
    0x080041f6   0x080041f6   0x00000002   PAD
    0x080041f8   0x080041f8   0x0000003c   Code   RO          102    .text.MX_USART3_UART_Init  usart.o
    0x08004234   0x08004234   0x00000002   Code   RO          126    .text.MemManage_Handler  stm32f4xx_it.o
    0x08004236   0x08004236   0x00000002   PAD
    0x08004238   0x08004238   0x00000002   Code   RO          122    .text.NMI_Handler   stm32f4xx_it.o
    0x0800423a   0x0800423a   0x00000002   PAD
    0x0800423c   0x0800423c   0x00000002   Code   RO          136    .text.PendSV_Handler  stm32f4xx_it.o
    0x0800423e   0x0800423e   0x00000002   PAD
    0x08004240   0x08004240   0x00000002   Code   RO          132    .text.SVC_Handler   stm32f4xx_it.o
    0x08004242   0x08004242   0x00000002   PAD
    0x08004244   0x08004244   0x00000004   Code   RO          138    .text.SysTick_Handler  stm32f4xx_it.o
    0x08004248   0x08004248   0x000000b0   Code   RO           34    .text.SystemClock_Config  main.o
    0x080042f8   0x080042f8   0x00000012   Code   RO         1061    .text.SystemInit    system_stm32f4xx.o
    0x0800430a   0x0800430a   0x00000002   PAD
    0x0800430c   0x0800430c   0x0000013c   Code   RO          626    .text.TIM_Base_SetConfig  stm32f4xx_hal_tim.o
    0x08004448   0x08004448   0x0000006a   Code   RO          670    .text.TIM_DMADelayPulseCplt  stm32f4xx_hal_tim.o
    0x080044b2   0x080044b2   0x00000002   PAD
    0x080044b4   0x080044b4   0x00000038   Code   RO          672    .text.TIM_DMADelayPulseHalfCplt  stm32f4xx_hal_tim.o
    0x080044ec   0x080044ec   0x0000005e   Code   RO          646    .text.TIM_DMAError  stm32f4xx_hal_tim.o
    0x0800454a   0x0800454a   0x00000002   PAD
    0x0800454c   0x0800454c   0x0000000c   Code   RO         1021    .text.UART_DMAAbortOnError  stm32f4xx_hal_uart.o
    0x08004558   0x08004558   0x000000fe   Code   RO         1019    .text.UART_Receive_IT  stm32f4xx_hal_uart.o
    0x08004656   0x08004656   0x00000002   PAD
    0x08004658   0x08004658   0x000000e2   Code   RO          945    .text.UART_SetConfig  stm32f4xx_hal_uart.o
    0x0800473a   0x0800473a   0x00000002   PAD
    0x0800473c   0x0800473c   0x0000000c   Code   RO          142    .text.USART1_IRQHandler  stm32f4xx_it.o
    0x08004748   0x08004748   0x0000000c   Code   RO          144    .text.USART3_IRQHandler  stm32f4xx_it.o
    0x08004754   0x08004754   0x00000002   Code   RO          130    .text.UsageFault_Handler  stm32f4xx_it.o
    0x08004756   0x08004756   0x00000002   PAD
    0x08004758   0x08004758   0x00000014   Code   RO         1128    .text._sys_close    retarget_io.o
    0x0800476c   0x0800476c   0x00000004   Code   RO         1138    .text._sys_flen     retarget_io.o
    0x08004770   0x08004770   0x00000010   Code   RO         1134    .text._sys_istty    retarget_io.o
    0x08004780   0x08004780   0x00000062   Code   RO         1126    .text._sys_open     retarget_io.o
    0x080047e2   0x080047e2   0x00000002   PAD
    0x080047e4   0x080047e4   0x00000006   Code   RO         1136    .text._sys_seek     retarget_io.o
    0x080047ea   0x080047ea   0x00000002   PAD
    0x080047ec   0x080047ec   0x0000002a   Code   RO         1130    .text._sys_write    retarget_io.o
    0x08004816   0x08004816   0x00000002   PAD
    0x08004818   0x08004818   0x00000316   Code   RO         1076    .text.cmdToBC26Y    bsp_bc260y.o
    0x08004b2e   0x08004b2e   0x00000002   PAD
    0x08004b30   0x08004b30   0x00000032   Code   RO          108    .text.fputc         usart.o
    0x08004b62   0x08004b62   0x00000002   PAD
    0x08004b64   0x08004b64   0x000000ca   Code   RO         1086    .text.jsonPack      bsp_bc260y.o
    0x08004c2e   0x08004c2e   0x00000002   PAD
    0x08004c30   0x08004c30   0x000000a6   Code   RO           32    .text.main          main.o
    0x08004cd6   0x08004cd6   0x00000002   PAD
    0x08004cd8   0x08004cd8   0x00000108   Code   RO         1082    .text.mqttServiceStartup  bsp_bc260y.o
    0x08004de0   0x08004de0   0x00000338   Code   RO         1109    .text.ws2812_blue   bsp_ws2812b.o
    0x08005118   0x08005118   0x0000000e   Code   RO         1212    i._is_digit         c_w.l(__printf_wp.o)
    0x08005126   0x08005126   0x00000002   PAD
    0x08005128   0x08005128   0x0000002c   Code   RO         1384    locale$$code        c_w.l(lc_ctype_c.o)
    0x08005154   0x08005154   0x0000001a   Code   RO         1509    x$fpl$fpinit        fz_wm.l(fpinit.o)
    0x0800516e   0x0800516e   0x00000002   PAD
    0x08005170   0x08005170   0x00000008   Data   RO         1173    .constdata          c_w.l(_printf_wctomb.o)
    0x08005178   0x08005178   0x00000028   Data   RO         1185    .constdata          c_w.l(_printf_hex_int.o)
    0x080051a0   0x080051a0   0x00000011   Data   RO         1220    .constdata          c_w.l(__printf_flags_ss_wp.o)
    0x080051b1   0x080051b1   0x00000010   Data   RO         1066    .rodata.AHBPrescTable  system_stm32f4xx.o
    0x080051c1   0x080051c1   0x00000008   Data   RO         1067    .rodata.APBPrescTable  system_stm32f4xx.o
    0x080051c9   0x080051c9   0x00000008   Data   RO         1142    .rodata.__stderr_name  retarget_io.o
    0x080051d1   0x080051d1   0x00000007   Data   RO         1140    .rodata.__stdin_name  retarget_io.o
    0x080051d8   0x080051d8   0x00000008   Data   RO         1141    .rodata.__stdout_name  retarget_io.o
    0x080051e0   0x080051e0   0x00000008   Data   RO          415    .rodata.cst8        stm32f4xx_hal_dma.o
    0x080051e8   0x080051e8   0x00000177   Data   RO         1090    .rodata.str1.1      bsp_bc260y.o
    0x0800535f   0x0800535f   0x00000001   PAD
    0x08005360   0x08005360   0x000000ec   Data   RO         1093    .rodata.str1.4      bsp_bc260y.o
    0x0800544c   0x0800544c   0x00000020   Data   RO         1595    Region$$Table       anon$$obj.o
    0x0800546c   0x0800546c   0x00000110   Data   RO         1383    locale$$data        c_w.l(lc_ctype_c.o)


    Execution Region RW_IRAM1 (Exec base: 0x20000000, Load base: 0x08005580, Size: 0x00001130, Max: 0x0001c000, ABSOLUTE)

    Exec Addr    Load Addr    Size         Type   Attr      Idx    E Section Name        Object

    0x20000000   0x08005580   0x00000004   Data   RW         1273    .data               c_w.l(stdio_streams.o)
    0x20000004   0x08005584   0x00000004   Data   RW         1274    .data               c_w.l(stdio_streams.o)
    0x20000008   0x08005588   0x00000004   Data   RW         1275    .data               c_w.l(stdio_streams.o)
    0x2000000c   0x0800558c   0x00000008   Data   RW          587    .data..L_MergedGlobals  stm32f4xx_hal.o
    0x20000014   0x08005594   0x00000004   Data   RW         1065    .data.SystemCoreClock  system_stm32f4xx.o
    0x20000018        -       0x00000054   Zero   RW         1270    .bss                c_w.l(stdio_streams.o)
    0x2000006c        -       0x00000054   Zero   RW         1271    .bss                c_w.l(stdio_streams.o)
    0x200000c0        -       0x00000054   Zero   RW         1272    .bss                c_w.l(stdio_streams.o)
    0x20000114        -       0x00000060   Zero   RW         1466    .bss                c_w.l(libspace.o)
    0x20000174        -       0x00000048   Zero   RW          113    .bss..L_MergedGlobals  usart.o
    0x200001bc        -       0x00000005   Zero   RW         1096    .bss..L_MergedGlobals  bsp_bc260y.o
    0x200001c1   0x08005598   0x00000003   PAD
    0x200001c4        -       0x00000100   Zero   RW         1092    .bss.Buffer         bsp_bc260y.o
    0x200002c4        -       0x00000520   Zero   RW         1117    .bss.RGB_buffur     bsp_ws2812b.o
    0x200007e4        -       0x00000100   Zero   RW         1094    .bss.RxBuffer1      bsp_bc260y.o
    0x200008e4        -       0x00000100   Zero   RW         1095    .bss.RxBuffer3      bsp_bc260y.o
    0x200009e4        -       0x0000001c   Zero   RW           38    .bss.RxMessage      main.o
    0x20000a00        -       0x00000028   Zero   RW           64    .bss.hcan1          can.o
    0x20000a28        -       0x00000060   Zero   RW           91    .bss.hdma_tim1_ch1  tim.o
    0x20000a88        -       0x00000048   Zero   RW           90    .bss.htim1          tim.o
    0x20000ad0        -       0x00000044   Zero   RW          112    .bss.huart3         usart.o
    0x20000b14        -       0x00000011   Zero   RW           20    .bss.racingCarData  bsp_can.o
    0x20000b25   0x08005598   0x00000003   PAD
    0x20000b28        -       0x00000004   Zero   RW          586    .bss.uwTick         stm32f4xx_hal.o
    0x20000b2c   0x08005598   0x00000004   PAD
    0x20000b30        -       0x00000200   Zero   RW            2    HEAP                startup_stm32f407xx.o
    0x20000d30        -       0x00000400   Zero   RW            1    STACK               startup_stm32f407xx.o


    Execution Region RW_IRAM2 (Exec base: 0x2001c000, Load base: 0x08005598, Size: 0x00000000, Max: 0x00004000, ABSOLUTE)

    **** No section assigned to this execution region ****


==============================================================================

Image component sizes


      Code (inc. data)   RO Data    RW Data    ZI Data      Debug   Object Name

      2268        152        611          0        773       7072   bsp_bc260y.o
         0          0          0          0         17       2644   bsp_can.o
       844          0          0          0       1312      11725   bsp_ws2812b.o
       196          0          0          0         40       6214   can.o
        56          0          0          0          0       3443   dma.o
       224          0          0          0          0       2195   gpio.o
       604        136          0          0         28       5859   main.o
       186          0         23          0          0       2626   retarget_io.o
        64         26        392          0       1536        828   startup_stm32f407xx.o
       204          0          0          8          4       7274   stm32f4xx_hal.o
      1160          6          0          0          0      13727   stm32f4xx_hal_can.o
       194          0          0          0          0      10472   stm32f4xx_hal_cortex.o
      1142          6          8          0          0      10562   stm32f4xx_hal_dma.o
       468          0          0          0          0       5266   stm32f4xx_hal_gpio.o
        56          0          0          0          0       1435   stm32f4xx_hal_msp.o
      1424          0          0          0          0       7393   stm32f4xx_hal_rcc.o
      2602         14          0          0          0      54993   stm32f4xx_hal_tim.o
       258          0          0          0          0      21220   stm32f4xx_hal_tim_ex.o
      2706          0          0          0          0      31972   stm32f4xx_hal_uart.o
        68          0          0          0          0       5962   stm32f4xx_it.o
        18          0         24          4          0       2611   system_stm32f4xx.o
       452          0          0          0        168       6926   tim.o
       388          0          0          0        140       7857   usart.o

    ----------------------------------------------------------------------
     15708        340       1091         12       4028     230276   Object Totals
         0          0         32          0          0          0   (incl. Generated)
       126          0          1          0         10          0   (incl. Padding)

    ----------------------------------------------------------------------

      Code (inc. data)   RO Data    RW Data    ZI Data      Debug   Library Member Name

         8          0          0          0          0         68   __main.o
       392          4         17          0          0         92   __printf_flags_ss_wp.o
        14          0          0          0          0         68   __printf_wp.o
         0          0          0          0          0          0   __rtentry.o
        12          0          0          0          0          0   __rtentry2.o
         6          0          0          0          0          0   __rtentry4.o
        52          8          0          0          0          0   __scatter.o
        26          0          0          0          0          0   __scatter_copy.o
        28          0          0          0          0          0   __scatter_zi.o
        72          0          0          0          0         96   _c16rtomb.o
         6          0          0          0          0          0   _printf_c.o
        44          0          0          0          0        108   _printf_char.o
        48          6          0          0          0         96   _printf_char_common.o
        36          4          0          0          0         80   _printf_char_file.o
         6          0          0          0          0          0   _printf_d.o
       120         16          0          0          0         92   _printf_dec.o
        88          4         40          0          0         88   _printf_hex_int.o
         6          0          0          0          0          0   _printf_i.o
       178          0          0          0          0         88   _printf_intcommon.o
        10          0          0          0          0          0   _printf_l.o
         6          0          0          0          0          0   _printf_lc.o
         6          0          0          0          0          0   _printf_o.o
        84         10          0          0          0         88   _printf_oct_int.o
        78          0          0          0          0        108   _printf_pad.o
         0          0          0          0          0          0   _printf_percent.o
         4          0          0          0          0          0   _printf_percent_end.o
         6          0          0          0          0          0   _printf_s.o
        82          0          0          0          0         80   _printf_str.o
        36          0          0          0          0         84   _printf_truncate.o
         6          0          0          0          0          0   _printf_u.o
        44          0          0          0          0        108   _printf_wchar.o
       188          6          8          0          0         92   _printf_wctomb.o
         6          0          0          0          0          0   _printf_x.o
        10          0          0          0          0         68   _sputc.o
        10          0          0          0          0         68   defsig_exit.o
        50          0          0          0          0         88   defsig_general.o
        80         58          0          0          0         76   defsig_rtmem_inner.o
        14          0          0          0          0         80   defsig_rtmem_outer.o
        52         38          0          0          0         76   defsig_rtred_inner.o
        14          0          0          0          0         80   defsig_rtred_outer.o
        18          0          0          0          0         80   exit.o
        76          0          0          0          0         88   fclose.o
         8          0          0          0          0         68   ferror.o
       240          6          0          0          0        128   fopen.o
       248          6          0          0          0         84   fseek.o
        66          0          0          0          0         76   ftell.o
        94          0          0          0          0         80   h1_alloc.o
        52          0          0          0          0         68   h1_extend.o
        78          0          0          0          0         80   h1_free.o
        14          0          0          0          0         84   h1_init.o
         6          0          0          0          0        152   heapauxi.o
         4          0          0          0          0        136   hguard.o
         0          0          0          0          0          0   indicate_semi.o
       138          0          0          0          0        168   init_alloc.o
       312         46          0          0          0        112   initio.o
        44         10        272          0          0         76   lc_ctype_c.o
         2          0          0          0          0          0   libinit.o
        36          0          0          0          0          0   libinit2.o
         2          0          0          0          0          0   libshutdown.o
         6          0          0          0          0          0   libshutdown2.o
         8          4          0          0         96         68   libspace.o
       240          0          0          0          0        100   lludivv7m.o
         0          0          0          0          0          0   maybetermalloc1.o
        88          0          0          0          0         76   memcmp.o
        24          4          0          0          0         84   noretval__2printf.o
        40          6          0          0          0         84   noretval__2sprintf.o
        12          6          0          0          0         68   putchar.o
        44          4          0          0          0         84   puts.o
        16          4          0          0          0         76   rt_ctype_table.o
         8          4          0          0          0         68   rt_errno_addr_intlibspace.o
         8          4          0          0          0         68   rt_heap_descriptor_intlibspace.o
         8          4          0          0          0         68   rt_locale_intlibspace.o
        78          0          0          0          0         80   rt_memclr_w.o
       100          0          0          0          0         80   rt_memcpy_w.o
         2          0          0          0          0          0   rtexit.o
        10          0          0          0          0          0   rtexit2.o
        70          0          0          0          0         80   setvbuf.o
       240          6          0          0          0        156   stdio.o
         0          0          0         12        252          0   stdio_streams.o
       124          0          0          0          0         88   strcmpv7em.o
        72          0          0          0          0         80   strcpy.o
        36          0          0          0          0         80   strstr.o
        12          4          0          0          0         68   sys_exit.o
        74          0          0          0          0         80   sys_stackheap_outer.o
        14          0          0          0          0         76   sys_wrch.o
         2          0          0          0          0         68   use_no_semi.o
        26          0          0          0          0        116   fpinit.o

    ----------------------------------------------------------------------
      4748        272        337         12        348       5348   Library Totals
        20          0          0          0          0          0   (incl. Padding)

    ----------------------------------------------------------------------

      Code (inc. data)   RO Data    RW Data    ZI Data      Debug   Library Name

      4702        272        337         12        348       5232   c_w.l
        26          0          0          0          0        116   fz_wm.l

    ----------------------------------------------------------------------
      4748        272        337         12        348       5348   Library Totals

    ----------------------------------------------------------------------

==============================================================================


      Code (inc. data)   RO Data    RW Data    ZI Data      Debug   

     20456        612       1428         24       4376     232260   Grand Totals
     20456        612       1428         24       4376     232260   ELF Image Totals
     20456        612       1428         24          0          0   ROM Totals

==============================================================================

    Total RO  Size (Code + RO Data)                21884 (  21.37kB)
    Total RW  Size (RW Data + ZI Data)              4400 (   4.30kB)
    Total ROM Size (Code + RO Data + RW Data)      21908 (  21.39kB)

==============================================================================

