Component: Arm Compiler for Embedded 6.18 Tool: armlink [5e4cc100]

==============================================================================

Section Cross References

    startup_stm32f407xx.o(STACK) refers (Special) to heapauxi.o(.text) for __use_two_region_memory
    startup_stm32f407xx.o(HEAP) refers (Special) to heapauxi.o(.text) for __use_two_region_memory
    startup_stm32f407xx.o(RESET) refers (Special) to heapauxi.o(.text) for __use_two_region_memory
    startup_stm32f407xx.o(RESET) refers to startup_stm32f407xx.o(STACK) for __initial_sp
    startup_stm32f407xx.o(RESET) refers to startup_stm32f407xx.o(.text) for Reset_Handler
    startup_stm32f407xx.o(RESET) refers to stm32f4xx_it.o(.text.NMI_Handler) for NMI_Handler
    startup_stm32f407xx.o(RESET) refers to stm32f4xx_it.o(.text.HardFault_Handler) for HardFault_Handler
    startup_stm32f407xx.o(RESET) refers to stm32f4xx_it.o(.text.MemManage_Handler) for MemManage_Handler
    startup_stm32f407xx.o(RESET) refers to stm32f4xx_it.o(.text.BusFault_Handler) for BusFault_Handler
    startup_stm32f407xx.o(RESET) refers to stm32f4xx_it.o(.text.UsageFault_Handler) for UsageFault_Handler
    startup_stm32f407xx.o(RESET) refers to stm32f4xx_it.o(.text.SVC_Handler) for SVC_Handler
    startup_stm32f407xx.o(RESET) refers to stm32f4xx_it.o(.text.DebugMon_Handler) for DebugMon_Handler
    startup_stm32f407xx.o(RESET) refers to stm32f4xx_it.o(.text.PendSV_Handler) for PendSV_Handler
    startup_stm32f407xx.o(RESET) refers to stm32f4xx_it.o(.text.SysTick_Handler) for SysTick_Handler
    startup_stm32f407xx.o(RESET) refers to stm32f4xx_it.o(.text.CAN1_RX0_IRQHandler) for CAN1_RX0_IRQHandler
    startup_stm32f407xx.o(RESET) refers to stm32f4xx_it.o(.text.USART1_IRQHandler) for USART1_IRQHandler
    startup_stm32f407xx.o(RESET) refers to stm32f4xx_it.o(.text.USART3_IRQHandler) for USART3_IRQHandler
    startup_stm32f407xx.o(RESET) refers to stm32f4xx_it.o(.text.DMA2_Stream1_IRQHandler) for DMA2_Stream1_IRQHandler
    startup_stm32f407xx.o(.text) refers (Special) to heapauxi.o(.text) for __use_two_region_memory
    startup_stm32f407xx.o(.text) refers to system_stm32f4xx.o(.text.SystemInit) for SystemInit
    startup_stm32f407xx.o(.text) refers to __main.o(!!!main) for __main
    startup_stm32f407xx.o(.text) refers to startup_stm32f407xx.o(HEAP) for Heap_Mem
    startup_stm32f407xx.o(.text) refers to startup_stm32f407xx.o(STACK) for Stack_Mem
    bsp_can.o(.text.CANFilter_Config) refers to can.o(.bss.hcan1) for hcan1
    bsp_can.o(.text.CANFilter_Config) refers to stm32f4xx_hal_can.o(.text.HAL_CAN_ConfigFilter) for HAL_CAN_ConfigFilter
    bsp_can.o(.text.CANFilter_Config) refers to bsp_can.o(.rodata.str1.1) for .Lstr.9
    bsp_can.o(.text.CANFilter_Config) refers to puts.o(.text) for puts
    bsp_can.o(.text.CANFilter_Config) refers to main.o(.text.Error_Handler) for Error_Handler
    bsp_can.o(.ARM.exidx.text.CANFilter_Config) refers to bsp_can.o(.text.CANFilter_Config) for [Anonymous Symbol]
    bsp_can.o(.text.CAN1_Send) refers to bsp_can.o(.bss..L_MergedGlobals) for .L_MergedGlobals
    bsp_can.o(.text.CAN1_Send) refers to can.o(.bss.hcan1) for hcan1
    bsp_can.o(.text.CAN1_Send) refers to stm32f4xx_hal_can.o(.text.HAL_CAN_AddTxMessage) for HAL_CAN_AddTxMessage
    bsp_can.o(.text.CAN1_Send) refers to bsp_can.o(.rodata.str1.1) for .Lstr.11
    bsp_can.o(.text.CAN1_Send) refers to puts.o(.text) for puts
    bsp_can.o(.text.CAN1_Send) refers to main.o(.text.Error_Handler) for Error_Handler
    bsp_can.o(.ARM.exidx.text.CAN1_Send) refers to bsp_can.o(.text.CAN1_Send) for [Anonymous Symbol]
    bsp_can.o(.text.CanFilterInit) refers to usart.o(.bss..L_MergedGlobals) for usartTxFlag
    bsp_can.o(.text.CanFilterInit) refers to puts.o(.text) for puts
    bsp_can.o(.text.CanFilterInit) refers to can.o(.bss.hcan1) for hcan1
    bsp_can.o(.text.CanFilterInit) refers to stm32f4xx_hal_can.o(.text.HAL_CAN_ConfigFilter) for HAL_CAN_ConfigFilter
    bsp_can.o(.text.CanFilterInit) refers to bsp_can.o(.rodata.str1.1) for .Lstr.9
    bsp_can.o(.text.CanFilterInit) refers to main.o(.text.Error_Handler) for Error_Handler
    bsp_can.o(.text.CanFilterInit) refers to stm32f4xx_hal_can.o(.text.HAL_CAN_Start) for HAL_CAN_Start
    bsp_can.o(.text.CanFilterInit) refers to stm32f4xx_hal_can.o(.text.HAL_CAN_ActivateNotification) for HAL_CAN_ActivateNotification
    bsp_can.o(.ARM.exidx.text.CanFilterInit) refers to bsp_can.o(.text.CanFilterInit) for [Anonymous Symbol]
    bsp_can.o(.text.carDataUpdate) refers to bsp_can.o(.bss..L_MergedGlobals) for .L_MergedGlobals
    bsp_can.o(.text.carDataUpdate) refers to bsp_can.o(.data.upSpeedFlag) for upSpeedFlag
    bsp_can.o(.text.carDataUpdate) refers to dflt_clz.o(x$fpl$dfltu) for __aeabi_ui2d
    bsp_can.o(.text.carDataUpdate) refers to dmul.o(x$fpl$dmul) for __aeabi_dmul
    bsp_can.o(.text.carDataUpdate) refers to daddsub_clz.o(x$fpl$dadd) for __aeabi_dadd
    bsp_can.o(.text.carDataUpdate) refers to ddiv.o(x$fpl$ddiv) for __aeabi_ddiv
[...]
    .L.str.1                                 0x08005135   Data           5  bsp_bc260y.o(.rodata.str1.1)
    .L.str.2                                 0x0800513a   Data          15  bsp_bc260y.o(.rodata.str1.1)
    .L.str.3                                 0x08005149   Data          17  bsp_bc260y.o(.rodata.str1.1)
    locale$$data                             0x08005158   Section      272  lc_ctype_c.o(locale$$data)
    .L.str.4                                 0x0800515a   Data          14  bsp_bc260y.o(.rodata.str1.1)
    __lcctype_c_name                         0x0800515c   Data           2  lc_ctype_c.o(locale$$data)
    __lcctype_c_start                        0x08005164   Data           0  lc_ctype_c.o(locale$$data)
    .L.str.5                                 0x08005168   Data          13  bsp_bc260y.o(.rodata.str1.1)
    .L.str.8                                 0x08005175   Data          13  bsp_bc260y.o(.rodata.str1.1)
    .L.str.11                                0x08005182   Data          35  bsp_bc260y.o(.rodata.str1.1)
    .L.str.12                                0x080051a5   Data           7  bsp_bc260y.o(.rodata.str1.1)
    .L.str.13                                0x080051ac   Data          45  bsp_bc260y.o(.rodata.str1.1)
    .L.str.14                                0x080051d9   Data          43  bsp_bc260y.o(.rodata.str1.1)
    .L.str.15                                0x08005204   Data           6  bsp_bc260y.o(.rodata.str1.1)
    .Lstr                                    0x0800521e   Data          64  bsp_bc260y.o(.rodata.str1.1)
    .Lstr.28                                 0x0800525e   Data          58  bsp_bc260y.o(.rodata.str1.1)
    __lcctype_c_end                          0x08005268   Data           0  lc_ctype_c.o(locale$$data)
    .Lstr.29                                 0x08005298   Data          27  bsp_bc260y.o(.rodata.str1.1)
    .data                                    0x20000000   Section        4  stdio_streams.o(.data)
    .data                                    0x20000004   Section        4  stdio_streams.o(.data)
    .data                                    0x20000008   Section        4  stdio_streams.o(.data)
    .L_MergedGlobals                         0x2000000c   Data           8  stm32f4xx_hal.o(.data..L_MergedGlobals)
    [Anonymous Symbol]                       0x2000000c   Section        0  stm32f4xx_hal.o(.data..L_MergedGlobals)
    .bss                                     0x20000020   Section       84  stdio_streams.o(.bss)
    .bss                                     0x20000074   Section       84  stdio_streams.o(.bss)
    .bss                                     0x200000c8   Section       84  stdio_streams.o(.bss)
    .bss                                     0x2000011c   Section       96  libspace.o(.bss)
    .L_MergedGlobals                         0x2000017c   Data          48  bsp_can.o(.bss..L_MergedGlobals)
    TxMessage                                0x2000017c   Data          24  bsp_can.o(.bss..L_MergedGlobals)
    [Anonymous Symbol]                       0x2000017c   Section        0  bsp_can.o(.bss..L_MergedGlobals)
    .L_MergedGlobals                         0x200001ac   Data          72  usart.o(.bss..L_MergedGlobals)
    [Anonymous Symbol]                       0x200001ac   Section        0  usart.o(.bss..L_MergedGlobals)
    .L_MergedGlobals                         0x200001f4   Data           5  bsp_bc260y.o(.bss..L_MergedGlobals)
    [Anonymous Symbol]                       0x200001f4   Section        0  bsp_bc260y.o(.bss..L_MergedGlobals)
    RxMessage                                0x200004fc   Data          28  main.o(.bss.RxMessage)
    [Anonymous Symbol]                       0x200004fc   Section        0  main.o(.bss.RxMessage)
    Heap_Mem                                 0x20000630   Data         512  startup_stm32f407xx.o(HEAP)
    HEAP                                     0x20000630   Section      512  startup_stm32f407xx.o(HEAP)
    Stack_Mem                                0x20000830   Data        1024  startup_stm32f407xx.o(STACK)
    STACK                                    0x20000830   Section     1024  startup_stm32f407xx.o(STACK)
    __initial_sp                             0x20000c30   Data           0  startup_stm32f407xx.o(STACK)

    Global Symbols

    Symbol Name                              Value     Ov Type        Size  Object(Section)

    BuildAttributes$$THM_ISAv4$E$P$D$K$B$S$7EM$VFPi3$EXTD16$VFPS$VFMA$PE$A:L22UL41UL21$X:L11$S22US41US21$IEEE1$IW$~IW$USESV6$~STKCKD$USESV7$~SHL$OTIME$ROPI$EBA8$UX$STANDARDLIB$REQ8$PRES8$EABIv2 0x00000000   Number         0  anon$$obj.o ABSOLUTE
    _printf_flags                            0x00000000   Number         0  printf_stubs.o ABSOLUTE
    _printf_return_value                     0x00000000   Number         0  printf_stubs.o ABSOLUTE
    _printf_sizespec                         0x00000000   Number         0  printf_stubs.o ABSOLUTE
    _printf_widthprec                        0x00000000   Number         0  printf_stubs.o ABSOLUTE
    __ARM_exceptions_init                     - Undefined Weak Reference
    __alloca_initialize                       - Undefined Weak Reference
    __arm_preinit_                            - Undefined Weak Reference
    __arm_relocate_pie_                       - Undefined Weak Reference
    __cpp_initialize__aeabi_                  - Undefined Weak Reference
    __cxa_finalize                            - Undefined Weak Reference
    __sigvec_lookup                           - Undefined Weak Reference
    __user_heap_extent                        - Undefined Weak Reference
    _atexit_init                              - Undefined Weak Reference
    _call_atexit_fns                          - Undefined Weak Reference
    _clock_init                               - Undefined Weak Reference
    _fp_trap_init                             - Undefined Weak Reference
    _fp_trap_shutdown                         - Undefined Weak Reference
    _get_lc_collate                           - Undefined Weak Reference
    _get_lc_monetary                          - Undefined Weak Reference
    _get_lc_numeric                           - Undefined Weak Reference
    _get_lc_time                              - Undefined Weak Reference
    _getenv_init                              - Undefined Weak Reference
    _handle_redirection                       - Undefined Weak Reference
    _mutex_acquire                            - Undefined Weak Reference
    _mutex_free                               - Undefined Weak Reference
    _mutex_release                            - Undefined Weak Reference
    _printf_mbtowc                            - Undefined Weak Reference
    _printf_wc                                - Undefined Weak Reference
    _rand_init                                - Undefined Weak Reference
    _signal_finish                            - Undefined Weak Reference
    _signal_init                              - Undefined Weak Reference
    __Vectors_Size                           0x00000188   Number         0  startup_stm32f407xx.o ABSOLUTE
    __Vectors                                0x08000000   Data           4  startup_stm32f407xx.o(RESET)
    __Vectors_End                            0x08000188   Data           0  startup_stm32f407xx.o(RESET)
    __main                                   0x08000189   Thumb Code     8  __main.o(!!!main)
    __scatterload                            0x08000191   Thumb Code     0  __scatter.o(!!!scatter)
    __scatterload_rt2                        0x08000191   Thumb Code    44  __scatter.o(!!!scatter)
    __scatterload_rt2_thumb_only             0x08000191   Thumb Code     0  __scatter.o(!!!scatter)
    __scatterload_null                       0x0800019f   Thumb Code     0  __scatter.o(!!!scatter)
    __scatterload_copy                       0x080001c5   Thumb Code    26  __scatter_copy.o(!!handler_copy)
    __scatterload_zeroinit                   0x080001e1   Thumb Code    28  __scatter_zi.o(!!handler_zi)
    _printf_i                                0x080001fd   Thumb Code     0  _printf_i.o(.ARM.Collect$$_printf_percent$$00000008)
    _printf_percent                          0x080001fd   Thumb Code     0  _printf_percent.o(.ARM.Collect$$_printf_percent$$00000000)
    _printf_d                                0x08000203   Thumb Code     0  _printf_d.o(.ARM.Collect$$_printf_percent$$00000009)
    _printf_u                                0x08000209   Thumb Code     0  _printf_u.o(.ARM.Collect$$_printf_percent$$0000000A)
    _printf_o                                0x0800020f   Thumb Code     0  _printf_o.o(.ARM.Collect$$_printf_percent$$0000000B)
    _printf_x                                0x08000215   Thumb Code     0  _printf_x.o(.ARM.Collect$$_printf_percent$$0000000C)
    _printf_l                                0x0800021b   Thumb Code     0  _printf_l.o(.ARM.Collect$$_printf_percent$$00000012)
    _printf_c                                0x08000225   Thumb Code     0  _printf_c.o(.ARM.Collect$$_printf_percent$$00000013)
    _printf_s                                0x0800022b   Thumb Code     0  _printf_s.o(.ARM.Collect$$_printf_percent$$00000014)
    _printf_lc                               0x08000231   Thumb Code     0  _printf_lc.o(.ARM.Collect$$_printf_percent$$00000015)
    _printf_percent_end                      0x08000237   Thumb Code     0  _printf_percent_end.o(.ARM.Collect$$_printf_percent$$00000017)
    __rt_lib_init                            0x0800023b   Thumb Code     0  libinit.o(.ARM.Collect$$libinit$$00000000)
    __rt_lib_init_fp_1                       0x0800023d   Thumb Code     0  libinit2.o(.ARM.Collect$$libinit$$00000001)
    __rt_lib_init_heap_2                     0x08000241   Thumb Code     0  libinit2.o(.ARM.Collect$$libinit$$00000007)
    __rt_lib_init_preinit_1                  0x08000241   Thumb Code     0  libinit2.o(.ARM.Collect$$libinit$$00000006)
    __rt_lib_init_relocate_pie_1             0x08000241   Thumb Code     0  libinit2.o(.ARM.Collect$$libinit$$00000004)
    __rt_lib_init_heap_1                     0x08000249   Thumb Code     0  libinit2.o(.ARM.Collect$$libinit$$0000000C)
    __rt_lib_init_lc_common                  0x08000249   Thumb Code     0  libinit2.o(.ARM.Collect$$libinit$$00000011)
    __rt_lib_init_rand_1                     0x08000249   Thumb Code     0  libinit2.o(.ARM.Collect$$libinit$$00000010)
    __rt_lib_init_user_alloc_1               0x08000249   Thumb Code     0  libinit2.o(.ARM.Collect$$libinit$$0000000E)
    __rt_lib_init_lc_collate_1               0x0800024f   Thumb Code     0  libinit2.o(.ARM.Collect$$libinit$$00000013)
    __rt_lib_init_lc_ctype_2                 0x0800024f   Thumb Code     0  libinit2.o(.ARM.Collect$$libinit$$00000014)
    __rt_lib_init_atexit_1                   0x0800025b   Thumb Code     0  libinit2.o(.ARM.Collect$$libinit$$0000001D)
    __rt_lib_init_clock_1                    0x0800025b   Thumb Code     0  libinit2.o(.ARM.Collect$$libinit$$00000023)
    __rt_lib_init_fp_trap_1                  0x0800025b   Thumb Code     0  libinit2.o(.ARM.Collect$$libinit$$00000021)
    __rt_lib_init_getenv_1                   0x0800025b   Thumb Code     0  libinit2.o(.ARM.Collect$$libinit$$00000025)
    __rt_lib_init_lc_ctype_1                 0x0800025b   Thumb Code     0  libinit2.o(.ARM.Collect$$libinit$$00000015)
    __rt_lib_init_lc_monetary_1              0x0800025b   Thumb Code     0  libinit2.o(.ARM.Collect$$libinit$$00000017)
    __rt_lib_init_lc_numeric_1               0x0800025b   Thumb Code     0  libinit2.o(.ARM.Collect$$libinit$$00000019)
    __rt_lib_init_lc_time_1                  0x0800025b   Thumb Code     0  libinit2.o(.ARM.Collect$$libinit$$0000001B)
    __rt_lib_init_signal_1                   0x0800025b   Thumb Code     0  libinit2.o(.ARM.Collect$$libinit$$0000001F)
    __rt_lib_init_stdio_2                    0x0800025b   Thumb Code     0  libinit2.o(.ARM.Collect$$libinit$$00000026)
    __rt_lib_init_alloca_1                   0x0800025f   Thumb Code     0  libinit2.o(.ARM.Collect$$libinit$$00000030)
    __rt_lib_init_argv_1                     0x0800025f   Thumb Code     0  libinit2.o(.ARM.Collect$$libinit$$0000002E)
    __rt_lib_init_cpp_1                      0x0800025f   Thumb Code     0  libinit2.o(.ARM.Collect$$libinit$$00000034)
    __rt_lib_init_exceptions_1               0x0800025f   Thumb Code     0  libinit2.o(.ARM.Collect$$libinit$$00000032)
    __rt_lib_init_return                     0x0800025f   Thumb Code     0  libinit2.o(.ARM.Collect$$libinit$$00000035)
    __rt_lib_init_stdio_1                    0x0800025f   Thumb Code     0  libinit2.o(.ARM.Collect$$libinit$$00000027)
    __rt_lib_shutdown                        0x08000261   Thumb Code     0  libshutdown.o(.ARM.Collect$$libshutdown$$00000000)
    __rt_lib_shutdown_cpp_1                  0x08000263   Thumb Code     0  libshutdown2.o(.ARM.Collect$$libshutdown$$00000002)
    __rt_lib_shutdown_stdio_2                0x08000263   Thumb Code     0  libshutdown2.o(.ARM.Collect$$libshutdown$$00000003)
    __rt_lib_shutdown_fp_trap_1              0x08000267   Thumb Code     0  libshutdown2.o(.ARM.Collect$$libshutdown$$00000007)
    __rt_lib_shutdown_heap_1                 0x08000267   Thumb Code     0  libshutdown2.o(.ARM.Collect$$libshutdown$$0000000F)
    __rt_lib_shutdown_return                 0x08000267   Thumb Code     0  libshutdown2.o(.ARM.Collect$$libshutdown$$00000010)
    __rt_lib_shutdown_signal_1               0x08000267   Thumb Code     0  libshutdown2.o(.ARM.Collect$$libshutdown$$0000000A)
    __rt_lib_shutdown_stdio_1                0x08000267   Thumb Code     0  libshutdown2.o(.ARM.Collect$$libshutdown$$00000004)
    __rt_lib_shutdown_user_alloc_1           0x08000267   Thumb Code     0  libshutdown2.o(.ARM.Collect$$libshutdown$$0000000C)
    __rt_entry                               0x08000269   Thumb Code     0  __rtentry.o(.ARM.Collect$$rtentry$$00000000)
    __rt_entry_presh_1                       0x08000269   Thumb Code     0  __rtentry2.o(.ARM.Collect$$rtentry$$00000002)
    __rt_entry_sh                            0x08000269   Thumb Code     0  __rtentry4.o(.ARM.Collect$$rtentry$$00000004)
    __rt_entry_li                            0x0800026f   Thumb Code     0  __rtentry2.o(.ARM.Collect$$rtentry$$0000000A)
    __rt_entry_postsh_1                      0x0800026f   Thumb Code     0  __rtentry2.o(.ARM.Collect$$rtentry$$00000009)
    __rt_entry_main                          0x08000273   Thumb Code     0  __rtentry2.o(.ARM.Collect$$rtentry$$0000000D)
    __rt_entry_postli_1                      0x08000273   Thumb Code     0  __rtentry2.o(.ARM.Collect$$rtentry$$0000000C)
    __rt_exit                                0x0800027b   Thumb Code     0  rtexit.o(.ARM.Collect$$rtexit$$00000000)
    __rt_exit_ls                             0x0800027d   Thumb Code     0  rtexit2.o(.ARM.Collect$$rtexit$$00000003)
    __rt_exit_prels_1                        0x0800027d   Thumb Code     0  rtexit2.o(.ARM.Collect$$rtexit$$00000002)
    __rt_exit_exit                           0x08000281   Thumb Code     0  rtexit2.o(.ARM.Collect$$rtexit$$00000004)
    Reset_Handler                            0x08000289   Thumb Code     8  startup_stm32f407xx.o(.text)
    ADC_IRQHandler                           0x080002a3   Thumb Code     0  startup_stm32f407xx.o(.text)
    CAN1_RX1_IRQHandler                      0x080002a3   Thumb Code     0  startup_stm32f407xx.o(.text)
    CAN1_SCE_IRQHandler                      0x080002a3   Thumb Code     0  startup_stm32f407xx.o(.text)
    CAN1_TX_IRQHandler                       0x080002a3   Thumb Code     0  startup_stm32f407xx.o(.text)
    CAN2_RX0_IRQHandler                      0x080002a3   Thumb Code     0  startup_stm32f407xx.o(.text)
    CAN2_RX1_IRQHandler                      0x080002a3   Thumb Code     0  startup_stm32f407xx.o(.text)
    CAN2_SCE_IRQHandler                      0x080002a3   Thumb Code     0  startup_stm32f407xx.o(.text)
    CAN2_TX_IRQHandler                       0x080002a3   Thumb Code     0  startup_stm32f407xx.o(.text)
    DCMI_IRQHandler                          0x080002a3   Thumb Code     0  startup_stm32f407xx.o(.text)
    DMA1_Stream0_IRQHandler                  0x080002a3   Thumb Code     0  startup_stm32f407xx.o(.text)
    DMA1_Stream1_IRQHandler                  0x080002a3   Thumb Code     0  startup_stm32f407xx.o(.text)
    DMA1_Stream2_IRQHandler                  0x080002a3   Thumb Code     0  startup_stm32f407xx.o(.text)
    DMA1_Stream3_IRQHandler                  0x080002a3   Thumb Code     0  startup_stm32f407xx.o(.text)
    DMA1_Stream4_IRQHandler                  0x080002a3   Thumb Code     0  startup_stm32f407xx.o(.text)
    DMA1_Stream5_IRQHandler                  0x080002a3   Thumb Code     0  startup_stm32f407xx.o(.text)
    DMA1_Stream6_IRQHandler                  0x080002a3   Thumb Code     0  startup_stm32f407xx.o(.text)
    DMA1_Stream7_IRQHandler                  0x080002a3   Thumb Code     0  startup_stm32f407xx.o(.text)
    DMA2_Stream0_IRQHandler                  0x080002a3   Thumb Code     0  startup_stm32f407xx.o(.text)
    DMA2_Stream2_IRQHandler                  0x080002a3   Thumb Code     0  startup_stm32f407xx.o(.text)
    DMA2_Stream3_IRQHandler                  0x080002a3   Thumb Code     0  startup_stm32f407xx.o(.text)
    DMA2_Stream4_IRQHandler                  0x080002a3   Thumb Code     0  startup_stm32f407xx.o(.text)
    DMA2_Stream5_IRQHandler                  0x080002a3   Thumb Code     0  startup_stm32f407xx.o(.text)
    DMA2_Stream6_IRQHandler                  0x080002a3   Thumb Code     0  startup_stm32f407xx.o(.text)
    DMA2_Stream7_IRQHandler                  0x080002a3   Thumb Code     0  startup_stm32f407xx.o(.text)
    ETH_IRQHandler                           0x080002a3   Thumb Code     0  startup_stm32f407xx.o(.text)
    ETH_WKUP_IRQHandler                      0x080002a3   Thumb Code     0  startup_stm32f407xx.o(.text)
    EXTI0_IRQHandler                         0x080002a3   Thumb Code     0  startup_stm32f407xx.o(.text)
    EXTI15_10_IRQHandler                     0x080002a3   Thumb Code     0  startup_stm32f407xx.o(.text)
    EXTI1_IRQHandler                         0x080002a3   Thumb Code     0  startup_stm32f407xx.o(.text)
    EXTI2_IRQHandler                         0x080002a3   Thumb Code     0  startup_stm32f407xx.o(.text)
    EXTI3_IRQHandler                         0x080002a3   Thumb Code     0  startup_stm32f407xx.o(.text)
    EXTI4_IRQHandler                         0x080002a3   Thumb Code     0  startup_stm32f407xx.o(.text)
    EXTI9_5_IRQHandler                       0x080002a3   Thumb Code     0  startup_stm32f407xx.o(.text)
    FLASH_IRQHandler                         0x080002a3   Thumb Code     0  startup_stm32f407xx.o(.text)
    FMC_IRQHandler                           0x080002a3   Thumb Code     0  startup_stm32f407xx.o(.text)
    FPU_IRQHandler                           0x080002a3   Thumb Code     0  startup_stm32f407xx.o(.text)
    HASH_RNG_IRQHandler                      0x080002a3   Thumb Code     0  startup_stm32f407xx.o(.text)
    I2C1_ER_IRQHandler                       0x080002a3   Thumb Code     0  startup_stm32f407xx.o(.text)
    I2C1_EV_IRQHandler                       0x080002a3   Thumb Code     0  startup_stm32f407xx.o(.text)
    I2C2_ER_IRQHandler                       0x080002a3   Thumb Code     0  startup_stm32f407xx.o(.text)
    I2C2_EV_IRQHandler                       0x080002a3   Thumb Code     0  startup_stm32f407xx.o(.text)
    I2C3_ER_IRQHandler                       0x080002a3   Thumb Code     0  startup_stm32f407xx.o(.text)
    I2C3_EV_IRQHandler                       0x080002a3   Thumb Code     0  startup_stm32f407xx.o(.text)
    OTG_FS_IRQHandler                        0x080002a3   Thumb Code     0  startup_stm32f407xx.o(.text)
    OTG_FS_WKUP_IRQHandler                   0x080002a3   Thumb Code     0  startup_stm32f407xx.o(.text)
    OTG_HS_EP1_IN_IRQHandler                 0x080002a3   Thumb Code     0  startup_stm32f407xx.o(.text)
    OTG_HS_EP1_OUT_IRQHandler                0x080002a3   Thumb Code     0  startup_stm32f407xx.o(.text)
    OTG_HS_IRQHandler                        0x080002a3   Thumb Code     0  startup_stm32f407xx.o(.text)
    OTG_HS_WKUP_IRQHandler                   0x080002a3   Thumb Code     0  startup_stm32f407xx.o(.text)
    PVD_IRQHandler                           0x080002a3   Thumb Code     0  startup_stm32f407xx.o(.text)
    RCC_IRQHandler                           0x080002a3   Thumb Code     0  startup_stm32f407xx.o(.text)
    RTC_Alarm_IRQHandler                     0x080002a3   Thumb Code     0  startup_stm32f407xx.o(.text)
    RTC_WKUP_IRQHandler                      0x080002a3   Thumb Code     0  startup_stm32f407xx.o(.text)
    SDIO_IRQHandler                          0x080002a3   Thumb Code     0  startup_stm32f407xx.o(.text)
    SPI1_IRQHandler                          0x080002a3   Thumb Code     0  startup_stm32f407xx.o(.text)
    SPI2_IRQHandler                          0x080002a3   Thumb Code     0  startup_stm32f407xx.o(.text)
    SPI3_IRQHandler                          0x080002a3   Thumb Code     0  startup_stm32f407xx.o(.text)
    TAMP_STAMP_IRQHandler                    0x080002a3   Thumb Code     0  startup_stm32f407xx.o(.text)
    TIM1_BRK_TIM9_IRQHandler                 0x080002a3   Thumb Code     0  startup_stm32f407xx.o(.text)
    TIM1_CC_IRQHandler                       0x080002a3   Thumb Code     0  startup_stm32f407xx.o(.text)
    TIM1_TRG_COM_TIM11_IRQHandler            0x080002a3   Thumb Code     0  startup_stm32f407xx.o(.text)
    TIM1_UP_TIM10_IRQHandler                 0x080002a3   Thumb Code     0  startup_stm32f407xx.o(.text)
    TIM2_IRQHandler                          0x080002a3   Thumb Code     0  startup_stm32f407xx.o(.text)
    TIM3_IRQHandler                          0x080002a3   Thumb Code     0  startup_stm32f407xx.o(.text)
    TIM4_IRQHandler                          0x080002a3   Thumb Code     0  startup_stm32f407xx.o(.text)
    TIM5_IRQHandler                          0x080002a3   Thumb Code     0  startup_stm32f407xx.o(.text)
    TIM6_DAC_IRQHandler                      0x080002a3   Thumb Code     0  startup_stm32f407xx.o(.text)
    TIM7_IRQHandler                          0x080002a3   Thumb Code     0  startup_stm32f407xx.o(.text)
    TIM8_BRK_TIM12_IRQHandler                0x080002a3   Thumb Code     0  startup_stm32f407xx.o(.text)
    TIM8_CC_IRQHandler                       0x080002a3   Thumb Code     0  startup_stm32f407xx.o(.text)
    TIM8_TRG_COM_TIM14_IRQHandler            0x080002a3   Thumb Code     0  startup_stm32f407xx.o(.text)
    TIM8_UP_TIM13_IRQHandler                 0x080002a3   Thumb Code     0  startup_stm32f407xx.o(.text)
    UART4_IRQHandler                         0x080002a3   Thumb Code     0  startup_stm32f407xx.o(.text)
    UART5_IRQHandler                         0x080002a3   Thumb Code     0  startup_stm32f407xx.o(.text)
    USART2_IRQHandler                        0x080002a3   Thumb Code     0  startup_stm32f407xx.o(.text)
    USART6_IRQHandler                        0x080002a3   Thumb Code     0  startup_stm32f407xx.o(.text)
    WWDG_IRQHandler                          0x080002a3   Thumb Code     0  startup_stm32f407xx.o(.text)
    __user_initial_stackheap                 0x080002a5   Thumb Code     0  startup_stm32f407xx.o(.text)
    __aeabi_uldivmod                         0x080002c9   Thumb Code     0  lludivv7m.o(.text)
    _ll_udiv                                 0x080002c9   Thumb Code   240  lludivv7m.o(.text)
    __2printf                                0x080003b9   Thumb Code    20  noretval__2printf.o(.text)
    _printf_pre_padding                      0x080003d1   Thumb Code    44  _printf_pad.o(.text)
    _printf_post_padding                     0x080003fd   Thumb Code    34  _printf_pad.o(.text)
    _printf_truncate_signed                  0x0800041f   Thumb Code    18  _printf_truncate.o(.text)
    _printf_truncate_unsigned                0x08000431   Thumb Code    18  _printf_truncate.o(.text)
    _printf_str                              0x08000443   Thumb Code    82  _printf_str.o(.text)
    _printf_int_dec                          0x08000495   Thumb Code   104  _printf_dec.o(.text)
    _printf_wctomb                           0x0800050d   Thumb Code   182  _printf_wctomb.o(.text)
    _printf_int_oct                          0x080005c9   Thumb Code    74  _printf_oct_int.o(.text)
    _printf_longlong_oct                     0x080005c9   Thumb Code     0  _printf_oct_int.o(.text)
    _printf_int_hex                          0x0800061d   Thumb Code    84  _printf_hex_int.o(.text)
    _printf_longlong_hex                     0x0800061d   Thumb Code     0  _printf_hex_int.o(.text)
    __printf                                 0x08000675   Thumb Code   388  __printf_flags_ss_wp.o(.text)
    puts                                     0x080007fd   Thumb Code    40  puts.o(.text)
    strstr                                   0x08000829   Thumb Code    36  strstr.o(.text)
    memcmp                                   0x0800084d   Thumb Code    88  memcmp.o(.text)
    strcpy                                   0x080008a5   Thumb Code    72  strcpy.o(.text)
    __aeabi_memclr4                          0x080008ed   Thumb Code     0  rt_memclr_w.o(.text)
    __aeabi_memclr8                          0x080008ed   Thumb Code     0  rt_memclr_w.o(.text)
    __rt_memclr_w                            0x080008ed   Thumb Code     0  rt_memclr_w.o(.text)
    _memset_w                                0x080008f1   Thumb Code    74  rt_memclr_w.o(.text)
    strcmp                                   0x08000941   Thumb Code   124  strcmpv7em.o(.text)
    __use_two_region_memory                  0x080009bd   Thumb Code     2  heapauxi.o(.text)
    __rt_heap_escrow                         0x080009bf   Thumb Code     2  heapauxi.o(.text)
    __rt_heap_expand                         0x080009c1   Thumb Code     2  heapauxi.o(.text)
    _printf_int_common                       0x080009c3   Thumb Code   178  _printf_intcommon.o(.text)
    _printf_char_common                      0x08000a7f   Thumb Code    32  _printf_char_common.o(.text)
    _printf_cs_common                        0x08000aa5   Thumb Code    20  _printf_char.o(.text)
    _printf_char                             0x08000ab9   Thumb Code    16  _printf_char.o(.text)
    _printf_string                           0x08000ac9   Thumb Code     8  _printf_char.o(.text)
    _printf_char_file                        0x08000ad1   Thumb Code    32  _printf_char_file.o(.text)
    _printf_lcs_common                       0x08000af5   Thumb Code    20  _printf_wchar.o(.text)
    _printf_wchar                            0x08000b09   Thumb Code    16  _printf_wchar.o(.text)
    _printf_wstring                          0x08000b19   Thumb Code     8  _printf_wchar.o(.text)
    _c16rtomb                                0x08000b21   Thumb Code    72  _c16rtomb.o(.text)
    _wcrtomb                                 0x08000b21   Thumb Code     0  _c16rtomb.o(.text)
    __rt_ctype_table                         0x08000b69   Thumb Code    16  rt_ctype_table.o(.text)
    ferror                                   0x08000b79   Thumb Code     8  ferror.o(.text)
    _initio                                  0x08000b81   Thumb Code   210  initio.o(.text)
    _terminateio                             0x08000c53   Thumb Code    56  initio.o(.text)
    __user_setup_stackheap                   0x08000cb9   Thumb Code    74  sys_stackheap_outer.o(.text)
    __rt_locale                              0x08000d05   Thumb Code     8  rt_locale_intlibspace.o(.text)
    free                                     0x08000d0d   Thumb Code    78  h1_free.o(.text)
    setvbuf                                  0x08000d5b   Thumb Code    70  setvbuf.o(.text)
    freopen                                  0x08000da1   Thumb Code   160  fopen.o(.text)
    fopen                                    0x08000e41   Thumb Code    74  fopen.o(.text)
    _fclose_internal                         0x08000e91   Thumb Code    76  fclose.o(.text)
    fclose                                   0x08000e91   Thumb Code     0  fclose.o(.text)
    exit                                     0x08000edd   Thumb Code    18  exit.o(.text)
    __rt_SIGRTRED                            0x08000eef   Thumb Code    14  defsig_rtred_outer.o(.text)
    __user_libspace                          0x08000efd   Thumb Code     8  libspace.o(.text)
    __user_perproc_libspace                  0x08000efd   Thumb Code     0  libspace.o(.text)
    __user_perthread_libspace                0x08000efd   Thumb Code     0  libspace.o(.text)
    __rt_heap_descriptor                     0x08000f05   Thumb Code     8  rt_heap_descriptor_intlibspace.o(.text)
    __use_no_heap                            0x08000f0d   Thumb Code     2  hguard.o(.text)
    __heap$guard                             0x08000f0f   Thumb Code     2  hguard.o(.text)
    _terminate_user_alloc                    0x08000f11   Thumb Code     2  init_alloc.o(.text)
    _init_user_alloc                         0x08000f13   Thumb Code     2  init_alloc.o(.text)
    __Heap_Full                              0x08000f15   Thumb Code    34  init_alloc.o(.text)
    __Heap_Broken                            0x08000f37   Thumb Code     6  init_alloc.o(.text)
    _init_alloc                              0x08000f3d   Thumb Code    94  init_alloc.o(.text)
    malloc                                   0x08000f9b   Thumb Code    94  h1_alloc.o(.text)
    _fseek                                   0x08000ff9   Thumb Code   242  fseek.o(.text)
    fseek                                    0x08000ff9   Thumb Code     0  fseek.o(.text)
    _seterr                                  0x080010f1   Thumb Code    20  stdio.o(.text)
    _writebuf                                0x08001105   Thumb Code    84  stdio.o(.text)
    _fflush                                  0x08001159   Thumb Code    70  stdio.o(.text)
    _deferredlazyseek                        0x0800119f   Thumb Code    60  stdio.o(.text)
    __sig_exit                               0x080011e1   Thumb Code    10  defsig_exit.o(.text)
    __rt_SIGRTRED_inner                      0x080011ed   Thumb Code    14  defsig_rtred_inner.o(.text)
    _sys_exit                                0x08001221   Thumb Code     8  sys_exit.o(.text)
    __Heap_Initialize                        0x0800122d   Thumb Code    10  h1_init.o(.text)
    _maybe_terminate_alloc                   0x0800122d   Thumb Code     0  maybetermalloc1.o(.text)
    __Heap_DescSize                          0x08001237   Thumb Code     4  h1_init.o(.text)
    __Heap_ProvideMemory                     0x0800123b   Thumb Code    52  h1_extend.o(.text)
    _ftell_internal                          0x0800126f   Thumb Code    66  ftell.o(.text)
    ftell                                    0x0800126f   Thumb Code     0  ftell.o(.text)
    __default_signal_display                 0x080012b1   Thumb Code    50  defsig_general.o(.text)
    __rt_SIGRTMEM                            0x080012e3   Thumb Code    14  defsig_rtmem_outer.o(.text)
    _ttywrch                                 0x080012f1   Thumb Code    14  sys_wrch.o(.text)
    __I$use$semihosting                      0x080012ff   Thumb Code     0  use_no_semi.o(.text)
    __use_no_semihosting_swi                 0x080012ff   Thumb Code     2  use_no_semi.o(.text)
    __aeabi_errno_addr                       0x08001301   Thumb Code     8  rt_errno_addr_intlibspace.o(.text)
    __errno$intlibspace                      0x08001301   Thumb Code     0  rt_errno_addr_intlibspace.o(.text)
    __rt_errno_addr$intlibspace              0x08001301   Thumb Code     0  rt_errno_addr_intlibspace.o(.text)
    __semihosting_library_function           0x08001301   Thumb Code     0  indicate_semi.o(.text)
    __rt_SIGRTMEM_inner                      0x08001309   Thumb Code    22  defsig_rtmem_inner.o(.text)
    BusFault_Handler                         0x08001359   Thumb Code     2  stm32f4xx_it.o(.text.BusFault_Handler)
    CAN1_RX0_IRQHandler                      0x0800135d   Thumb Code    12  stm32f4xx_it.o(.text.CAN1_RX0_IRQHandler)
    CanFilterInit                            0x08001369   Thumb Code   160  bsp_can.o(.text.CanFilterInit)
    DMA2_Stream1_IRQHandler                  0x08001479   Thumb Code    12  stm32f4xx_it.o(.text.DMA2_Stream1_IRQHandler)
    DebugMon_Handler                         0x08001485   Thumb Code     2  stm32f4xx_it.o(.text.DebugMon_Handler)
    Error_Handler                            0x08001489   Thumb Code    10  main.o(.text.Error_Handler)
    HAL_CAN_ActivateNotification             0x08001495   Thumb Code    46  stm32f4xx_hal_can.o(.text.HAL_CAN_ActivateNotification)
    HAL_CAN_AddTxMessage                     0x080014c5   Thumb Code   188  stm32f4xx_hal_can.o(.text.HAL_CAN_AddTxMessage)
    HAL_CAN_ConfigFilter                     0x08001581   Thumb Code   222  stm32f4xx_hal_can.o(.text.HAL_CAN_ConfigFilter)
    HAL_CAN_ErrorCallback                    0x08001661   Thumb Code     2  stm32f4xx_hal_can.o(.text.HAL_CAN_ErrorCallback)
    HAL_CAN_GetRxMessage                     0x08001665   Thumb Code   286  stm32f4xx_hal_can.o(.text.HAL_CAN_GetRxMessage)
    HAL_CAN_IRQHandler                       0x08001785   Thumb Code   606  stm32f4xx_hal_can.o(.text.HAL_CAN_IRQHandler)
    HAL_CAN_Init                             0x080019e5   Thumb Code   244  stm32f4xx_hal_can.o(.text.HAL_CAN_Init)
    HAL_CAN_MspInit                          0x08001ad9   Thumb Code   124  can.o(.text.HAL_CAN_MspInit)
    HAL_CAN_RxFifo0FullCallback              0x08001b55   Thumb Code     2  stm32f4xx_hal_can.o(.text.HAL_CAN_RxFifo0FullCallback)
    HAL_CAN_RxFifo0MsgPendingCallback        0x08001b59   Thumb Code   116  main.o(.text.HAL_CAN_RxFifo0MsgPendingCallback)
    HAL_CAN_RxFifo1FullCallback              0x08001c55   Thumb Code     2  stm32f4xx_hal_can.o(.text.HAL_CAN_RxFifo1FullCallback)
    HAL_CAN_RxFifo1MsgPendingCallback        0x08001c59   Thumb Code     2  stm32f4xx_hal_can.o(.text.HAL_CAN_RxFifo1MsgPendingCallback)
    HAL_CAN_SleepCallback                    0x08001c5d   Thumb Code     2  stm32f4xx_hal_can.o(.text.HAL_CAN_SleepCallback)
    HAL_CAN_Start                            0x08001c61   Thumb Code    90  stm32f4xx_hal_can.o(.text.HAL_CAN_Start)
    HAL_CAN_TxMailbox0AbortCallback          0x08001cbd   Thumb Code     2  stm32f4xx_hal_can.o(.text.HAL_CAN_TxMailbox0AbortCallback)
    HAL_CAN_TxMailbox0CompleteCallback       0x08001cc1   Thumb Code     2  stm32f4xx_hal_can.o(.text.HAL_CAN_TxMailbox0CompleteCallback)
    HAL_CAN_TxMailbox1AbortCallback          0x08001cc5   Thumb Code     2  stm32f4xx_hal_can.o(.text.HAL_CAN_TxMailbox1AbortCallback)
    HAL_CAN_TxMailbox1CompleteCallback       0x08001cc9   Thumb Code     2  stm32f4xx_hal_can.o(.text.HAL_CAN_TxMailbox1CompleteCallback)
    HAL_CAN_TxMailbox2AbortCallback          0x08001ccd   Thumb Code     2  stm32f4xx_hal_can.o(.text.HAL_CAN_TxMailbox2AbortCallback)
    HAL_CAN_TxMailbox2CompleteCallback       0x08001cd1   Thumb Code     2  stm32f4xx_hal_can.o(.text.HAL_CAN_TxMailbox2CompleteCallback)
    HAL_CAN_WakeUpFromRxMsgCallback          0x08001cd5   Thumb Code     2  stm32f4xx_hal_can.o(.text.HAL_CAN_WakeUpFromRxMsgCallback)
    HAL_DMA_Abort                            0x08001cd9   Thumb Code   146  stm32f4xx_hal_dma.o(.text.HAL_DMA_Abort)
    HAL_DMA_Abort_IT                         0x08001d6d   Thumb Code    36  stm32f4xx_hal_dma.o(.text.HAL_DMA_Abort_IT)
    HAL_DMA_IRQHandler                       0x08001d91   Thumb Code   448  stm32f4xx_hal_dma.o(.text.HAL_DMA_IRQHandler)
    HAL_DMA_Init                             0x08001f51   Thumb Code   354  stm32f4xx_hal_dma.o(.text.HAL_DMA_Init)
    HAL_Delay                                0x080020b5   Thumb Code    40  stm32f4xx_hal.o(.text.HAL_Delay)
    HAL_GPIO_Init                            0x080020dd   Thumb Code   442  stm32f4xx_hal_gpio.o(.text.HAL_GPIO_Init)
    HAL_GPIO_TogglePin                       0x08002299   Thumb Code    16  stm32f4xx_hal_gpio.o(.text.HAL_GPIO_TogglePin)
    HAL_GPIO_WritePin                        0x080022a9   Thumb Code    10  stm32f4xx_hal_gpio.o(.text.HAL_GPIO_WritePin)
    HAL_GetTick                              0x080022b5   Thumb Code    12  stm32f4xx_hal.o(.text.HAL_GetTick)
    HAL_IncTick                              0x080022c1   Thumb Code    26  stm32f4xx_hal.o(.text.HAL_IncTick)
    HAL_Init                                 0x080022dd   Thumb Code    54  stm32f4xx_hal.o(.text.HAL_Init)
    HAL_InitTick                             0x08002315   Thumb Code    72  stm32f4xx_hal.o(.text.HAL_InitTick)
    HAL_MspInit                              0x0800235d   Thumb Code    56  stm32f4xx_hal_msp.o(.text.HAL_MspInit)
    HAL_NVIC_EnableIRQ                       0x08002395   Thumb Code    32  stm32f4xx_hal_cortex.o(.text.HAL_NVIC_EnableIRQ)
    HAL_NVIC_SetPriority                     0x080023b5   Thumb Code    86  stm32f4xx_hal_cortex.o(.text.HAL_NVIC_SetPriority)
    HAL_NVIC_SetPriorityGrouping             0x0800240d   Thumb Code    32  stm32f4xx_hal_cortex.o(.text.HAL_NVIC_SetPriorityGrouping)
    HAL_RCC_ClockConfig                      0x0800242d   Thumb Code   352  stm32f4xx_hal_rcc.o(.text.HAL_RCC_ClockConfig)
    HAL_RCC_GetPCLK1Freq                     0x0800258d   Thumb Code    38  stm32f4xx_hal_rcc.o(.text.HAL_RCC_GetPCLK1Freq)
    HAL_RCC_GetPCLK2Freq                     0x080025b5   Thumb Code    38  stm32f4xx_hal_rcc.o(.text.HAL_RCC_GetPCLK2Freq)
    HAL_RCC_GetSysClockFreq                  0x080025dd   Thumb Code   108  stm32f4xx_hal_rcc.o(.text.HAL_RCC_GetSysClockFreq)
    HAL_RCC_OscConfig                        0x08002649   Thumb Code   888  stm32f4xx_hal_rcc.o(.text.HAL_RCC_OscConfig)
    HAL_SYSTICK_Config                       0x080029c1   Thumb Code    44  stm32f4xx_hal_cortex.o(.text.HAL_SYSTICK_Config)
    HAL_TIMEx_ConfigBreakDeadTime            0x080029ed   Thumb Code    76  stm32f4xx_hal_tim_ex.o(.text.HAL_TIMEx_ConfigBreakDeadTime)
    HAL_TIMEx_MasterConfigSynchronization    0x08002a39   Thumb Code   182  stm32f4xx_hal_tim_ex.o(.text.HAL_TIMEx_MasterConfigSynchronization)
    HAL_TIM_Base_Init                        0x08002af1   Thumb Code    90  stm32f4xx_hal_tim.o(.text.HAL_TIM_Base_Init)
    HAL_TIM_Base_MspInit                     0x08002b4d   Thumb Code   130  tim.o(.text.HAL_TIM_Base_MspInit)
    HAL_TIM_ConfigClockSource                0x08002bd1   Thumb Code   412  stm32f4xx_hal_tim.o(.text.HAL_TIM_ConfigClockSource)
    HAL_TIM_PWM_ConfigChannel                0x08002d6d   Thumb Code   546  stm32f4xx_hal_tim.o(.text.HAL_TIM_PWM_ConfigChannel)
    HAL_TIM_PWM_Init                         0x08002f91   Thumb Code    90  stm32f4xx_hal_tim.o(.text.HAL_TIM_PWM_Init)
    HAL_TIM_PWM_MspInit                      0x08002fed   Thumb Code     2  stm32f4xx_hal_tim.o(.text.HAL_TIM_PWM_MspInit)
    HAL_UARTEx_RxEventCallback               0x08002ff1   Thumb Code     2  stm32f4xx_hal_uart.o(.text.HAL_UARTEx_RxEventCallback)
    HAL_UART_ErrorCallback                   0x08002ff5   Thumb Code     2  stm32f4xx_hal_uart.o(.text.HAL_UART_ErrorCallback)
    HAL_UART_GetState                        0x08002ff9   Thumb Code    14  stm32f4xx_hal_uart.o(.text.HAL_UART_GetState)
    HAL_UART_IRQHandler                      0x08003009   Thumb Code  1368  stm32f4xx_hal_uart.o(.text.HAL_UART_IRQHandler)
    HAL_UART_Init                            0x08003561   Thumb Code    94  stm32f4xx_hal_uart.o(.text.HAL_UART_Init)
    HAL_UART_MspInit                         0x080035c1   Thumb Code   216  usart.o(.text.HAL_UART_MspInit)
    HAL_UART_Receive_IT                      0x08003699   Thumb Code    94  stm32f4xx_hal_uart.o(.text.HAL_UART_Receive_IT)
    HAL_UART_RxCpltCallback                  0x080036f9   Thumb Code   476  bsp_bc260y.o(.text.HAL_UART_RxCpltCallback)
    HAL_UART_Transmit                        0x080038dd   Thumb Code   638  stm32f4xx_hal_uart.o(.text.HAL_UART_Transmit)
    HAL_UART_TxCpltCallback                  0x08003b5d   Thumb Code     2  stm32f4xx_hal_uart.o(.text.HAL_UART_TxCpltCallback)
    HardFault_Handler                        0x08003b61   Thumb Code     2  stm32f4xx_it.o(.text.HardFault_Handler)
    MX_CAN1_Init                             0x08003b65   Thumb Code    72  can.o(.text.MX_CAN1_Init)
    MX_DMA_Init                              0x08003bad   Thumb Code    56  dma.o(.text.MX_DMA_Init)
    MX_GPIO_Init                             0x08003be5   Thumb Code   224  gpio.o(.text.MX_GPIO_Init)
    MX_TIM1_Init                             0x08003cc5   Thumb Code   322  tim.o(.text.MX_TIM1_Init)
    MX_USART1_UART_Init                      0x08003e09   Thumb Code    62  usart.o(.text.MX_USART1_UART_Init)
    MX_USART3_UART_Init                      0x08003e49   Thumb Code    60  usart.o(.text.MX_USART3_UART_Init)
    MemManage_Handler                        0x08003e85   Thumb Code     2  stm32f4xx_it.o(.text.MemManage_Handler)
    NMI_Handler                              0x08003e89   Thumb Code     2  stm32f4xx_it.o(.text.NMI_Handler)
    PendSV_Handler                           0x08003e8d   Thumb Code     2  stm32f4xx_it.o(.text.PendSV_Handler)
    SVC_Handler                              0x08003e91   Thumb Code     2  stm32f4xx_it.o(.text.SVC_Handler)
    SysTick_Handler                          0x08003e95   Thumb Code     4  stm32f4xx_it.o(.text.SysTick_Handler)
    SystemClock_Config                       0x08003e99   Thumb Code   176  main.o(.text.SystemClock_Config)
    SystemInit                               0x08003f49   Thumb Code    18  system_stm32f4xx.o(.text.SystemInit)
    TIM_Base_SetConfig                       0x08003f5d   Thumb Code   316  stm32f4xx_hal_tim.o(.text.TIM_Base_SetConfig)
    USART1_IRQHandler                        0x08004289   Thumb Code    12  stm32f4xx_it.o(.text.USART1_IRQHandler)
    USART3_IRQHandler                        0x08004295   Thumb Code    12  stm32f4xx_it.o(.text.USART3_IRQHandler)
    UsageFault_Handler                       0x080042a1   Thumb Code     2  stm32f4xx_it.o(.text.UsageFault_Handler)
    _sys_close                               0x080042a5   Thumb Code    20  retarget_io.o(.text._sys_close)
    _sys_flen                                0x080042b9   Thumb Code     4  retarget_io.o(.text._sys_flen)
    _sys_istty                               0x080042bd   Thumb Code    16  retarget_io.o(.text._sys_istty)
    _sys_open                                0x080042cd   Thumb Code    98  retarget_io.o(.text._sys_open)
    _sys_seek                                0x08004331   Thumb Code     6  retarget_io.o(.text._sys_seek)
    _sys_write                               0x08004339   Thumb Code    42  retarget_io.o(.text._sys_write)
    canDataPack                              0x08004365   Thumb Code   560  bsp_can.o(.text.canDataPack)
    carDataUpdate                            0x08004599   Thumb Code   256  bsp_can.o(.text.carDataUpdate)
    fputc                                    0x08004699   Thumb Code    50  usart.o(.text.fputc)
    main                                     0x080046cd   Thumb Code   146  main.o(.text.main)
    _is_digit                                0x0800475f   Thumb Code    14  __printf_wp.o(i._is_digit)
    _get_lc_ctype                            0x0800476d   Thumb Code    44  lc_ctype_c.o(locale$$code)
    __aeabi_dadd                             0x08004799   Thumb Code     0  daddsub_clz.o(x$fpl$dadd)
    _dadd                                    0x08004799   Thumb Code   332  daddsub_clz.o(x$fpl$dadd)
    __aeabi_ddiv                             0x080048e9   Thumb Code     0  ddiv.o(x$fpl$ddiv)
    _ddiv                                    0x080048e9   Thumb Code   556  ddiv.o(x$fpl$ddiv)
    __aeabi_d2iz                             0x08004b9d   Thumb Code     0  dfix.o(x$fpl$dfix)
    _dfix                                    0x08004b9d   Thumb Code    94  dfix.o(x$fpl$dfix)
    __aeabi_ui2d                             0x08004bfb   Thumb Code     0  dflt_clz.o(x$fpl$dfltu)
    _dfltu                                   0x08004bfb   Thumb Code    38  dflt_clz.o(x$fpl$dfltu)
    __aeabi_dmul                             0x08004c21   Thumb Code     0  dmul.o(x$fpl$dmul)
    _dmul                                    0x08004c21   Thumb Code   332  dmul.o(x$fpl$dmul)
    __fpl_dnaninf                            0x08004d75   Thumb Code   156  dnaninf.o(x$fpl$dnaninf)
    __fpl_dretinf                            0x08004e11   Thumb Code    12  dretinf.o(x$fpl$dretinf)
    __aeabi_dsub                             0x08004e1d   Thumb Code     0  daddsub_clz.o(x$fpl$dsub)
    _dsub                                    0x08004e1d   Thumb Code   472  daddsub_clz.o(x$fpl$dsub)
    _fp_init                                 0x08004ff9   Thumb Code    26  fpinit.o(x$fpl$fpinit)
    __fplib_config_fpu_vfp                   0x08005011   Thumb Code     0  fpinit.o(x$fpl$fpinit)
    __fplib_config_pureend_doubles           0x08005011   Thumb Code     0  fpinit.o(x$fpl$fpinit)
    __I$use$fp                               0x08005012   Number         0  usenofp.o(x$fpl$usenofp)
    AHBPrescTable                            0x08005055   Data          16  system_stm32f4xx.o(.rodata.AHBPrescTable)
    APBPrescTable                            0x08005065   Data           8  system_stm32f4xx.o(.rodata.APBPrescTable)
    __stderr_name                            0x0800506d   Data           8  retarget_io.o(.rodata.__stderr_name)
    __stdin_name                             0x08005075   Data           7  retarget_io.o(.rodata.__stdin_name)
    __stdout_name                            0x0800507c   Data           8  retarget_io.o(.rodata.__stdout_name)
    Region$$Table$$Base                      0x08005138   Number         0  anon$$obj.o(Region$$Table)
    Region$$Table$$Limit                     0x08005158   Number         0  anon$$obj.o(Region$$Table)
    __ctype                                  0x08005165   Data           0  lc_ctype_c.o(locale$$data)
    __aeabi_stdin                            0x20000000   Data           4  stdio_streams.o(.data)
    __aeabi_stdout                           0x20000004   Data           4  stdio_streams.o(.data)
    __aeabi_stderr                           0x20000008   Data           4  stdio_streams.o(.data)
    uwTickFreq                               0x2000000c   Data           1  stm32f4xx_hal.o(.data..L_MergedGlobals)
    uwTickPrio                               0x20000010   Data           4  stm32f4xx_hal.o(.data..L_MergedGlobals)
    SystemCoreClock                          0x20000014   Data           4  system_stm32f4xx.o(.data.SystemCoreClock)
    upSpeedFlag                              0x20000018   Data           1  bsp_can.o(.data.upSpeedFlag)
    __stdin                                  0x20000020   Data          84  stdio_streams.o(.bss)
    __stdout                                 0x20000074   Data          84  stdio_streams.o(.bss)
    __stderr                                 0x200000c8   Data          84  stdio_streams.o(.bss)
    __libspace_start                         0x2000011c   Data          96  libspace.o(.bss)
    __temporary_stack_top$libspace           0x2000017c   Data           0  libspace.o(.bss)
    racingCarData                            0x20000194   Data          24  bsp_can.o(.bss..L_MergedGlobals)
    usartTxFlag                              0x200001ac   Data           1  usart.o(.bss..L_MergedGlobals)
    usartRxFlag                              0x200001ad   Data           1  usart.o(.bss..L_MergedGlobals)
    huart1                                   0x200001b0   Data          68  usart.o(.bss..L_MergedGlobals)
    Uart1_Rx_Cnt                             0x200001f4   Data           1  bsp_bc260y.o(.bss..L_MergedGlobals)
    Uart3_Rx_Cnt                             0x200001f5   Data           1  bsp_bc260y.o(.bss..L_MergedGlobals)
    okFlag                                   0x200001f6   Data           1  bsp_bc260y.o(.bss..L_MergedGlobals)
    aRxBuffer1                               0x200001f7   Data           1  bsp_bc260y.o(.bss..L_MergedGlobals)
    aRxBuffer3                               0x200001f8   Data           1  bsp_bc260y.o(.bss..L_MergedGlobals)
    Buffer                                   0x200001fc   Data         256  bsp_bc260y.o(.bss.Buffer)
    RxBuffer1                                0x200002fc   Data         256  bsp_bc260y.o(.bss.RxBuffer1)
    RxBuffer3                                0x200003fc   Data         256  bsp_bc260y.o(.bss.RxBuffer3)
    hcan1                                    0x20000518   Data          40  can.o(.bss.hcan1)
    hdma_tim1_ch1                            0x20000540   Data          96  tim.o(.bss.hdma_tim1_ch1)
    htim1                                    0x200005a0   Data          72  tim.o(.bss.htim1)
    huart3                                   0x200005e8   Data          68  usart.o(.bss.huart3)
    uwTick                                   0x2000062c   Data           4  stm32f4xx_hal.o(.bss.uwTick)



==============================================================================

Memory Map of the image

  Image Entry point : 0x08000189

  Load Region LR_IROM1 (Base: 0x08000000, Size: 0x00005288, Max: 0x00080000, ABSOLUTE)

    Execution Region ER_IROM1 (Exec base: 0x08000000, Load base: 0x08000000, Size: 0x00005268, Max: 0x00080000, ABSOLUTE)

    Exec Addr    Load Addr    Size         Type   Attr      Idx    E Section Name        Object

    0x08000000   0x08000000   0x00000188   Data   RO            3    RESET               startup_stm32f407xx.o
    0x08000188   0x08000188   0x00000008   Code   RO         1251  * !!!main             c_w.l(__main.o)
    0x08000190   0x08000190   0x00000034   Code   RO         1625    !!!scatter          c_w.l(__scatter.o)
    0x080001c4   0x080001c4   0x0000001a   Code   RO         1627    !!handler_copy      c_w.l(__scatter_copy.o)
    0x080001de   0x080001de   0x00000002   PAD
    0x080001e0   0x080001e0   0x0000001c   Code   RO         1629    !!handler_zi        c_w.l(__scatter_zi.o)
    0x080001fc   0x080001fc   0x00000000   Code   RO         1231    .ARM.Collect$$_printf_percent$$00000000  c_w.l(_printf_percent.o)
    0x080001fc   0x080001fc   0x00000006   Code   RO         1228    .ARM.Collect$$_printf_percent$$00000008  c_w.l(_printf_i.o)
    0x08000202   0x08000202   0x00000006   Code   RO         1229    .ARM.Collect$$_printf_percent$$00000009  c_w.l(_printf_d.o)
    0x08000208   0x08000208   0x00000006   Code   RO         1230    .ARM.Collect$$_printf_percent$$0000000A  c_w.l(_printf_u.o)
    0x0800020e   0x0800020e   0x00000006   Code   RO         1227    .ARM.Collect$$_printf_percent$$0000000B  c_w.l(_printf_o.o)
    0x08000214   0x08000214   0x00000006   Code   RO         1226    .ARM.Collect$$_printf_percent$$0000000C  c_w.l(_printf_x.o)
    0x0800021a   0x0800021a   0x0000000a   Code   RO         1293    .ARM.Collect$$_printf_percent$$00000012  c_w.l(_printf_l.o)
    0x08000224   0x08000224   0x00000006   Code   RO         1224    .ARM.Collect$$_printf_percent$$00000013  c_w.l(_printf_c.o)
    0x0800022a   0x0800022a   0x00000006   Code   RO         1225    .ARM.Collect$$_printf_percent$$00000014  c_w.l(_printf_s.o)
    0x08000230   0x08000230   0x00000006   Code   RO         1232    .ARM.Collect$$_printf_percent$$00000015  c_w.l(_printf_lc.o)
    0x08000236   0x08000236   0x00000004   Code   RO         1292    .ARM.Collect$$_printf_percent$$00000017  c_w.l(_printf_percent_end.o)
    0x0800023a   0x0800023a   0x00000002   Code   RO         1430    .ARM.Collect$$libinit$$00000000  c_w.l(libinit.o)
    0x0800023c   0x0800023c   0x00000004   Code   RO         1431    .ARM.Collect$$libinit$$00000001  c_w.l(libinit2.o)
    0x08000240   0x08000240   0x00000000   Code   RO         1434    .ARM.Collect$$libinit$$00000004  c_w.l(libinit2.o)
    0x08000240   0x08000240   0x00000000   Code   RO         1436    .ARM.Collect$$libinit$$00000006  c_w.l(libinit2.o)
    0x08000240   0x08000240   0x00000008   Code   RO         1437    .ARM.Collect$$libinit$$00000007  c_w.l(libinit2.o)
    0x08000248   0x08000248   0x00000000   Code   RO         1439    .ARM.Collect$$libinit$$0000000C  c_w.l(libinit2.o)
    0x08000248   0x08000248   0x00000000   Code   RO         1441    .ARM.Collect$$libinit$$0000000E  c_w.l(libinit2.o)
    0x08000248   0x08000248   0x00000000   Code   RO         1443    .ARM.Collect$$libinit$$00000010  c_w.l(libinit2.o)
    0x08000248   0x08000248   0x00000006   Code   RO         1444    .ARM.Collect$$libinit$$00000011  c_w.l(libinit2.o)
    0x0800024e   0x0800024e   0x00000000   Code   RO         1446    .ARM.Collect$$libinit$$00000013  c_w.l(libinit2.o)
    0x0800024e   0x0800024e   0x0000000c   Code   RO         1447    .ARM.Collect$$libinit$$00000014  c_w.l(libinit2.o)
    0x0800025a   0x0800025a   0x00000000   Code   RO         1448    .ARM.Collect$$libinit$$00000015  c_w.l(libinit2.o)
    0x0800025a   0x0800025a   0x00000000   Code   RO         1450    .ARM.Collect$$libinit$$00000017  c_w.l(libinit2.o)
    0x0800025a   0x0800025a   0x00000000   Code   RO         1452    .ARM.Collect$$libinit$$00000019  c_w.l(libinit2.o)
    0x0800025a   0x0800025a   0x00000000   Code   RO         1454    .ARM.Collect$$libinit$$0000001B  c_w.l(libinit2.o)
    0x0800025a   0x0800025a   0x00000000   Code   RO         1456    .ARM.Collect$$libinit$$0000001D  c_w.l(libinit2.o)
    0x0800025a   0x0800025a   0x00000000   Code   RO         1458    .ARM.Collect$$libinit$$0000001F  c_w.l(libinit2.o)
    0x0800025a   0x0800025a   0x00000000   Code   RO         1460    .ARM.Collect$$libinit$$00000021  c_w.l(libinit2.o)
    0x0800025a   0x0800025a   0x00000000   Code   RO         1462    .ARM.Collect$$libinit$$00000023  c_w.l(libinit2.o)
    0x0800025a   0x0800025a   0x00000000   Code   RO         1464    .ARM.Collect$$libinit$$00000025  c_w.l(libinit2.o)
    0x0800025a   0x0800025a   0x00000004   Code   RO         1465    .ARM.Collect$$libinit$$00000026  c_w.l(libinit2.o)
    0x0800025e   0x0800025e   0x00000000   Code   RO         1466    .ARM.Collect$$libinit$$00000027  c_w.l(libinit2.o)
    0x0800025e   0x0800025e   0x00000000   Code   RO         1470    .ARM.Collect$$libinit$$0000002E  c_w.l(libinit2.o)
    0x0800025e   0x0800025e   0x00000000   Code   RO         1472    .ARM.Collect$$libinit$$00000030  c_w.l(libinit2.o)
    0x0800025e   0x0800025e   0x00000000   Code   RO         1474    .ARM.Collect$$libinit$$00000032  c_w.l(libinit2.o)
    0x0800025e   0x0800025e   0x00000000   Code   RO         1476    .ARM.Collect$$libinit$$00000034  c_w.l(libinit2.o)
    0x0800025e   0x0800025e   0x00000002   Code   RO         1477    .ARM.Collect$$libinit$$00000035  c_w.l(libinit2.o)
    0x08000260   0x08000260   0x00000002   Code   RO         1606    .ARM.Collect$$libshutdown$$00000000  c_w.l(libshutdown.o)
    0x08000262   0x08000262   0x00000000   Code   RO         1479    .ARM.Collect$$libshutdown$$00000002  c_w.l(libshutdown2.o)
    0x08000262   0x08000262   0x00000004   Code   RO         1480    .ARM.Collect$$libshutdown$$00000003  c_w.l(libshutdown2.o)
    0x08000266   0x08000266   0x00000000   Code   RO         1481    .ARM.Collect$$libshutdown$$00000004  c_w.l(libshutdown2.o)
    0x08000266   0x08000266   0x00000000   Code   RO         1484    .ARM.Collect$$libshutdown$$00000007  c_w.l(libshutdown2.o)
    0x08000266   0x08000266   0x00000000   Code   RO         1487    .ARM.Collect$$libshutdown$$0000000A  c_w.l(libshutdown2.o)
    0x08000266   0x08000266   0x00000000   Code   RO         1489    .ARM.Collect$$libshutdown$$0000000C  c_w.l(libshutdown2.o)
    0x08000266   0x08000266   0x00000000   Code   RO         1492    .ARM.Collect$$libshutdown$$0000000F  c_w.l(libshutdown2.o)
    0x08000266   0x08000266   0x00000002   Code   RO         1493    .ARM.Collect$$libshutdown$$00000010  c_w.l(libshutdown2.o)
    0x08000268   0x08000268   0x00000000   Code   RO         1275    .ARM.Collect$$rtentry$$00000000  c_w.l(__rtentry.o)
    0x08000268   0x08000268   0x00000000   Code   RO         1308    .ARM.Collect$$rtentry$$00000002  c_w.l(__rtentry2.o)
    0x08000268   0x08000268   0x00000006   Code   RO         1320    .ARM.Collect$$rtentry$$00000004  c_w.l(__rtentry4.o)
    0x0800026e   0x0800026e   0x00000000   Code   RO         1310    .ARM.Collect$$rtentry$$00000009  c_w.l(__rtentry2.o)
    0x0800026e   0x0800026e   0x00000004   Code   RO         1311    .ARM.Collect$$rtentry$$0000000A  c_w.l(__rtentry2.o)
    0x08000272   0x08000272   0x00000000   Code   RO         1313    .ARM.Collect$$rtentry$$0000000C  c_w.l(__rtentry2.o)
    0x08000272   0x08000272   0x00000008   Code   RO         1314    .ARM.Collect$$rtentry$$0000000D  c_w.l(__rtentry2.o)
    0x0800027a   0x0800027a   0x00000002   Code   RO         1497    .ARM.Collect$$rtexit$$00000000  c_w.l(rtexit.o)
    0x0800027c   0x0800027c   0x00000000   Code   RO         1545    .ARM.Collect$$rtexit$$00000002  c_w.l(rtexit2.o)
    0x0800027c   0x0800027c   0x00000004   Code   RO         1546    .ARM.Collect$$rtexit$$00000003  c_w.l(rtexit2.o)
    0x08000280   0x08000280   0x00000006   Code   RO         1547    .ARM.Collect$$rtexit$$00000004  c_w.l(rtexit2.o)
    0x08000286   0x08000286   0x00000002   PAD
    0x08000288   0x08000288   0x00000040   Code   RO            4    .text               startup_stm32f407xx.o
    0x080002c8   0x080002c8   0x000000f0   Code   RO         1154    .text               c_w.l(lludivv7m.o)
    0x080003b8   0x080003b8   0x00000018   Code   RO         1160    .text               c_w.l(noretval__2printf.o)
    0x080003d0   0x080003d0   0x0000004e   Code   RO         1166    .text               c_w.l(_printf_pad.o)
    0x0800041e   0x0800041e   0x00000024   Code   RO         1168    .text               c_w.l(_printf_truncate.o)
    0x08000442   0x08000442   0x00000052   Code   RO         1170    .text               c_w.l(_printf_str.o)
    0x08000494   0x08000494   0x00000078   Code   RO         1172    .text               c_w.l(_printf_dec.o)
    0x0800050c   0x0800050c   0x000000bc   Code   RO         1174    .text               c_w.l(_printf_wctomb.o)
    0x080005c8   0x080005c8   0x00000054   Code   RO         1179    .text               c_w.l(_printf_oct_int.o)
    0x0800061c   0x0800061c   0x00000058   Code   RO         1186    .text               c_w.l(_printf_hex_int.o)
    0x08000674   0x08000674   0x00000188   Code   RO         1221    .text               c_w.l(__printf_flags_ss_wp.o)
    0x080007fc   0x080007fc   0x0000002c   Code   RO         1235    .text               c_w.l(puts.o)
    0x08000828   0x08000828   0x00000024   Code   RO         1237    .text               c_w.l(strstr.o)
    0x0800084c   0x0800084c   0x00000058   Code   RO         1239    .text               c_w.l(memcmp.o)
    0x080008a4   0x080008a4   0x00000048   Code   RO         1241    .text               c_w.l(strcpy.o)
    0x080008ec   0x080008ec   0x0000004e   Code   RO         1245    .text               c_w.l(rt_memclr_w.o)
    0x0800093a   0x0800093a   0x00000006   PAD
    0x08000940   0x08000940   0x0000007c   Code   RO         1247    .text               c_w.l(strcmpv7em.o)
    0x080009bc   0x080009bc   0x00000006   Code   RO         1249    .text               c_w.l(heapauxi.o)
    0x080009c2   0x080009c2   0x000000b2   Code   RO         1280    .text               c_w.l(_printf_intcommon.o)
    0x08000a74   0x08000a74   0x00000030   Code   RO         1282    .text               c_w.l(_printf_char_common.o)
    0x08000aa4   0x08000aa4   0x0000002c   Code   RO         1286    .text               c_w.l(_printf_char.o)
    0x08000ad0   0x08000ad0   0x00000024   Code   RO         1288    .text               c_w.l(_printf_char_file.o)
    0x08000af4   0x08000af4   0x0000002c   Code   RO         1290    .text               c_w.l(_printf_wchar.o)
    0x08000b20   0x08000b20   0x00000048   Code   RO         1300    .text               c_w.l(_c16rtomb.o)
    0x08000b68   0x08000b68   0x00000010   Code   RO         1322    .text               c_w.l(rt_ctype_table.o)
    0x08000b78   0x08000b78   0x00000008   Code   RO         1328    .text               c_w.l(ferror.o)
    0x08000b80   0x08000b80   0x00000138   Code   RO         1330    .text               c_w.l(initio.o)
    0x08000cb8   0x08000cb8   0x0000004a   Code   RO         1338    .text               c_w.l(sys_stackheap_outer.o)
    0x08000d02   0x08000d02   0x00000002   PAD
    0x08000d04   0x08000d04   0x00000008   Code   RO         1343    .text               c_w.l(rt_locale_intlibspace.o)
    0x08000d0c   0x08000d0c   0x0000004e   Code   RO         1347    .text               c_w.l(h1_free.o)
    0x08000d5a   0x08000d5a   0x00000046   Code   RO         1401    .text               c_w.l(setvbuf.o)
    0x08000da0   0x08000da0   0x000000f0   Code   RO         1404    .text               c_w.l(fopen.o)
    0x08000e90   0x08000e90   0x0000004c   Code   RO         1406    .text               c_w.l(fclose.o)
    0x08000edc   0x08000edc   0x00000012   Code   RO         1415    .text               c_w.l(exit.o)
    0x08000eee   0x08000eee   0x0000000e   Code   RO         1421    .text               c_w.l(defsig_rtred_outer.o)
    0x08000efc   0x08000efc   0x00000008   Code   RO         1494    .text               c_w.l(libspace.o)
    0x08000f04   0x08000f04   0x00000008   Code   RO         1504    .text               c_w.l(rt_heap_descriptor_intlibspace.o)
    0x08000f0c   0x08000f0c   0x00000004   Code   RO         1506    .text               c_w.l(hguard.o)
    0x08000f10   0x08000f10   0x0000008a   Code   RO         1508    .text               c_w.l(init_alloc.o)
    0x08000f9a   0x08000f9a   0x0000005e   Code   RO         1514    .text               c_w.l(h1_alloc.o)
    0x08000ff8   0x08000ff8   0x000000f8   Code   RO         1526    .text               c_w.l(fseek.o)
    0x080010f0   0x080010f0   0x000000f0   Code   RO         1528    .text               c_w.l(stdio.o)
    0x080011e0   0x080011e0   0x0000000a   Code   RO         1530    .text               c_w.l(defsig_exit.o)
    0x080011ea   0x080011ea   0x00000002   PAD
    0x080011ec   0x080011ec   0x00000034   Code   RO         1534    .text               c_w.l(defsig_rtred_inner.o)
    0x08001220   0x08001220   0x0000000c   Code   RO         1540    .text               c_w.l(sys_exit.o)
    0x0800122c   0x0800122c   0x00000000   Code   RO         1551    .text               c_w.l(maybetermalloc1.o)
    0x0800122c   0x0800122c   0x0000000e   Code   RO         1553    .text               c_w.l(h1_init.o)
    0x0800123a   0x0800123a   0x00000034   Code   RO         1555    .text               c_w.l(h1_extend.o)
    0x0800126e   0x0800126e   0x00000042   Code   RO         1561    .text               c_w.l(ftell.o)
    0x080012b0   0x080012b0   0x00000032   Code   RO         1565    .text               c_w.l(defsig_general.o)
    0x080012e2   0x080012e2   0x0000000e   Code   RO         1567    .text               c_w.l(defsig_rtmem_outer.o)
    0x080012f0   0x080012f0   0x0000000e   Code   RO         1580    .text               c_w.l(sys_wrch.o)
    0x080012fe   0x080012fe   0x00000002   Code   RO         1588    .text               c_w.l(use_no_semi.o)
    0x08001300   0x08001300   0x00000000   Code   RO         1590    .text               c_w.l(indicate_semi.o)
    0x08001300   0x08001300   0x00000008   Code   RO         1594    .text               c_w.l(rt_errno_addr_intlibspace.o)
    0x08001308   0x08001308   0x00000050   Code   RO         1600    .text               c_w.l(defsig_rtmem_inner.o)
    0x08001358   0x08001358   0x00000002   Code   RO          130    .text.BusFault_Handler  stm32f4xx_it.o
    0x0800135a   0x0800135a   0x00000002   PAD
    0x0800135c   0x0800135c   0x0000000c   Code   RO          142    .text.CAN1_RX0_IRQHandler  stm32f4xx_it.o
    0x08001368   0x08001368   0x00000110   Code   RO           15    .text.CanFilterInit  bsp_can.o
    0x08001478   0x08001478   0x0000000c   Code   RO          148    .text.DMA2_Stream1_IRQHandler  stm32f4xx_it.o
    0x08001484   0x08001484   0x00000002   Code   RO          136    .text.DebugMon_Handler  stm32f4xx_it.o
    0x08001486   0x08001486   0x00000002   PAD
    0x08001488   0x08001488   0x0000000a   Code   RO           38    .text.Error_Handler  main.o
    0x08001492   0x08001492   0x00000002   PAD
    0x08001494   0x08001494   0x0000002e   Code   RO          199    .text.HAL_CAN_ActivateNotification  stm32f4xx_hal_can.o
    0x080014c2   0x080014c2   0x00000002   PAD
    0x080014c4   0x080014c4   0x000000bc   Code   RO          185    .text.HAL_CAN_AddTxMessage  stm32f4xx_hal_can.o
    0x08001580   0x08001580   0x000000de   Code   RO          175    .text.HAL_CAN_ConfigFilter  stm32f4xx_hal_can.o
    0x0800165e   0x0800165e   0x00000002   PAD
    0x08001660   0x08001660   0x00000002   Code   RO          229    .text.HAL_CAN_ErrorCallback  stm32f4xx_hal_can.o
    0x08001662   0x08001662   0x00000002   PAD
    0x08001664   0x08001664   0x0000011e   Code   RO          195    .text.HAL_CAN_GetRxMessage  stm32f4xx_hal_can.o
    0x08001782   0x08001782   0x00000002   PAD
    0x08001784   0x08001784   0x0000025e   Code   RO          203    .text.HAL_CAN_IRQHandler  stm32f4xx_hal_can.o
    0x080019e2   0x080019e2   0x00000002   PAD
    0x080019e4   0x080019e4   0x000000f4   Code   RO          165    .text.HAL_CAN_Init  stm32f4xx_hal_can.o
    0x08001ad8   0x08001ad8   0x0000007c   Code   RO           62    .text.HAL_CAN_MspInit  can.o
    0x08001b54   0x08001b54   0x00000002   Code   RO          217    .text.HAL_CAN_RxFifo0FullCallback  stm32f4xx_hal_can.o
    0x08001b56   0x08001b56   0x00000002   PAD
    0x08001b58   0x08001b58   0x000000fc   Code   RO           32    .text.HAL_CAN_RxFifo0MsgPendingCallback  main.o
    0x08001c54   0x08001c54   0x00000002   Code   RO          221    .text.HAL_CAN_RxFifo1FullCallback  stm32f4xx_hal_can.o
    0x08001c56   0x08001c56   0x00000002   PAD
    0x08001c58   0x08001c58   0x00000002   Code   RO          223    .text.HAL_CAN_RxFifo1MsgPendingCallback  stm32f4xx_hal_can.o
    0x08001c5a   0x08001c5a   0x00000002   PAD
    0x08001c5c   0x08001c5c   0x00000002   Code   RO          225    .text.HAL_CAN_SleepCallback  stm32f4xx_hal_can.o
    0x08001c5e   0x08001c5e   0x00000002   PAD
    0x08001c60   0x08001c60   0x0000005a   Code   RO          177    .text.HAL_CAN_Start  stm32f4xx_hal_can.o
    0x08001cba   0x08001cba   0x00000002   PAD
    0x08001cbc   0x08001cbc   0x00000002   Code   RO          207    .text.HAL_CAN_TxMailbox0AbortCallback  stm32f4xx_hal_can.o
    0x08001cbe   0x08001cbe   0x00000002   PAD
    0x08001cc0   0x08001cc0   0x00000002   Code   RO          205    .text.HAL_CAN_TxMailbox0CompleteCallback  stm32f4xx_hal_can.o
    0x08001cc2   0x08001cc2   0x00000002   PAD
    0x08001cc4   0x08001cc4   0x00000002   Code   RO          211    .text.HAL_CAN_TxMailbox1AbortCallback  stm32f4xx_hal_can.o
    0x08001cc6   0x08001cc6   0x00000002   PAD
    0x08001cc8   0x08001cc8   0x00000002   Code   RO          209    .text.HAL_CAN_TxMailbox1CompleteCallback  stm32f4xx_hal_can.o
    0x08001cca   0x08001cca   0x00000002   PAD
    0x08001ccc   0x08001ccc   0x00000002   Code   RO          215    .text.HAL_CAN_TxMailbox2AbortCallback  stm32f4xx_hal_can.o
    0x08001cce   0x08001cce   0x00000002   PAD
    0x08001cd0   0x08001cd0   0x00000002   Code   RO          213    .text.HAL_CAN_TxMailbox2CompleteCallback  stm32f4xx_hal_can.o
    0x08001cd2   0x08001cd2   0x00000002   PAD
    0x08001cd4   0x08001cd4   0x00000002   Code   RO          227    .text.HAL_CAN_WakeUpFromRxMsgCallback  stm32f4xx_hal_can.o
    0x08001cd6   0x08001cd6   0x00000002   PAD
    0x08001cd8   0x08001cd8   0x00000092   Code   RO          401    .text.HAL_DMA_Abort  stm32f4xx_hal_dma.o
    0x08001d6a   0x08001d6a   0x00000002   PAD
    0x08001d6c   0x08001d6c   0x00000024   Code   RO          403    .text.HAL_DMA_Abort_IT  stm32f4xx_hal_dma.o
    0x08001d90   0x08001d90   0x000001c0   Code   RO          407    .text.HAL_DMA_IRQHandler  stm32f4xx_hal_dma.o
    0x08001f50   0x08001f50   0x00000162   Code   RO          393    .text.HAL_DMA_Init  stm32f4xx_hal_dma.o
    0x080020b2   0x080020b2   0x00000002   PAD
    0x080020b4   0x080020b4   0x00000028   Code   RO          554    .text.HAL_Delay     stm32f4xx_hal.o
    0x080020dc   0x080020dc   0x000001ba   Code   RO          355    .text.HAL_GPIO_Init  stm32f4xx_hal_gpio.o
    0x08002296   0x08002296   0x00000002   PAD
    0x08002298   0x08002298   0x00000010   Code   RO          363    .text.HAL_GPIO_TogglePin  stm32f4xx_hal_gpio.o
    0x080022a8   0x080022a8   0x0000000a   Code   RO          361    .text.HAL_GPIO_WritePin  stm32f4xx_hal_gpio.o
    0x080022b2   0x080022b2   0x00000002   PAD
    0x080022b4   0x080022b4   0x0000000c   Code   RO          546    .text.HAL_GetTick   stm32f4xx_hal.o
    0x080022c0   0x080022c0   0x0000001a   Code   RO          544    .text.HAL_IncTick   stm32f4xx_hal.o
    0x080022da   0x080022da   0x00000002   PAD
    0x080022dc   0x080022dc   0x00000036   Code   RO          534    .text.HAL_Init      stm32f4xx_hal.o
    0x08002312   0x08002312   0x00000002   PAD
    0x08002314   0x08002314   0x00000048   Code   RO          536    .text.HAL_InitTick  stm32f4xx_hal.o
    0x0800235c   0x0800235c   0x00000038   Code   RO          157    .text.HAL_MspInit   stm32f4xx_hal_msp.o
    0x08002394   0x08002394   0x00000020   Code   RO          492    .text.HAL_NVIC_EnableIRQ  stm32f4xx_hal_cortex.o
    0x080023b4   0x080023b4   0x00000056   Code   RO          490    .text.HAL_NVIC_SetPriority  stm32f4xx_hal_cortex.o
    0x0800240a   0x0800240a   0x00000002   PAD
    0x0800240c   0x0800240c   0x00000020   Code   RO          488    .text.HAL_NVIC_SetPriorityGrouping  stm32f4xx_hal_cortex.o
    0x0800242c   0x0800242c   0x00000160   Code   RO          249    .text.HAL_RCC_ClockConfig  stm32f4xx_hal_rcc.o
    0x0800258c   0x0800258c   0x00000026   Code   RO          261    .text.HAL_RCC_GetPCLK1Freq  stm32f4xx_hal_rcc.o
    0x080025b2   0x080025b2   0x00000002   PAD
    0x080025b4   0x080025b4   0x00000026   Code   RO          263    .text.HAL_RCC_GetPCLK2Freq  stm32f4xx_hal_rcc.o
    0x080025da   0x080025da   0x00000002   PAD
    0x080025dc   0x080025dc   0x0000006c   Code   RO          251    .text.HAL_RCC_GetSysClockFreq  stm32f4xx_hal_rcc.o
    0x08002648   0x08002648   0x00000378   Code   RO          247    .text.HAL_RCC_OscConfig  stm32f4xx_hal_rcc.o
    0x080029c0   0x080029c0   0x0000002c   Code   RO          500    .text.HAL_SYSTICK_Config  stm32f4xx_hal_cortex.o
    0x080029ec   0x080029ec   0x0000004c   Code   RO          921    .text.HAL_TIMEx_ConfigBreakDeadTime  stm32f4xx_hal_tim_ex.o
    0x08002a38   0x08002a38   0x000000b6   Code   RO          919    .text.HAL_TIMEx_MasterConfigSynchronization  stm32f4xx_hal_tim_ex.o
    0x08002aee   0x08002aee   0x00000002   PAD
    0x08002af0   0x08002af0   0x0000005a   Code   RO          624    .text.HAL_TIM_Base_Init  stm32f4xx_hal_tim.o
    0x08002b4a   0x08002b4a   0x00000002   PAD
    0x08002b4c   0x08002b4c   0x00000082   Code   RO           88    .text.HAL_TIM_Base_MspInit  tim.o
    0x08002bce   0x08002bce   0x00000002   PAD
    0x08002bd0   0x08002bd0   0x0000019c   Code   RO          804    .text.HAL_TIM_ConfigClockSource  stm32f4xx_hal_tim.o
    0x08002d6c   0x08002d6c   0x00000222   Code   RO          778    .text.HAL_TIM_PWM_ConfigChannel  stm32f4xx_hal_tim.o
    0x08002f8e   0x08002f8e   0x00000002   PAD
    0x08002f90   0x08002f90   0x0000005a   Code   RO          678    .text.HAL_TIM_PWM_Init  stm32f4xx_hal_tim.o
    0x08002fea   0x08002fea   0x00000002   PAD
    0x08002fec   0x08002fec   0x00000002   Code   RO          680    .text.HAL_TIM_PWM_MspInit  stm32f4xx_hal_tim.o
    0x08002fee   0x08002fee   0x00000002   PAD
    0x08002ff0   0x08002ff0   0x00000002   Code   RO         1027    .text.HAL_UARTEx_RxEventCallback  stm32f4xx_hal_uart.o
    0x08002ff2   0x08002ff2   0x00000002   PAD
    0x08002ff4   0x08002ff4   0x00000002   Code   RO         1025    .text.HAL_UART_ErrorCallback  stm32f4xx_hal_uart.o
    0x08002ff6   0x08002ff6   0x00000002   PAD
    0x08002ff8   0x08002ff8   0x0000000e   Code   RO         1047    .text.HAL_UART_GetState  stm32f4xx_hal_uart.o
    0x08003006   0x08003006   0x00000002   PAD
    0x08003008   0x08003008   0x00000558   Code   RO         1019    .text.HAL_UART_IRQHandler  stm32f4xx_hal_uart.o
    0x08003560   0x08003560   0x0000005e   Code   RO          943    .text.HAL_UART_Init  stm32f4xx_hal_uart.o
    0x080035be   0x080035be   0x00000002   PAD
    0x080035c0   0x080035c0   0x000000d8   Code   RO          106    .text.HAL_UART_MspInit  usart.o
    0x08003698   0x08003698   0x0000005e   Code   RO          965    .text.HAL_UART_Receive_IT  stm32f4xx_hal_uart.o
    0x080036f6   0x080036f6   0x00000002   PAD
    0x080036f8   0x080036f8   0x000001e4   Code   RO         1090    .text.HAL_UART_RxCpltCallback  bsp_bc260y.o
    0x080038dc   0x080038dc   0x0000027e   Code   RO          959    .text.HAL_UART_Transmit  stm32f4xx_hal_uart.o
    0x08003b5a   0x08003b5a   0x00000002   PAD
    0x08003b5c   0x08003b5c   0x00000002   Code   RO         1029    .text.HAL_UART_TxCpltCallback  stm32f4xx_hal_uart.o
    0x08003b5e   0x08003b5e   0x00000002   PAD
    0x08003b60   0x08003b60   0x00000002   Code   RO          126    .text.HardFault_Handler  stm32f4xx_it.o
    0x08003b62   0x08003b62   0x00000002   PAD
    0x08003b64   0x08003b64   0x00000048   Code   RO           60    .text.MX_CAN1_Init  can.o
    0x08003bac   0x08003bac   0x00000038   Code   RO           75    .text.MX_DMA_Init   dma.o
    0x08003be4   0x08003be4   0x000000e0   Code   RO           51    .text.MX_GPIO_Init  gpio.o
    0x08003cc4   0x08003cc4   0x00000142   Code   RO           84    .text.MX_TIM1_Init  tim.o
    0x08003e06   0x08003e06   0x00000002   PAD
    0x08003e08   0x08003e08   0x0000003e   Code   RO          102    .text.MX_USART1_UART_Init  usart.o
    0x08003e46   0x08003e46   0x00000002   PAD
    0x08003e48   0x08003e48   0x0000003c   Code   RO          104    .text.MX_USART3_UART_Init  usart.o
    0x08003e84   0x08003e84   0x00000002   Code   RO          128    .text.MemManage_Handler  stm32f4xx_it.o
    0x08003e86   0x08003e86   0x00000002   PAD
    0x08003e88   0x08003e88   0x00000002   Code   RO          124    .text.NMI_Handler   stm32f4xx_it.o
    0x08003e8a   0x08003e8a   0x00000002   PAD
    0x08003e8c   0x08003e8c   0x00000002   Code   RO          138    .text.PendSV_Handler  stm32f4xx_it.o
    0x08003e8e   0x08003e8e   0x00000002   PAD
    0x08003e90   0x08003e90   0x00000002   Code   RO          134    .text.SVC_Handler   stm32f4xx_it.o
    0x08003e92   0x08003e92   0x00000002   PAD
    0x08003e94   0x08003e94   0x00000004   Code   RO          140    .text.SysTick_Handler  stm32f4xx_it.o
    0x08003e98   0x08003e98   0x000000b0   Code   RO           36    .text.SystemClock_Config  main.o
    0x08003f48   0x08003f48   0x00000012   Code   RO         1063    .text.SystemInit    system_stm32f4xx.o
    0x08003f5a   0x08003f5a   0x00000002   PAD
    0x08003f5c   0x08003f5c   0x0000013c   Code   RO          628    .text.TIM_Base_SetConfig  stm32f4xx_hal_tim.o
    0x08004098   0x08004098   0x0000000c   Code   RO         1023    .text.UART_DMAAbortOnError  stm32f4xx_hal_uart.o
    0x080040a4   0x080040a4   0x000000fe   Code   RO         1021    .text.UART_Receive_IT  stm32f4xx_hal_uart.o
    0x080041a2   0x080041a2   0x00000002   PAD
    0x080041a4   0x080041a4   0x000000e2   Code   RO          947    .text.UART_SetConfig  stm32f4xx_hal_uart.o
    0x08004286   0x08004286   0x00000002   PAD
    0x08004288   0x08004288   0x0000000c   Code   RO          144    .text.USART1_IRQHandler  stm32f4xx_it.o
    0x08004294   0x08004294   0x0000000c   Code   RO          146    .text.USART3_IRQHandler  stm32f4xx_it.o
    0x080042a0   0x080042a0   0x00000002   Code   RO          132    .text.UsageFault_Handler  stm32f4xx_it.o
    0x080042a2   0x080042a2   0x00000002   PAD
    0x080042a4   0x080042a4   0x00000014   Code   RO         1130    .text._sys_close    retarget_io.o
    0x080042b8   0x080042b8   0x00000004   Code   RO         1140    .text._sys_flen     retarget_io.o
    0x080042bc   0x080042bc   0x00000010   Code   RO         1136    .text._sys_istty    retarget_io.o
    0x080042cc   0x080042cc   0x00000062   Code   RO         1128    .text._sys_open     retarget_io.o
    0x0800432e   0x0800432e   0x00000002   PAD
    0x08004330   0x08004330   0x00000006   Code   RO         1138    .text._sys_seek     retarget_io.o
    0x08004336   0x08004336   0x00000002   PAD
    0x08004338   0x08004338   0x0000002a   Code   RO         1132    .text._sys_write    retarget_io.o
    0x08004362   0x08004362   0x00000002   PAD
    0x08004364   0x08004364   0x00000230   Code   RO           19    .text.canDataPack   bsp_can.o
    0x08004594   0x08004594   0x00000004   PAD
    0x08004598   0x08004598   0x00000100   Code   RO           17    .text.carDataUpdate  bsp_can.o
    0x08004698   0x08004698   0x00000032   Code   RO          110    .text.fputc         usart.o
    0x080046ca   0x080046ca   0x00000002   PAD
    0x080046cc   0x080046cc   0x00000092   Code   RO           34    .text.main          main.o
    0x0800475e   0x0800475e   0x0000000e   Code   RO         1214    i._is_digit         c_w.l(__printf_wp.o)
    0x0800476c   0x0800476c   0x0000002c   Code   RO         1413    locale$$code        c_w.l(lc_ctype_c.o)
    0x08004798   0x08004798   0x00000150   Code   RO         1253    x$fpl$dadd          fz_wm.l(daddsub_clz.o)
    0x080048e8   0x080048e8   0x000002b4   Code   RO         1260    x$fpl$ddiv          fz_wm.l(ddiv.o)
    0x08004b9c   0x08004b9c   0x0000005e   Code   RO         1263    x$fpl$dfix          fz_wm.l(dfix.o)
    0x08004bfa   0x08004bfa   0x00000026   Code   RO         1267    x$fpl$dfltu         fz_wm.l(dflt_clz.o)
    0x08004c20   0x08004c20   0x00000154   Code   RO         1273    x$fpl$dmul          fz_wm.l(dmul.o)
    0x08004d74   0x08004d74   0x0000009c   Code   RO         1302    x$fpl$dnaninf       fz_wm.l(dnaninf.o)
    0x08004e10   0x08004e10   0x0000000c   Code   RO         1304    x$fpl$dretinf       fz_wm.l(dretinf.o)
    0x08004e1c   0x08004e1c   0x000001dc   Code   RO         1255    x$fpl$dsub          fz_wm.l(daddsub_clz.o)
    0x08004ff8   0x08004ff8   0x0000001a   Code   RO         1538    x$fpl$fpinit        fz_wm.l(fpinit.o)
    0x08005012   0x08005012   0x00000000   Code   RO         1306    x$fpl$usenofp       fz_wm.l(usenofp.o)
    0x08005012   0x08005012   0x00000002   PAD
    0x08005014   0x08005014   0x00000008   Data   RO         1175    .constdata          c_w.l(_printf_wctomb.o)
    0x0800501c   0x0800501c   0x00000028   Data   RO         1187    .constdata          c_w.l(_printf_hex_int.o)
    0x08005044   0x08005044   0x00000011   Data   RO         1222    .constdata          c_w.l(__printf_flags_ss_wp.o)
    0x08005055   0x08005055   0x00000010   Data   RO         1068    .rodata.AHBPrescTable  system_stm32f4xx.o
    0x08005065   0x08005065   0x00000008   Data   RO         1069    .rodata.APBPrescTable  system_stm32f4xx.o
    0x0800506d   0x0800506d   0x00000008   Data   RO         1144    .rodata.__stderr_name  retarget_io.o
    0x08005075   0x08005075   0x00000007   Data   RO         1142    .rodata.__stdin_name  retarget_io.o
    0x0800507c   0x0800507c   0x00000008   Data   RO         1143    .rodata.__stdout_name  retarget_io.o
    0x08005084   0x08005084   0x00000008   Data   RO          417    .rodata.cst8        stm32f4xx_hal_dma.o
    0x0800508c   0x0800508c   0x00000098   Data   RO           22    .rodata.str1.1      bsp_can.o
    0x08005124   0x08005124   0x00000012   Data   RO         1092    .rodata.str1.1      bsp_bc260y.o
    0x08005136   0x08005136   0x00000002   PAD
    0x08005138   0x08005138   0x00000020   Data   RO         1624    Region$$Table       anon$$obj.o
    0x08005158   0x08005158   0x00000110   Data   RO         1412    locale$$data        c_w.l(lc_ctype_c.o)


    Execution Region RW_IRAM1 (Exec base: 0x20000000, Load base: 0x08005268, Size: 0x00000c30, Max: 0x0001c000, ABSOLUTE)

    Exec Addr    Load Addr    Size         Type   Attr      Idx    E Section Name        Object

    0x20000000   0x08005268   0x00000004   Data   RW         1297    .data               c_w.l(stdio_streams.o)
    0x20000004   0x0800526c   0x00000004   Data   RW         1298    .data               c_w.l(stdio_streams.o)
    0x20000008   0x08005270   0x00000004   Data   RW         1299    .data               c_w.l(stdio_streams.o)
    0x2000000c   0x08005274   0x00000008   Data   RW          589    .data..L_MergedGlobals  stm32f4xx_hal.o
    0x20000014   0x0800527c   0x00000004   Data   RW         1067    .data.SystemCoreClock  system_stm32f4xx.o
    0x20000018   0x08005280   0x00000001   Data   RW           21    .data.upSpeedFlag   bsp_can.o
    0x20000019   0x08005281   0x00000007   PAD
    0x20000020        -       0x00000054   Zero   RW         1294    .bss                c_w.l(stdio_streams.o)
    0x20000074        -       0x00000054   Zero   RW         1295    .bss                c_w.l(stdio_streams.o)
    0x200000c8        -       0x00000054   Zero   RW         1296    .bss                c_w.l(stdio_streams.o)
    0x2000011c        -       0x00000060   Zero   RW         1495    .bss                c_w.l(libspace.o)
    0x2000017c        -       0x00000030   Zero   RW           23    .bss..L_MergedGlobals  bsp_can.o
    0x200001ac        -       0x00000048   Zero   RW          115    .bss..L_MergedGlobals  usart.o
    0x200001f4        -       0x00000005   Zero   RW         1098    .bss..L_MergedGlobals  bsp_bc260y.o
    0x200001f9   0x08005281   0x00000003   PAD
    0x200001fc        -       0x00000100   Zero   RW         1094    .bss.Buffer         bsp_bc260y.o
    0x200002fc        -       0x00000100   Zero   RW         1096    .bss.RxBuffer1      bsp_bc260y.o
    0x200003fc        -       0x00000100   Zero   RW         1097    .bss.RxBuffer3      bsp_bc260y.o
    0x200004fc        -       0x0000001c   Zero   RW           40    .bss.RxMessage      main.o
    0x20000518        -       0x00000028   Zero   RW           66    .bss.hcan1          can.o
    0x20000540        -       0x00000060   Zero   RW           93    .bss.hdma_tim1_ch1  tim.o
    0x200005a0        -       0x00000048   Zero   RW           92    .bss.htim1          tim.o
    0x200005e8        -       0x00000044   Zero   RW          114    .bss.huart3         usart.o
    0x2000062c        -       0x00000004   Zero   RW          588    .bss.uwTick         stm32f4xx_hal.o
    0x20000630        -       0x00000200   Zero   RW            2    HEAP                startup_stm32f407xx.o
    0x20000830        -       0x00000400   Zero   RW            1    STACK               startup_stm32f407xx.o


    Execution Region RW_IRAM2 (Exec base: 0x2001c000, Load base: 0x08005288, Size: 0x00000000, Max: 0x00004000, ABSOLUTE)

    **** No section assigned to this execution region ****


==============================================================================

Image component sizes


      Code (inc. data)   RO Data    RW Data    ZI Data      Debug   Object Name

       484          8         18          0        773       7073   bsp_bc260y.o
      1088        144        152          1         48       4095   bsp_can.o
       196          0          0          0         40       6214   can.o
        56          0          0          0          0       3443   dma.o
       224          0          0          0          0       2195   gpio.o
       584        136          0          0         28       5856   main.o
       186          0         23          0          0       2626   retarget_io.o
        64         26        392          0       1536        828   startup_stm32f407xx.o
       204          0          0          8          4       7274   stm32f4xx_hal.o
      1706          6          0          0          0      13727   stm32f4xx_hal_can.o
       194          0          0          0          0      10472   stm32f4xx_hal_cortex.o
       984          6          8          0          0      10562   stm32f4xx_hal_dma.o
       468          0          0          0          0       5266   stm32f4xx_hal_gpio.o
        56          0          0          0          0       1435   stm32f4xx_hal_msp.o
      1424          0          0          0          0       7393   stm32f4xx_hal_rcc.o
      1456          4          0          0          0      54993   stm32f4xx_hal_tim.o
       258          0          0          0          0      21220   stm32f4xx_hal_tim_ex.o
      2706          0          0          0          0      31972   stm32f4xx_hal_uart.o
        68          0          0          0          0       5962   stm32f4xx_it.o
        18          0         24          4          0       2611   system_stm32f4xx.o
       452          0          0          0        168       6926   tim.o
       388          0          0          0        140       7857   usart.o

    ----------------------------------------------------------------------
     13382        330        651         16       2744     220000   Object Totals
         0          0         32          0          0          0   (incl. Generated)
       118          0          2          3          7          0   (incl. Padding)

    ----------------------------------------------------------------------

      Code (inc. data)   RO Data    RW Data    ZI Data      Debug   Library Member Name

         8          0          0          0          0         68   __main.o
       392          4         17          0          0         92   __printf_flags_ss_wp.o
        14          0          0          0          0         68   __printf_wp.o
         0          0          0          0          0          0   __rtentry.o
        12          0          0          0          0          0   __rtentry2.o
         6          0          0          0          0          0   __rtentry4.o
        52          8          0          0          0          0   __scatter.o
        26          0          0          0          0          0   __scatter_copy.o
        28          0          0          0          0          0   __scatter_zi.o
        72          0          0          0          0         96   _c16rtomb.o
         6          0          0          0          0          0   _printf_c.o
        44          0          0          0          0        108   _printf_char.o
        48          6          0          0          0         96   _printf_char_common.o
        36          4          0          0          0         80   _printf_char_file.o
         6          0          0          0          0          0   _printf_d.o
       120         16          0          0          0         92   _printf_dec.o
        88          4         40          0          0         88   _printf_hex_int.o
         6          0          0          0          0          0   _printf_i.o
       178          0          0          0          0         88   _printf_intcommon.o
        10          0          0          0          0          0   _printf_l.o
         6          0          0          0          0          0   _printf_lc.o
         6          0          0          0          0          0   _printf_o.o
        84         10          0          0          0         88   _printf_oct_int.o
        78          0          0          0          0        108   _printf_pad.o
         0          0          0          0          0          0   _printf_percent.o
         4          0          0          0          0          0   _printf_percent_end.o
         6          0          0          0          0          0   _printf_s.o
        82          0          0          0          0         80   _printf_str.o
        36          0          0          0          0         84   _printf_truncate.o
         6          0          0          0          0          0   _printf_u.o
        44          0          0          0          0        108   _printf_wchar.o
       188          6          8          0          0         92   _printf_wctomb.o
         6          0          0          0          0          0   _printf_x.o
        10          0          0          0          0         68   defsig_exit.o
        50          0          0          0          0         88   defsig_general.o
        80         58          0          0          0         76   defsig_rtmem_inner.o
        14          0          0          0          0         80   defsig_rtmem_outer.o
        52         38          0          0          0         76   defsig_rtred_inner.o
        14          0          0          0          0         80   defsig_rtred_outer.o
        18          0          0          0          0         80   exit.o
        76          0          0          0          0         88   fclose.o
         8          0          0          0          0         68   ferror.o
       240          6          0          0          0        128   fopen.o
       248          6          0          0          0         84   fseek.o
        66          0          0          0          0         76   ftell.o
        94          0          0          0          0         80   h1_alloc.o
        52          0          0          0          0         68   h1_extend.o
        78          0          0          0          0         80   h1_free.o
        14          0          0          0          0         84   h1_init.o
         6          0          0          0          0        152   heapauxi.o
         4          0          0          0          0        136   hguard.o
         0          0          0          0          0          0   indicate_semi.o
       138          0          0          0          0        168   init_alloc.o
       312         46          0          0          0        112   initio.o
        44         10        272          0          0         76   lc_ctype_c.o
         2          0          0          0          0          0   libinit.o
        36          0          0          0          0          0   libinit2.o
         2          0          0          0          0          0   libshutdown.o
         6          0          0          0          0          0   libshutdown2.o
         8          4          0          0         96         68   libspace.o
       240          0          0          0          0        100   lludivv7m.o
         0          0          0          0          0          0   maybetermalloc1.o
        88          0          0          0          0         76   memcmp.o
        24          4          0          0          0         84   noretval__2printf.o
        44          4          0          0          0         84   puts.o
        16          4          0          0          0         76   rt_ctype_table.o
         8          4          0          0          0         68   rt_errno_addr_intlibspace.o
         8          4          0          0          0         68   rt_heap_descriptor_intlibspace.o
         8          4          0          0          0         68   rt_locale_intlibspace.o
        78          0          0          0          0         80   rt_memclr_w.o
         2          0          0          0          0          0   rtexit.o
        10          0          0          0          0          0   rtexit2.o
        70          0          0          0          0         80   setvbuf.o
       240          6          0          0          0        156   stdio.o
         0          0          0         12        252          0   stdio_streams.o
       124          0          0          0          0         88   strcmpv7em.o
        72          0          0          0          0         80   strcpy.o
        36          0          0          0          0         80   strstr.o
        12          4          0          0          0         68   sys_exit.o
        74          0          0          0          0         80   sys_stackheap_outer.o
        14          0          0          0          0         76   sys_wrch.o
         2          0          0          0          0         68   use_no_semi.o
       812         16          0          0          0        392   daddsub_clz.o
       692        140          0          0          0        264   ddiv.o
        94          4          0          0          0        140   dfix.o
        38          0          0          0          0        116   dflt_clz.o
       340         12          0          0          0        152   dmul.o
       156          4          0          0          0        140   dnaninf.o
        12          0          0          0          0        116   dretinf.o
        26          0          0          0          0        116   fpinit.o
         0          0          0          0          0          0   usenofp.o

    ----------------------------------------------------------------------
      6726        436        337         12        348       6368   Library Totals
        16          0          0          0          0          0   (incl. Padding)

    ----------------------------------------------------------------------

      Code (inc. data)   RO Data    RW Data    ZI Data      Debug   Library Name

      4540        260        337         12        348       4932   c_w.l
      2170        176          0          0          0       1436   fz_wm.l

    ----------------------------------------------------------------------
      6726        436        337         12        348       6368   Library Totals

    ----------------------------------------------------------------------

==============================================================================


      Code (inc. data)   RO Data    RW Data    ZI Data      Debug   

     20108        766        988         28       3092     222412   Grand Totals
     20108        766        988         28       3092     222412   ELF Image Totals
     20108        766        988         28          0          0   ROM Totals

==============================================================================

    Total RO  Size (Code + RO Data)                21096 (  20.60kB)
    Total RW  Size (RW Data + ZI Data)              3120 (   3.05kB)
    Total ROM Size (Code + RO Data + RW Data)      21124 (  20.63kB)

==============================================================================

