Component: Arm Compiler for Embedded 6.18 Tool: armlink [5e4cc100]

==============================================================================

Section Cross References

    startup_stm32f407xx.o(STACK) refers (Special) to heapauxi.o(.text) for __use_two_region_memory
    startup_stm32f407xx.o(HEAP) refers (Special) to heapauxi.o(.text) for __use_two_region_memory
    startup_stm32f407xx.o(RESET) refers (Special) to heapauxi.o(.text) for __use_two_region_memory
    startup_stm32f407xx.o(RESET) refers to startup_stm32f407xx.o(STACK) for __initial_sp
    startup_stm32f407xx.o(RESET) refers to startup_stm32f407xx.o(.text) for Reset_Handler
    startup_stm32f407xx.o(RESET) refers to stm32f4xx_it.o(.text.NMI_Handler) for NMI_Handler
    startup_stm32f407xx.o(RESET) refers to stm32f4xx_it.o(.text.HardFault_Handler) for HardFault_Handler
    startup_stm32f407xx.o(RESET) refers to stm32f4xx_it.o(.text.MemManage_Handler) for MemManage_Handler
    startup_stm32f407xx.o(RESET) refers to stm32f4xx_it.o(.text.BusFault_Handler) for BusFault_Handler
    startup_stm32f407xx.o(RESET) refers to stm32f4xx_it.o(.text.UsageFault_Handler) for UsageFault_Handler
    startup_stm32f407xx.o(RESET) refers to stm32f4xx_it.o(.text.SVC_Handler) for SVC_Handler
    startup_stm32f407xx.o(RESET) refers to stm32f4xx_it.o(.text.DebugMon_Handler) for DebugMon_Handler
    startup_stm32f407xx.o(RESET) refers to stm32f4xx_it.o(.text.PendSV_Handler) for PendSV_Handler
    startup_stm32f407xx.o(RESET) refers to stm32f4xx_it.o(.text.SysTick_Handler) for SysTick_Handler
    startup_stm32f407xx.o(RESET) refers to stm32f4xx_it.o(.text.CAN1_RX0_IRQHandler) for CAN1_RX0_IRQHandler
    startup_stm32f407xx.o(RESET) refers to stm32f4xx_it.o(.text.USART1_IRQHandler) for USART1_IRQHandler
    startup_stm32f407xx.o(RESET) refers to stm32f4xx_it.o(.text.USART3_IRQHandler) for USART3_IRQHandler
    startup_stm32f407xx.o(RESET) refers to stm32f4xx_it.o(.text.DMA2_Stream1_IRQHandler) for DMA2_Stream1_IRQHandler
    startup_stm32f407xx.o(.text) refers (Special) to heapauxi.o(.text) for __use_two_region_memory
    startup_stm32f407xx.o(.text) refers to system_stm32f4xx.o(.text.SystemInit) for SystemInit
    startup_stm32f407xx.o(.text) refers to __main.o(!!!main) for __main
    startup_stm32f407xx.o(.text) refers to startup_stm32f407xx.o(HEAP) for Heap_Mem
    startup_stm32f407xx.o(.text) refers to startup_stm32f407xx.o(STACK) for Stack_Mem
    bsp_can.o(.text.CANFilter_Config) refers to can.o(.bss.hcan1) for hcan1
    bsp_can.o(.text.CANFilter_Config) refers to stm32f4xx_hal_can.o(.text.HAL_CAN_ConfigFilter) for HAL_CAN_ConfigFilter
    bsp_can.o(.text.CANFilter_Config) refers to bsp_can.o(.rodata.str1.1) for .Lstr.9
    bsp_can.o(.text.CANFilter_Config) refers to puts.o(.text) for puts
    bsp_can.o(.text.CANFilter_Config) refers to main.o(.text.Error_Handler) for Error_Handler
    bsp_can.o(.ARM.exidx.text.CANFilter_Config) refers to bsp_can.o(.text.CANFilter_Config) for [Anonymous Symbol]
    bsp_can.o(.text.HAL_CAN_RxFifo0MsgPendingCallback) refers to can.o(.bss.hcan1) for hcan1
    bsp_can.o(.text.HAL_CAN_RxFifo0MsgPendingCallback) refers to bsp_can.o(.bss..L_MergedGlobals) for .L_MergedGlobals
    bsp_can.o(.text.HAL_CAN_RxFifo0MsgPendingCallback) refers to stm32f4xx_hal_can.o(.text.HAL_CAN_GetRxMessage) for HAL_CAN_GetRxMessage
    bsp_can.o(.text.HAL_CAN_RxFifo0MsgPendingCallback) refers to bsp_can.o(.data.uploadFlag) for uploadFlag
    bsp_can.o(.ARM.exidx.text.HAL_CAN_RxFifo0MsgPendingCallback) refers to bsp_can.o(.text.HAL_CAN_RxFifo0MsgPendingCallback) for [Anonymous Symbol]
    bsp_can.o(.text.decodeCanData) refers to bsp_can.o(.bss..L_MergedGlobals) for .L_MergedGlobals
    bsp_can.o(.ARM.exidx.text.decodeCanData) refers to bsp_can.o(.text.decodeCanData) for [Anonymous Symbol]
    bsp_can.o(.text.CAN1_Send) refers to bsp_can.o(.bss.TxMessage) for TxMessage
    bsp_can.o(.text.CAN1_Send) refers to can.o(.bss.hcan1) for hcan1
    bsp_can.o(.text.CAN1_Send) refers to stm32f4xx_hal_can.o(.text.HAL_CAN_AddTxMessage) for HAL_CAN_AddTxMessage
    bsp_can.o(.text.CAN1_Send) refers to puts.o(.text) for puts
    bsp_can.o(.text.CAN1_Send) refers to main.o(.text.Error_Handler) for Error_Handler
    bsp_can.o(.ARM.exidx.text.CAN1_Send) refers to bsp_can.o(.text.CAN1_Send) for [Anonymous Symbol]
    bsp_can.o(.text.CanFilterInit) refers to usart.o(.bss..L_MergedGlobals) for usartTxFlag
    bsp_can.o(.text.CanFilterInit) refers to puts.o(.text) for puts
    bsp_can.o(.text.CanFilterInit) refers to can.o(.bss.hcan1) for hcan1
    bsp_can.o(.text.CanFilterInit) refers to stm32f4xx_hal_can.o(.text.HAL_CAN_ConfigFilter) for HAL_CAN_ConfigFilter
    bsp_can.o(.text.CanFilterInit) refers to bsp_can.o(.rodata.str1.1) for .Lstr.9
    bsp_can.o(.text.CanFilterInit) refers to main.o(.text.Error_Handler) for Error_Handler
    bsp_can.o(.text.CanFilterInit) refers to stm32f4xx_hal_can.o(.text.HAL_CAN_Start) for HAL_CAN_Start
[...]
    .Lstr                                    0x08004c79   Data          28  bsp_can.o(.rodata.str1.1)
    .Lstr.14                                 0x08004c95   Data          44  bsp_can.o(.rodata.str1.1)
    .L.str                                   0x08004cc1   Data          17  main.o(.rodata.str1.1)
    [Anonymous Symbol]                       0x08004cc1   Section        0  main.o(.rodata.str1.1)
    .L.str.4                                 0x08004cd2   Data          14  bsp_bc260y.o(.rodata.str1.1)
    [Anonymous Symbol]                       0x08004cd2   Section        0  bsp_bc260y.o(.rodata.str1.1)
    .L.str.3                                 0x08004ce0   Data          17  bsp_bc260y.o(.rodata.str1.1)
    .L.str.5                                 0x08004cf1   Data          13  bsp_bc260y.o(.rodata.str1.1)
    .L.str.2                                 0x08004cfe   Data          15  bsp_bc260y.o(.rodata.str1.1)
    .L.str.1                                 0x08004d08   Data           5  bsp_bc260y.o(.rodata.str1.1)
    .L.str.22                                0x08004d0d   Data          18  bsp_bc260y.o(.rodata.str1.1)
    .Lstr.29                                 0x08004d1f   Data          27  bsp_bc260y.o(.rodata.str1.1)
    .Lstr                                    0x08004d3a   Data          64  bsp_bc260y.o(.rodata.str1.1)
    .Lstr.28                                 0x08004d7a   Data          58  bsp_bc260y.o(.rodata.str1.1)
    .L.str.13                                0x08004db4   Data          45  bsp_bc260y.o(.rodata.str1.1)
    .L.str.14                                0x08004de1   Data          43  bsp_bc260y.o(.rodata.str1.1)
    .L.str.8                                 0x08004e0c   Data          13  bsp_bc260y.o(.rodata.str1.1)
    .L.str.12                                0x08004e19   Data           7  bsp_bc260y.o(.rodata.str1.1)
    .L.str.15                                0x08004e20   Data           6  bsp_bc260y.o(.rodata.str1.1)
    .L.str.11                                0x08004e26   Data          35  bsp_bc260y.o(.rodata.str1.1)
    .L__const.jsonPack.json                  0x08004e4c   Data         248  bsp_bc260y.o(.rodata.str1.4)
    [Anonymous Symbol]                       0x08004e4c   Section        0  bsp_bc260y.o(.rodata.str1.4)
    locale$$data                             0x08004f64   Section      272  lc_ctype_c.o(locale$$data)
    __lcctype_c_name                         0x08004f68   Data           2  lc_ctype_c.o(locale$$data)
    __lcctype_c_start                        0x08004f70   Data           0  lc_ctype_c.o(locale$$data)
    __lcctype_c_end                          0x08005074   Data           0  lc_ctype_c.o(locale$$data)
    .data                                    0x20000000   Section        4  stdio_streams.o(.data)
    .data                                    0x20000004   Section        4  stdio_streams.o(.data)
    .data                                    0x20000008   Section        4  stdio_streams.o(.data)
    .L_MergedGlobals                         0x2000000c   Data           8  stm32f4xx_hal.o(.data..L_MergedGlobals)
    [Anonymous Symbol]                       0x2000000c   Section        0  stm32f4xx_hal.o(.data..L_MergedGlobals)
    .bss                                     0x20000020   Section       84  stdio_streams.o(.bss)
    .bss                                     0x20000074   Section       84  stdio_streams.o(.bss)
    .bss                                     0x200000c8   Section       84  stdio_streams.o(.bss)
    .bss                                     0x2000011c   Section       96  libspace.o(.bss)
    .L_MergedGlobals                         0x2000017c   Data          52  bsp_can.o(.bss..L_MergedGlobals)
    [Anonymous Symbol]                       0x2000017c   Section        0  bsp_can.o(.bss..L_MergedGlobals)
    RxMessage                                0x20000194   Data          28  bsp_can.o(.bss..L_MergedGlobals)
    .L_MergedGlobals                         0x200001b0   Data          72  usart.o(.bss..L_MergedGlobals)
    [Anonymous Symbol]                       0x200001b0   Section        0  usart.o(.bss..L_MergedGlobals)
    .L_MergedGlobals                         0x200001f8   Data           5  bsp_bc260y.o(.bss..L_MergedGlobals)
    [Anonymous Symbol]                       0x200001f8   Section        0  bsp_bc260y.o(.bss..L_MergedGlobals)
    Heap_Mem                                 0x20000618   Data         512  startup_stm32f407xx.o(HEAP)
    HEAP                                     0x20000618   Section      512  startup_stm32f407xx.o(HEAP)
    Stack_Mem                                0x20000818   Data        1024  startup_stm32f407xx.o(STACK)
    STACK                                    0x20000818   Section     1024  startup_stm32f407xx.o(STACK)
    __initial_sp                             0x20000c18   Data           0  startup_stm32f407xx.o(STACK)

    Global Symbols

    Symbol Name                              Value     Ov Type        Size  Object(Section)

    BuildAttributes$$THM_ISAv4$E$P$D$K$B$S$7EM$VFPi3$EXTD16$VFPS$VFMA$PE$A:L22UL41UL21$X:L11$S22US41US21$IEEE1$IW$~IW$USESV6$~STKCKD$USESV7$~SHL$OTIME$ROPI$EBA8$UX$STANDARDLIB$REQ8$PRES8$EABIv2 0x00000000   Number         0  anon$$obj.o ABSOLUTE
    _printf_flags                            0x00000000   Number         0  printf_stubs.o ABSOLUTE
    _printf_return_value                     0x00000000   Number         0  printf_stubs.o ABSOLUTE
    _printf_sizespec                         0x00000000   Number         0  printf_stubs.o ABSOLUTE
    _printf_widthprec                        0x00000000   Number         0  printf_stubs.o ABSOLUTE
    __ARM_exceptions_init                     - Undefined Weak Reference
    __alloca_initialize                       - Undefined Weak Reference
    __arm_preinit_                            - Undefined Weak Reference
    __arm_relocate_pie_                       - Undefined Weak Reference
    __cpp_initialize__aeabi_                  - Undefined Weak Reference
    __cxa_finalize                            - Undefined Weak Reference
    __sigvec_lookup                           - Undefined Weak Reference
    __user_heap_extent                        - Undefined Weak Reference
    _atexit_init                              - Undefined Weak Reference
    _call_atexit_fns                          - Undefined Weak Reference
    _clock_init                               - Undefined Weak Reference
    _fp_trap_init                             - Undefined Weak Reference
    _fp_trap_shutdown                         - Undefined Weak Reference
    _get_lc_collate                           - Undefined Weak Reference
    _get_lc_monetary                          - Undefined Weak Reference
    _get_lc_numeric                           - Undefined Weak Reference
    _get_lc_time                              - Undefined Weak Reference
    _getenv_init                              - Undefined Weak Reference
    _handle_redirection                       - Undefined Weak Reference
    _mutex_acquire                            - Undefined Weak Reference
    _mutex_free                               - Undefined Weak Reference
    _mutex_release                            - Undefined Weak Reference
    _printf_mbtowc                            - Undefined Weak Reference
    _printf_wc                                - Undefined Weak Reference
    _rand_init                                - Undefined Weak Reference
    _signal_finish                            - Undefined Weak Reference
    _signal_init                              - Undefined Weak Reference
    __Vectors_Size                           0x00000188   Number         0  startup_stm32f407xx.o ABSOLUTE
    __Vectors                                0x08000000   Data           4  startup_stm32f407xx.o(RESET)
    __Vectors_End                            0x08000188   Data           0  startup_stm32f407xx.o(RESET)
    __main                                   0x08000189   Thumb Code     8  __main.o(!!!main)
    __scatterload                            0x08000191   Thumb Code     0  __scatter.o(!!!scatter)
    __scatterload_rt2                        0x08000191   Thumb Code    44  __scatter.o(!!!scatter)
    __scatterload_rt2_thumb_only             0x08000191   Thumb Code     0  __scatter.o(!!!scatter)
    __scatterload_null                       0x0800019f   Thumb Code     0  __scatter.o(!!!scatter)
    __scatterload_copy                       0x080001c5   Thumb Code    26  __scatter_copy.o(!!handler_copy)
    __scatterload_zeroinit                   0x080001e1   Thumb Code    28  __scatter_zi.o(!!handler_zi)
    _printf_i                                0x080001fd   Thumb Code     0  _printf_i.o(.ARM.Collect$$_printf_percent$$00000008)
    _printf_percent                          0x080001fd   Thumb Code     0  _printf_percent.o(.ARM.Collect$$_printf_percent$$00000000)
    _printf_d                                0x08000203   Thumb Code     0  _printf_d.o(.ARM.Collect$$_printf_percent$$00000009)
    _printf_u                                0x08000209   Thumb Code     0  _printf_u.o(.ARM.Collect$$_printf_percent$$0000000A)
    _printf_o                                0x0800020f   Thumb Code     0  _printf_o.o(.ARM.Collect$$_printf_percent$$0000000B)
    _printf_x                                0x08000215   Thumb Code     0  _printf_x.o(.ARM.Collect$$_printf_percent$$0000000C)
    _printf_l                                0x0800021b   Thumb Code     0  _printf_l.o(.ARM.Collect$$_printf_percent$$00000012)
    _printf_c                                0x08000225   Thumb Code     0  _printf_c.o(.ARM.Collect$$_printf_percent$$00000013)
    _printf_s                                0x0800022b   Thumb Code     0  _printf_s.o(.ARM.Collect$$_printf_percent$$00000014)
    _printf_lc                               0x08000231   Thumb Code     0  _printf_lc.o(.ARM.Collect$$_printf_percent$$00000015)
    _printf_percent_end                      0x08000237   Thumb Code     0  _printf_percent_end.o(.ARM.Collect$$_printf_percent$$00000017)
    __rt_lib_init                            0x0800023b   Thumb Code     0  libinit.o(.ARM.Collect$$libinit$$00000000)
    __rt_lib_init_fp_1                       0x0800023d   Thumb Code     0  libinit2.o(.ARM.Collect$$libinit$$00000001)
    __rt_lib_init_heap_2                     0x08000241   Thumb Code     0  libinit2.o(.ARM.Collect$$libinit$$00000007)
    __rt_lib_init_preinit_1                  0x08000241   Thumb Code     0  libinit2.o(.ARM.Collect$$libinit$$00000006)
    __rt_lib_init_relocate_pie_1             0x08000241   Thumb Code     0  libinit2.o(.ARM.Collect$$libinit$$00000004)
    __rt_lib_init_heap_1                     0x08000249   Thumb Code     0  libinit2.o(.ARM.Collect$$libinit$$0000000C)
    __rt_lib_init_lc_common                  0x08000249   Thumb Code     0  libinit2.o(.ARM.Collect$$libinit$$00000011)
    __rt_lib_init_rand_1                     0x08000249   Thumb Code     0  libinit2.o(.ARM.Collect$$libinit$$00000010)
    __rt_lib_init_user_alloc_1               0x08000249   Thumb Code     0  libinit2.o(.ARM.Collect$$libinit$$0000000E)
    __rt_lib_init_lc_collate_1               0x0800024f   Thumb Code     0  libinit2.o(.ARM.Collect$$libinit$$00000013)
    __rt_lib_init_lc_ctype_2                 0x0800024f   Thumb Code     0  libinit2.o(.ARM.Collect$$libinit$$00000014)
    __rt_lib_init_atexit_1                   0x0800025b   Thumb Code     0  libinit2.o(.ARM.Collect$$libinit$$0000001D)
    __rt_lib_init_clock_1                    0x0800025b   Thumb Code     0  libinit2.o(.ARM.Collect$$libinit$$00000023)
    __rt_lib_init_fp_trap_1                  0x0800025b   Thumb Code     0  libinit2.o(.ARM.Collect$$libinit$$00000021)
    __rt_lib_init_getenv_1                   0x0800025b   Thumb Code     0  libinit2.o(.ARM.Collect$$libinit$$00000025)
    __rt_lib_init_lc_ctype_1                 0x0800025b   Thumb Code     0  libinit2.o(.ARM.Collect$$libinit$$00000015)
    __rt_lib_init_lc_monetary_1              0x0800025b   Thumb Code     0  libinit2.o(.ARM.Collect$$libinit$$00000017)
    __rt_lib_init_lc_numeric_1               0x0800025b   Thumb Code     0  libinit2.o(.ARM.Collect$$libinit$$00000019)
    __rt_lib_init_lc_time_1                  0x0800025b   Thumb Code     0  libinit2.o(.ARM.Collect$$libinit$$0000001B)
    __rt_lib_init_signal_1                   0x0800025b   Thumb Code     0  libinit2.o(.ARM.Collect$$libinit$$0000001F)
    __rt_lib_init_stdio_2                    0x0800025b   Thumb Code     0  libinit2.o(.ARM.Collect$$libinit$$00000026)
    __rt_lib_init_alloca_1                   0x0800025f   Thumb Code     0  libinit2.o(.ARM.Collect$$libinit$$00000030)
    __rt_lib_init_argv_1                     0x0800025f   Thumb Code     0  libinit2.o(.ARM.Collect$$libinit$$0000002E)
    __rt_lib_init_cpp_1                      0x0800025f   Thumb Code     0  libinit2.o(.ARM.Collect$$libinit$$00000034)
    __rt_lib_init_exceptions_1               0x0800025f   Thumb Code     0  libinit2.o(.ARM.Collect$$libinit$$00000032)
    __rt_lib_init_return                     0x0800025f   Thumb Code     0  libinit2.o(.ARM.Collect$$libinit$$00000035)
    __rt_lib_init_stdio_1                    0x0800025f   Thumb Code     0  libinit2.o(.ARM.Collect$$libinit$$00000027)
    __rt_lib_shutdown                        0x08000261   Thumb Code     0  libshutdown.o(.ARM.Collect$$libshutdown$$00000000)
    __rt_lib_shutdown_cpp_1                  0x08000263   Thumb Code     0  libshutdown2.o(.ARM.Collect$$libshutdown$$00000002)
    __rt_lib_shutdown_stdio_2                0x08000263   Thumb Code     0  libshutdown2.o(.ARM.Collect$$libshutdown$$00000003)
    __rt_lib_shutdown_fp_trap_1              0x08000267   Thumb Code     0  libshutdown2.o(.ARM.Collect$$libshutdown$$00000007)
    __rt_lib_shutdown_heap_1                 0x08000267   Thumb Code     0  libshutdown2.o(.ARM.Collect$$libshutdown$$0000000F)
    __rt_lib_shutdown_return                 0x08000267   Thumb Code     0  libshutdown2.o(.ARM.Collect$$libshutdown$$00000010)
    __rt_lib_shutdown_signal_1               0x08000267   Thumb Code     0  libshutdown2.o(.ARM.Collect$$libshutdown$$0000000A)
    __rt_lib_shutdown_stdio_1                0x08000267   Thumb Code     0  libshutdown2.o(.ARM.Collect$$libshutdown$$00000004)
    __rt_lib_shutdown_user_alloc_1           0x08000267   Thumb Code     0  libshutdown2.o(.ARM.Collect$$libshutdown$$0000000C)
    __rt_entry                               0x08000269   Thumb Code     0  __rtentry.o(.ARM.Collect$$rtentry$$00000000)
    __rt_entry_presh_1                       0x08000269   Thumb Code     0  __rtentry2.o(.ARM.Collect$$rtentry$$00000002)
    __rt_entry_sh                            0x08000269   Thumb Code     0  __rtentry4.o(.ARM.Collect$$rtentry$$00000004)
    __rt_entry_li                            0x0800026f   Thumb Code     0  __rtentry2.o(.ARM.Collect$$rtentry$$0000000A)
    __rt_entry_postsh_1                      0x0800026f   Thumb Code     0  __rtentry2.o(.ARM.Collect$$rtentry$$00000009)
    __rt_entry_main                          0x08000273   Thumb Code     0  __rtentry2.o(.ARM.Collect$$rtentry$$0000000D)
    __rt_entry_postli_1                      0x08000273   Thumb Code     0  __rtentry2.o(.ARM.Collect$$rtentry$$0000000C)
    __rt_exit                                0x0800027b   Thumb Code     0  rtexit.o(.ARM.Collect$$rtexit$$00000000)
    __rt_exit_ls                             0x0800027d   Thumb Code     0  rtexit2.o(.ARM.Collect$$rtexit$$00000003)
    __rt_exit_prels_1                        0x0800027d   Thumb Code     0  rtexit2.o(.ARM.Collect$$rtexit$$00000002)
    __rt_exit_exit                           0x08000281   Thumb Code     0  rtexit2.o(.ARM.Collect$$rtexit$$00000004)
    Reset_Handler                            0x08000289   Thumb Code     8  startup_stm32f407xx.o(.text)
    ADC_IRQHandler                           0x080002a3   Thumb Code     0  startup_stm32f407xx.o(.text)
    CAN1_RX1_IRQHandler                      0x080002a3   Thumb Code     0  startup_stm32f407xx.o(.text)
    CAN1_SCE_IRQHandler                      0x080002a3   Thumb Code     0  startup_stm32f407xx.o(.text)
    CAN1_TX_IRQHandler                       0x080002a3   Thumb Code     0  startup_stm32f407xx.o(.text)
    CAN2_RX0_IRQHandler                      0x080002a3   Thumb Code     0  startup_stm32f407xx.o(.text)
    CAN2_RX1_IRQHandler                      0x080002a3   Thumb Code     0  startup_stm32f407xx.o(.text)
    CAN2_SCE_IRQHandler                      0x080002a3   Thumb Code     0  startup_stm32f407xx.o(.text)
    CAN2_TX_IRQHandler                       0x080002a3   Thumb Code     0  startup_stm32f407xx.o(.text)
    DCMI_IRQHandler                          0x080002a3   Thumb Code     0  startup_stm32f407xx.o(.text)
    DMA1_Stream0_IRQHandler                  0x080002a3   Thumb Code     0  startup_stm32f407xx.o(.text)
    DMA1_Stream1_IRQHandler                  0x080002a3   Thumb Code     0  startup_stm32f407xx.o(.text)
    DMA1_Stream2_IRQHandler                  0x080002a3   Thumb Code     0  startup_stm32f407xx.o(.text)
    DMA1_Stream3_IRQHandler                  0x080002a3   Thumb Code     0  startup_stm32f407xx.o(.text)
    DMA1_Stream4_IRQHandler                  0x080002a3   Thumb Code     0  startup_stm32f407xx.o(.text)
    DMA1_Stream5_IRQHandler                  0x080002a3   Thumb Code     0  startup_stm32f407xx.o(.text)
    DMA1_Stream6_IRQHandler                  0x080002a3   Thumb Code     0  startup_stm32f407xx.o(.text)
    DMA1_Stream7_IRQHandler                  0x080002a3   Thumb Code     0  startup_stm32f407xx.o(.text)
    DMA2_Stream0_IRQHandler                  0x080002a3   Thumb Code     0  startup_stm32f407xx.o(.text)
    DMA2_Stream2_IRQHandler                  0x080002a3   Thumb Code     0  startup_stm32f407xx.o(.text)
    DMA2_Stream3_IRQHandler                  0x080002a3   Thumb Code     0  startup_stm32f407xx.o(.text)
    DMA2_Stream4_IRQHandler                  0x080002a3   Thumb Code     0  startup_stm32f407xx.o(.text)
    DMA2_Stream5_IRQHandler                  0x080002a3   Thumb Code     0  startup_stm32f407xx.o(.text)
    DMA2_Stream6_IRQHandler                  0x080002a3   Thumb Code     0  startup_stm32f407xx.o(.text)
    DMA2_Stream7_IRQHandler                  0x080002a3   Thumb Code     0  startup_stm32f407xx.o(.text)
    ETH_IRQHandler                           0x080002a3   Thumb Code     0  startup_stm32f407xx.o(.text)
    ETH_WKUP_IRQHandler                      0x080002a3   Thumb Code     0  startup_stm32f407xx.o(.text)
    EXTI0_IRQHandler                         0x080002a3   Thumb Code     0  startup_stm32f407xx.o(.text)
    EXTI15_10_IRQHandler                     0x080002a3   Thumb Code     0  startup_stm32f407xx.o(.text)
    EXTI1_IRQHandler                         0x080002a3   Thumb Code     0  startup_stm32f407xx.o(.text)
    EXTI2_IRQHandler                         0x080002a3   Thumb Code     0  startup_stm32f407xx.o(.text)
    EXTI3_IRQHandler                         0x080002a3   Thumb Code     0  startup_stm32f407xx.o(.text)
    EXTI4_IRQHandler                         0x080002a3   Thumb Code     0  startup_stm32f407xx.o(.text)
    EXTI9_5_IRQHandler                       0x080002a3   Thumb Code     0  startup_stm32f407xx.o(.text)
    FLASH_IRQHandler                         0x080002a3   Thumb Code     0  startup_stm32f407xx.o(.text)
    FMC_IRQHandler                           0x080002a3   Thumb Code     0  startup_stm32f407xx.o(.text)
    FPU_IRQHandler                           0x080002a3   Thumb Code     0  startup_stm32f407xx.o(.text)
    HASH_RNG_IRQHandler                      0x080002a3   Thumb Code     0  startup_stm32f407xx.o(.text)
    I2C1_ER_IRQHandler                       0x080002a3   Thumb Code     0  startup_stm32f407xx.o(.text)
    I2C1_EV_IRQHandler                       0x080002a3   Thumb Code     0  startup_stm32f407xx.o(.text)
    I2C2_ER_IRQHandler                       0x080002a3   Thumb Code     0  startup_stm32f407xx.o(.text)
    I2C2_EV_IRQHandler                       0x080002a3   Thumb Code     0  startup_stm32f407xx.o(.text)
    I2C3_ER_IRQHandler                       0x080002a3   Thumb Code     0  startup_stm32f407xx.o(.text)
    I2C3_EV_IRQHandler                       0x080002a3   Thumb Code     0  startup_stm32f407xx.o(.text)
    OTG_FS_IRQHandler                        0x080002a3   Thumb Code     0  startup_stm32f407xx.o(.text)
    OTG_FS_WKUP_IRQHandler                   0x080002a3   Thumb Code     0  startup_stm32f407xx.o(.text)
    OTG_HS_EP1_IN_IRQHandler                 0x080002a3   Thumb Code     0  startup_stm32f407xx.o(.text)
    OTG_HS_EP1_OUT_IRQHandler                0x080002a3   Thumb Code     0  startup_stm32f407xx.o(.text)
    OTG_HS_IRQHandler                        0x080002a3   Thumb Code     0  startup_stm32f407xx.o(.text)
    OTG_HS_WKUP_IRQHandler                   0x080002a3   Thumb Code     0  startup_stm32f407xx.o(.text)
    PVD_IRQHandler                           0x080002a3   Thumb Code     0  startup_stm32f407xx.o(.text)
    RCC_IRQHandler                           0x080002a3   Thumb Code     0  startup_stm32f407xx.o(.text)
    RTC_Alarm_IRQHandler                     0x080002a3   Thumb Code     0  startup_stm32f407xx.o(.text)
    RTC_WKUP_IRQHandler                      0x080002a3   Thumb Code     0  startup_stm32f407xx.o(.text)
    SDIO_IRQHandler                          0x080002a3   Thumb Code     0  startup_stm32f407xx.o(.text)
    SPI1_IRQHandler                          0x080002a3   Thumb Code     0  startup_stm32f407xx.o(.text)
    SPI2_IRQHandler                          0x080002a3   Thumb Code     0  startup_stm32f407xx.o(.text)
    SPI3_IRQHandler                          0x080002a3   Thumb Code     0  startup_stm32f407xx.o(.text)
    TAMP_STAMP_IRQHandler                    0x080002a3   Thumb Code     0  startup_stm32f407xx.o(.text)
    TIM1_BRK_TIM9_IRQHandler                 0x080002a3   Thumb Code     0  startup_stm32f407xx.o(.text)
    TIM1_CC_IRQHandler                       0x080002a3   Thumb Code     0  startup_stm32f407xx.o(.text)
    TIM1_TRG_COM_TIM11_IRQHandler            0x080002a3   Thumb Code     0  startup_stm32f407xx.o(.text)
    TIM1_UP_TIM10_IRQHandler                 0x080002a3   Thumb Code     0  startup_stm32f407xx.o(.text)
    TIM2_IRQHandler                          0x080002a3   Thumb Code     0  startup_stm32f407xx.o(.text)
    TIM3_IRQHandler                          0x080002a3   Thumb Code     0  startup_stm32f407xx.o(.text)
    TIM4_IRQHandler                          0x080002a3   Thumb Code     0  startup_stm32f407xx.o(.text)
    TIM5_IRQHandler                          0x080002a3   Thumb Code     0  startup_stm32f407xx.o(.text)
    TIM6_DAC_IRQHandler                      0x080002a3   Thumb Code     0  startup_stm32f407xx.o(.text)
    TIM7_IRQHandler                          0x080002a3   Thumb Code     0  startup_stm32f407xx.o(.text)
    TIM8_BRK_TIM12_IRQHandler                0x080002a3   Thumb Code     0  startup_stm32f407xx.o(.text)
    TIM8_CC_IRQHandler                       0x080002a3   Thumb Code     0  startup_stm32f407xx.o(.text)
    TIM8_TRG_COM_TIM14_IRQHandler            0x080002a3   Thumb Code     0  startup_stm32f407xx.o(.text)
    TIM8_UP_TIM13_IRQHandler                 0x080002a3   Thumb Code     0  startup_stm32f407xx.o(.text)
    UART4_IRQHandler                         0x080002a3   Thumb Code     0  startup_stm32f407xx.o(.text)
    UART5_IRQHandler                         0x080002a3   Thumb Code     0  startup_stm32f407xx.o(.text)
    USART2_IRQHandler                        0x080002a3   Thumb Code     0  startup_stm32f407xx.o(.text)
    USART6_IRQHandler                        0x080002a3   Thumb Code     0  startup_stm32f407xx.o(.text)
    WWDG_IRQHandler                          0x080002a3   Thumb Code     0  startup_stm32f407xx.o(.text)
    __user_initial_stackheap                 0x080002a5   Thumb Code     0  startup_stm32f407xx.o(.text)
    __aeabi_uldivmod                         0x080002c9   Thumb Code     0  lludivv7m.o(.text)
    _ll_udiv                                 0x080002c9   Thumb Code   240  lludivv7m.o(.text)
    __2printf                                0x080003b9   Thumb Code    20  noretval__2printf.o(.text)
    __2sprintf                               0x080003d1   Thumb Code    34  noretval__2sprintf.o(.text)
    _printf_pre_padding                      0x080003f9   Thumb Code    44  _printf_pad.o(.text)
    _printf_post_padding                     0x08000425   Thumb Code    34  _printf_pad.o(.text)
    _printf_truncate_signed                  0x08000447   Thumb Code    18  _printf_truncate.o(.text)
    _printf_truncate_unsigned                0x08000459   Thumb Code    18  _printf_truncate.o(.text)
    _printf_str                              0x0800046b   Thumb Code    82  _printf_str.o(.text)
    _printf_int_dec                          0x080004bd   Thumb Code   104  _printf_dec.o(.text)
    _printf_wctomb                           0x08000535   Thumb Code   182  _printf_wctomb.o(.text)
    _printf_int_oct                          0x080005f1   Thumb Code    74  _printf_oct_int.o(.text)
    _printf_longlong_oct                     0x080005f1   Thumb Code     0  _printf_oct_int.o(.text)
    _printf_int_hex                          0x08000645   Thumb Code    84  _printf_hex_int.o(.text)
    _printf_longlong_hex                     0x08000645   Thumb Code     0  _printf_hex_int.o(.text)
    __printf                                 0x0800069d   Thumb Code   388  __printf_flags_ss_wp.o(.text)
    putchar                                  0x08000825   Thumb Code     6  putchar.o(.text)
    puts                                     0x08000831   Thumb Code    40  puts.o(.text)
    strstr                                   0x0800085d   Thumb Code    36  strstr.o(.text)
    memcmp                                   0x08000881   Thumb Code    88  memcmp.o(.text)
    strcpy                                   0x080008d9   Thumb Code    72  strcpy.o(.text)
    __aeabi_memcpy4                          0x08000921   Thumb Code     0  rt_memcpy_w.o(.text)
    __aeabi_memcpy8                          0x08000921   Thumb Code     0  rt_memcpy_w.o(.text)
    __rt_memcpy_w                            0x08000921   Thumb Code   100  rt_memcpy_w.o(.text)
    _memcpy_lastbytes_aligned                0x08000969   Thumb Code     0  rt_memcpy_w.o(.text)
    __aeabi_memclr4                          0x08000985   Thumb Code     0  rt_memclr_w.o(.text)
    __aeabi_memclr8                          0x08000985   Thumb Code     0  rt_memclr_w.o(.text)
    __rt_memclr_w                            0x08000985   Thumb Code     0  rt_memclr_w.o(.text)
    _memset_w                                0x08000989   Thumb Code    74  rt_memclr_w.o(.text)
    strcmp                                   0x080009d9   Thumb Code   124  strcmpv7em.o(.text)
    __use_two_region_memory                  0x08000a55   Thumb Code     2  heapauxi.o(.text)
    __rt_heap_escrow                         0x08000a57   Thumb Code     2  heapauxi.o(.text)
    __rt_heap_expand                         0x08000a59   Thumb Code     2  heapauxi.o(.text)
    _printf_int_common                       0x08000a5b   Thumb Code   178  _printf_intcommon.o(.text)
    _printf_char_common                      0x08000b17   Thumb Code    32  _printf_char_common.o(.text)
    _sputc                                   0x08000b3d   Thumb Code    10  _sputc.o(.text)
    _printf_cs_common                        0x08000b47   Thumb Code    20  _printf_char.o(.text)
    _printf_char                             0x08000b5b   Thumb Code    16  _printf_char.o(.text)
    _printf_string                           0x08000b6b   Thumb Code     8  _printf_char.o(.text)
    _printf_char_file                        0x08000b75   Thumb Code    32  _printf_char_file.o(.text)
    _printf_lcs_common                       0x08000b99   Thumb Code    20  _printf_wchar.o(.text)
    _printf_wchar                            0x08000bad   Thumb Code    16  _printf_wchar.o(.text)
    _printf_wstring                          0x08000bbd   Thumb Code     8  _printf_wchar.o(.text)
    _c16rtomb                                0x08000bc5   Thumb Code    72  _c16rtomb.o(.text)
    _wcrtomb                                 0x08000bc5   Thumb Code     0  _c16rtomb.o(.text)
    __rt_ctype_table                         0x08000c0d   Thumb Code    16  rt_ctype_table.o(.text)
    ferror                                   0x08000c1d   Thumb Code     8  ferror.o(.text)
    _initio                                  0x08000c25   Thumb Code   210  initio.o(.text)
    _terminateio                             0x08000cf7   Thumb Code    56  initio.o(.text)
    __user_setup_stackheap                   0x08000d5d   Thumb Code    74  sys_stackheap_outer.o(.text)
    __rt_locale                              0x08000da9   Thumb Code     8  rt_locale_intlibspace.o(.text)
    free                                     0x08000db1   Thumb Code    78  h1_free.o(.text)
    setvbuf                                  0x08000dff   Thumb Code    70  setvbuf.o(.text)
    freopen                                  0x08000e45   Thumb Code   160  fopen.o(.text)
    fopen                                    0x08000ee5   Thumb Code    74  fopen.o(.text)
    _fclose_internal                         0x08000f35   Thumb Code    76  fclose.o(.text)
    fclose                                   0x08000f35   Thumb Code     0  fclose.o(.text)
    exit                                     0x08000f81   Thumb Code    18  exit.o(.text)
    __rt_SIGRTRED                            0x08000f93   Thumb Code    14  defsig_rtred_outer.o(.text)
    __user_libspace                          0x08000fa1   Thumb Code     8  libspace.o(.text)
    __user_perproc_libspace                  0x08000fa1   Thumb Code     0  libspace.o(.text)
    __user_perthread_libspace                0x08000fa1   Thumb Code     0  libspace.o(.text)
    __rt_heap_descriptor                     0x08000fa9   Thumb Code     8  rt_heap_descriptor_intlibspace.o(.text)
    __use_no_heap                            0x08000fb1   Thumb Code     2  hguard.o(.text)
    __heap$guard                             0x08000fb3   Thumb Code     2  hguard.o(.text)
    _terminate_user_alloc                    0x08000fb5   Thumb Code     2  init_alloc.o(.text)
    _init_user_alloc                         0x08000fb7   Thumb Code     2  init_alloc.o(.text)
    __Heap_Full                              0x08000fb9   Thumb Code    34  init_alloc.o(.text)
    __Heap_Broken                            0x08000fdb   Thumb Code     6  init_alloc.o(.text)
    _init_alloc                              0x08000fe1   Thumb Code    94  init_alloc.o(.text)
    malloc                                   0x0800103f   Thumb Code    94  h1_alloc.o(.text)
    _fseek                                   0x0800109d   Thumb Code   242  fseek.o(.text)
    fseek                                    0x0800109d   Thumb Code     0  fseek.o(.text)
    _seterr                                  0x08001195   Thumb Code    20  stdio.o(.text)
    _writebuf                                0x080011a9   Thumb Code    84  stdio.o(.text)
    _fflush                                  0x080011fd   Thumb Code    70  stdio.o(.text)
    _deferredlazyseek                        0x08001243   Thumb Code    60  stdio.o(.text)
    __sig_exit                               0x08001285   Thumb Code    10  defsig_exit.o(.text)
    __rt_SIGRTRED_inner                      0x08001291   Thumb Code    14  defsig_rtred_inner.o(.text)
    _sys_exit                                0x080012c5   Thumb Code     8  sys_exit.o(.text)
    __Heap_Initialize                        0x080012d1   Thumb Code    10  h1_init.o(.text)
    _maybe_terminate_alloc                   0x080012d1   Thumb Code     0  maybetermalloc1.o(.text)
    __Heap_DescSize                          0x080012db   Thumb Code     4  h1_init.o(.text)
    __Heap_ProvideMemory                     0x080012df   Thumb Code    52  h1_extend.o(.text)
    _ftell_internal                          0x08001313   Thumb Code    66  ftell.o(.text)
    ftell                                    0x08001313   Thumb Code     0  ftell.o(.text)
    __default_signal_display                 0x08001355   Thumb Code    50  defsig_general.o(.text)
    __rt_SIGRTMEM                            0x08001387   Thumb Code    14  defsig_rtmem_outer.o(.text)
    _ttywrch                                 0x08001395   Thumb Code    14  sys_wrch.o(.text)
    __I$use$semihosting                      0x080013a3   Thumb Code     0  use_no_semi.o(.text)
    __use_no_semihosting_swi                 0x080013a3   Thumb Code     2  use_no_semi.o(.text)
    __aeabi_errno_addr                       0x080013a5   Thumb Code     8  rt_errno_addr_intlibspace.o(.text)
    __errno$intlibspace                      0x080013a5   Thumb Code     0  rt_errno_addr_intlibspace.o(.text)
    __rt_errno_addr$intlibspace              0x080013a5   Thumb Code     0  rt_errno_addr_intlibspace.o(.text)
    __semihosting_library_function           0x080013a5   Thumb Code     0  indicate_semi.o(.text)
    __rt_SIGRTMEM_inner                      0x080013ad   Thumb Code    22  defsig_rtmem_inner.o(.text)
    BC260Y_init                              0x080013fd   Thumb Code   504  bsp_bc260y.o(.text.BC260Y_init)
    BusFault_Handler                         0x0800160d   Thumb Code     2  stm32f4xx_it.o(.text.BusFault_Handler)
    CAN1_RX0_IRQHandler                      0x08001611   Thumb Code    12  stm32f4xx_it.o(.text.CAN1_RX0_IRQHandler)
    CanFilterInit                            0x0800161d   Thumb Code   160  bsp_can.o(.text.CanFilterInit)
    DMA2_Stream1_IRQHandler                  0x0800172d   Thumb Code    12  stm32f4xx_it.o(.text.DMA2_Stream1_IRQHandler)
    DebugMon_Handler                         0x08001739   Thumb Code     2  stm32f4xx_it.o(.text.DebugMon_Handler)
    Error_Handler                            0x0800173d   Thumb Code    42  main.o(.text.Error_Handler)
    HAL_CAN_ActivateNotification             0x08001769   Thumb Code    46  stm32f4xx_hal_can.o(.text.HAL_CAN_ActivateNotification)
    HAL_CAN_ConfigFilter                     0x08001799   Thumb Code   222  stm32f4xx_hal_can.o(.text.HAL_CAN_ConfigFilter)
    HAL_CAN_ErrorCallback                    0x08001879   Thumb Code     2  stm32f4xx_hal_can.o(.text.HAL_CAN_ErrorCallback)
    HAL_CAN_GetRxMessage                     0x0800187d   Thumb Code   286  stm32f4xx_hal_can.o(.text.HAL_CAN_GetRxMessage)
    HAL_CAN_IRQHandler                       0x0800199d   Thumb Code   606  stm32f4xx_hal_can.o(.text.HAL_CAN_IRQHandler)
    HAL_CAN_Init                             0x08001bfd   Thumb Code   244  stm32f4xx_hal_can.o(.text.HAL_CAN_Init)
    HAL_CAN_MspInit                          0x08001cf1   Thumb Code   124  can.o(.text.HAL_CAN_MspInit)
    HAL_CAN_RxFifo0FullCallback              0x08001d6d   Thumb Code     2  stm32f4xx_hal_can.o(.text.HAL_CAN_RxFifo0FullCallback)
    HAL_CAN_RxFifo0MsgPendingCallback        0x08001d71   Thumb Code   226  bsp_can.o(.text.HAL_CAN_RxFifo0MsgPendingCallback)
    HAL_CAN_RxFifo1FullCallback              0x08001e55   Thumb Code     2  stm32f4xx_hal_can.o(.text.HAL_CAN_RxFifo1FullCallback)
    HAL_CAN_RxFifo1MsgPendingCallback        0x08001e59   Thumb Code     2  stm32f4xx_hal_can.o(.text.HAL_CAN_RxFifo1MsgPendingCallback)
    HAL_CAN_SleepCallback                    0x08001e5d   Thumb Code     2  stm32f4xx_hal_can.o(.text.HAL_CAN_SleepCallback)
    HAL_CAN_Start                            0x08001e61   Thumb Code    90  stm32f4xx_hal_can.o(.text.HAL_CAN_Start)
    HAL_CAN_TxMailbox0AbortCallback          0x08001ebd   Thumb Code     2  stm32f4xx_hal_can.o(.text.HAL_CAN_TxMailbox0AbortCallback)
    HAL_CAN_TxMailbox0CompleteCallback       0x08001ec1   Thumb Code     2  stm32f4xx_hal_can.o(.text.HAL_CAN_TxMailbox0CompleteCallback)
    HAL_CAN_TxMailbox1AbortCallback          0x08001ec5   Thumb Code     2  stm32f4xx_hal_can.o(.text.HAL_CAN_TxMailbox1AbortCallback)
    HAL_CAN_TxMailbox1CompleteCallback       0x08001ec9   Thumb Code     2  stm32f4xx_hal_can.o(.text.HAL_CAN_TxMailbox1CompleteCallback)
    HAL_CAN_TxMailbox2AbortCallback          0x08001ecd   Thumb Code     2  stm32f4xx_hal_can.o(.text.HAL_CAN_TxMailbox2AbortCallback)
    HAL_CAN_TxMailbox2CompleteCallback       0x08001ed1   Thumb Code     2  stm32f4xx_hal_can.o(.text.HAL_CAN_TxMailbox2CompleteCallback)
    HAL_CAN_WakeUpFromRxMsgCallback          0x08001ed5   Thumb Code     2  stm32f4xx_hal_can.o(.text.HAL_CAN_WakeUpFromRxMsgCallback)
    HAL_DMA_Abort                            0x08001ed9   Thumb Code   146  stm32f4xx_hal_dma.o(.text.HAL_DMA_Abort)
    HAL_DMA_Abort_IT                         0x08001f6d   Thumb Code    36  stm32f4xx_hal_dma.o(.text.HAL_DMA_Abort_IT)
    HAL_DMA_IRQHandler                       0x08001f91   Thumb Code   448  stm32f4xx_hal_dma.o(.text.HAL_DMA_IRQHandler)
    HAL_DMA_Init                             0x08002151   Thumb Code   354  stm32f4xx_hal_dma.o(.text.HAL_DMA_Init)
    HAL_Delay                                0x080022b5   Thumb Code    40  stm32f4xx_hal.o(.text.HAL_Delay)
    HAL_GPIO_Init                            0x080022dd   Thumb Code   442  stm32f4xx_hal_gpio.o(.text.HAL_GPIO_Init)
    HAL_GPIO_WritePin                        0x08002499   Thumb Code    10  stm32f4xx_hal_gpio.o(.text.HAL_GPIO_WritePin)
    HAL_GetTick                              0x080024a5   Thumb Code    12  stm32f4xx_hal.o(.text.HAL_GetTick)
    HAL_IncTick                              0x080024b1   Thumb Code    26  stm32f4xx_hal.o(.text.HAL_IncTick)
    HAL_Init                                 0x080024cd   Thumb Code    54  stm32f4xx_hal.o(.text.HAL_Init)
    HAL_InitTick                             0x08002505   Thumb Code    72  stm32f4xx_hal.o(.text.HAL_InitTick)
    HAL_MspInit                              0x0800254d   Thumb Code    56  stm32f4xx_hal_msp.o(.text.HAL_MspInit)
    HAL_NVIC_EnableIRQ                       0x08002585   Thumb Code    32  stm32f4xx_hal_cortex.o(.text.HAL_NVIC_EnableIRQ)
    HAL_NVIC_SetPriority                     0x080025a5   Thumb Code    86  stm32f4xx_hal_cortex.o(.text.HAL_NVIC_SetPriority)
    HAL_NVIC_SetPriorityGrouping             0x080025fd   Thumb Code    32  stm32f4xx_hal_cortex.o(.text.HAL_NVIC_SetPriorityGrouping)
    HAL_RCC_CSSCallback                      0x0800261d   Thumb Code     2  stm32f4xx_hal_rcc.o(.text.HAL_RCC_CSSCallback)
    HAL_RCC_ClockConfig                      0x08002621   Thumb Code   352  stm32f4xx_hal_rcc.o(.text.HAL_RCC_ClockConfig)
    HAL_RCC_EnableCSS                        0x08002781   Thumb Code    12  stm32f4xx_hal_rcc.o(.text.HAL_RCC_EnableCSS)
    HAL_RCC_GetPCLK1Freq                     0x0800278d   Thumb Code    38  stm32f4xx_hal_rcc.o(.text.HAL_RCC_GetPCLK1Freq)
    HAL_RCC_GetPCLK2Freq                     0x080027b5   Thumb Code    38  stm32f4xx_hal_rcc.o(.text.HAL_RCC_GetPCLK2Freq)
    HAL_RCC_GetSysClockFreq                  0x080027dd   Thumb Code   108  stm32f4xx_hal_rcc.o(.text.HAL_RCC_GetSysClockFreq)
    HAL_RCC_NMI_IRQHandler                   0x08002849   Thumb Code    28  stm32f4xx_hal_rcc.o(.text.HAL_RCC_NMI_IRQHandler)
    HAL_RCC_OscConfig                        0x08002865   Thumb Code   888  stm32f4xx_hal_rcc.o(.text.HAL_RCC_OscConfig)
    HAL_SYSTICK_Config                       0x08002bdd   Thumb Code    44  stm32f4xx_hal_cortex.o(.text.HAL_SYSTICK_Config)
    HAL_TIMEx_ConfigBreakDeadTime            0x08002c09   Thumb Code    76  stm32f4xx_hal_tim_ex.o(.text.HAL_TIMEx_ConfigBreakDeadTime)
    HAL_TIMEx_MasterConfigSynchronization    0x08002c55   Thumb Code   182  stm32f4xx_hal_tim_ex.o(.text.HAL_TIMEx_MasterConfigSynchronization)
    HAL_TIM_Base_Init                        0x08002d0d   Thumb Code    90  stm32f4xx_hal_tim.o(.text.HAL_TIM_Base_Init)
    HAL_TIM_Base_MspInit                     0x08002d69   Thumb Code   130  tim.o(.text.HAL_TIM_Base_MspInit)
    HAL_TIM_ConfigClockSource                0x08002ded   Thumb Code   412  stm32f4xx_hal_tim.o(.text.HAL_TIM_ConfigClockSource)
    HAL_TIM_PWM_ConfigChannel                0x08002f89   Thumb Code   546  stm32f4xx_hal_tim.o(.text.HAL_TIM_PWM_ConfigChannel)
    HAL_TIM_PWM_Init                         0x080031ad   Thumb Code    90  stm32f4xx_hal_tim.o(.text.HAL_TIM_PWM_Init)
    HAL_TIM_PWM_MspInit                      0x08003209   Thumb Code     2  stm32f4xx_hal_tim.o(.text.HAL_TIM_PWM_MspInit)
    HAL_UARTEx_RxEventCallback               0x0800320d   Thumb Code     2  stm32f4xx_hal_uart.o(.text.HAL_UARTEx_RxEventCallback)
    HAL_UART_ErrorCallback                   0x08003211   Thumb Code     2  stm32f4xx_hal_uart.o(.text.HAL_UART_ErrorCallback)
    HAL_UART_GetState                        0x08003215   Thumb Code    14  stm32f4xx_hal_uart.o(.text.HAL_UART_GetState)
    HAL_UART_IRQHandler                      0x08003225   Thumb Code  1368  stm32f4xx_hal_uart.o(.text.HAL_UART_IRQHandler)
    HAL_UART_Init                            0x0800377d   Thumb Code    94  stm32f4xx_hal_uart.o(.text.HAL_UART_Init)
    HAL_UART_MspInit                         0x080037dd   Thumb Code   216  usart.o(.text.HAL_UART_MspInit)
    HAL_UART_Receive_IT                      0x080038b5   Thumb Code    94  stm32f4xx_hal_uart.o(.text.HAL_UART_Receive_IT)
    HAL_UART_RxCpltCallback                  0x08003915   Thumb Code   476  bsp_bc260y.o(.text.HAL_UART_RxCpltCallback)
    HAL_UART_Transmit                        0x08003af9   Thumb Code   638  stm32f4xx_hal_uart.o(.text.HAL_UART_Transmit)
    HAL_UART_TxCpltCallback                  0x08003d79   Thumb Code     2  stm32f4xx_hal_uart.o(.text.HAL_UART_TxCpltCallback)
    HardFault_Handler                        0x08003d7d   Thumb Code     2  stm32f4xx_it.o(.text.HardFault_Handler)
    MX_CAN1_Init                             0x08003d81   Thumb Code    72  can.o(.text.MX_CAN1_Init)
    MX_DMA_Init                              0x08003dc9   Thumb Code    56  dma.o(.text.MX_DMA_Init)
    MX_GPIO_Init                             0x08003e01   Thumb Code   224  gpio.o(.text.MX_GPIO_Init)
    MX_TIM1_Init                             0x08003ee1   Thumb Code   322  tim.o(.text.MX_TIM1_Init)
    MX_USART1_UART_Init                      0x08004025   Thumb Code    62  usart.o(.text.MX_USART1_UART_Init)
    MX_USART3_UART_Init                      0x08004065   Thumb Code    60  usart.o(.text.MX_USART3_UART_Init)
    MemManage_Handler                        0x080040a1   Thumb Code     2  stm32f4xx_it.o(.text.MemManage_Handler)
    NMI_Handler                              0x080040a5   Thumb Code     6  stm32f4xx_it.o(.text.NMI_Handler)
    PendSV_Handler                           0x080040ad   Thumb Code     2  stm32f4xx_it.o(.text.PendSV_Handler)
    SVC_Handler                              0x080040b1   Thumb Code     2  stm32f4xx_it.o(.text.SVC_Handler)
    SysTick_Handler                          0x080040b5   Thumb Code     4  stm32f4xx_it.o(.text.SysTick_Handler)
    SystemClock_Config                       0x080040b9   Thumb Code   248  main.o(.text.SystemClock_Config)
    SystemInit                               0x080041b1   Thumb Code    18  system_stm32f4xx.o(.text.SystemInit)
    TIM_Base_SetConfig                       0x080041c5   Thumb Code   316  stm32f4xx_hal_tim.o(.text.TIM_Base_SetConfig)
    USART1_IRQHandler                        0x080044f1   Thumb Code    12  stm32f4xx_it.o(.text.USART1_IRQHandler)
    USART3_IRQHandler                        0x080044fd   Thumb Code    12  stm32f4xx_it.o(.text.USART3_IRQHandler)
    UsageFault_Handler                       0x08004509   Thumb Code     2  stm32f4xx_it.o(.text.UsageFault_Handler)
    _sys_close                               0x0800450d   Thumb Code    20  retarget_io.o(.text._sys_close)
    _sys_flen                                0x08004521   Thumb Code     4  retarget_io.o(.text._sys_flen)
    _sys_istty                               0x08004525   Thumb Code    16  retarget_io.o(.text._sys_istty)
    _sys_open                                0x08004535   Thumb Code    98  retarget_io.o(.text._sys_open)
    _sys_seek                                0x08004599   Thumb Code     6  retarget_io.o(.text._sys_seek)
    _sys_write                               0x080045a1   Thumb Code    42  retarget_io.o(.text._sys_write)
    cmdToBC26Y                               0x080045cd   Thumb Code   790  bsp_bc260y.o(.text.cmdToBC26Y)
    fputc                                    0x080048e5   Thumb Code    50  usart.o(.text.fputc)
    jsonPack                                 0x08004919   Thumb Code   208  bsp_bc260y.o(.text.jsonPack)
    main                                     0x080049e9   Thumb Code   160  main.o(.text.main)
    mqttServiceStartup                       0x08004a89   Thumb Code   144  bsp_bc260y.o(.text.mqttServiceStartup)
    _is_digit                                0x08004b91   Thumb Code    14  __printf_wp.o(i._is_digit)
    _get_lc_ctype                            0x08004ba1   Thumb Code    44  lc_ctype_c.o(locale$$code)
    _fp_init                                 0x08004bcd   Thumb Code    26  fpinit.o(x$fpl$fpinit)
    __fplib_config_fpu_vfp                   0x08004be5   Thumb Code     0  fpinit.o(x$fpl$fpinit)
    __fplib_config_pureend_doubles           0x08004be5   Thumb Code     0  fpinit.o(x$fpl$fpinit)
    AHBPrescTable                            0x08004c29   Data          16  system_stm32f4xx.o(.rodata.AHBPrescTable)
    APBPrescTable                            0x08004c39   Data           8  system_stm32f4xx.o(.rodata.APBPrescTable)
    __stderr_name                            0x08004c41   Data           8  retarget_io.o(.rodata.__stderr_name)
    __stdin_name                             0x08004c49   Data           7  retarget_io.o(.rodata.__stdin_name)
    __stdout_name                            0x08004c50   Data           8  retarget_io.o(.rodata.__stdout_name)
    Region$$Table$$Base                      0x08004f44   Number         0  anon$$obj.o(Region$$Table)
    Region$$Table$$Limit                     0x08004f64   Number         0  anon$$obj.o(Region$$Table)
    __ctype                                  0x08004f71   Data           0  lc_ctype_c.o(locale$$data)
    __aeabi_stdin                            0x20000000   Data           4  stdio_streams.o(.data)
    __aeabi_stdout                           0x20000004   Data           4  stdio_streams.o(.data)
    __aeabi_stderr                           0x20000008   Data           4  stdio_streams.o(.data)
    uwTickFreq                               0x2000000c   Data           1  stm32f4xx_hal.o(.data..L_MergedGlobals)
    uwTickPrio                               0x20000010   Data           4  stm32f4xx_hal.o(.data..L_MergedGlobals)
    SystemCoreClock                          0x20000014   Data           4  system_stm32f4xx.o(.data.SystemCoreClock)
    uploadFlag                               0x20000018   Data           1  bsp_can.o(.data.uploadFlag)
    __stdin                                  0x20000020   Data          84  stdio_streams.o(.bss)
    __stdout                                 0x20000074   Data          84  stdio_streams.o(.bss)
    __stderr                                 0x200000c8   Data          84  stdio_streams.o(.bss)
    __libspace_start                         0x2000011c   Data          96  libspace.o(.bss)
    __temporary_stack_top$libspace           0x2000017c   Data           0  libspace.o(.bss)
    racingCarData                            0x2000017c   Data          24  bsp_can.o(.bss..L_MergedGlobals)
    usartTxFlag                              0x200001b0   Data           1  usart.o(.bss..L_MergedGlobals)
    usartRxFlag                              0x200001b1   Data           1  usart.o(.bss..L_MergedGlobals)
    huart1                                   0x200001b4   Data          68  usart.o(.bss..L_MergedGlobals)
    Uart1_Rx_Cnt                             0x200001f8   Data           1  bsp_bc260y.o(.bss..L_MergedGlobals)
    Uart3_Rx_Cnt                             0x200001f9   Data           1  bsp_bc260y.o(.bss..L_MergedGlobals)
    okFlag                                   0x200001fa   Data           1  bsp_bc260y.o(.bss..L_MergedGlobals)
    aRxBuffer1                               0x200001fb   Data           1  bsp_bc260y.o(.bss..L_MergedGlobals)
    aRxBuffer3                               0x200001fc   Data           1  bsp_bc260y.o(.bss..L_MergedGlobals)
    Buffer                                   0x20000200   Data         256  bsp_bc260y.o(.bss.Buffer)
    RxBuffer1                                0x20000300   Data         256  bsp_bc260y.o(.bss.RxBuffer1)
    RxBuffer3                                0x20000400   Data         256  bsp_bc260y.o(.bss.RxBuffer3)
    hcan1                                    0x20000500   Data          40  can.o(.bss.hcan1)
    hdma_tim1_ch1                            0x20000528   Data          96  tim.o(.bss.hdma_tim1_ch1)
    htim1                                    0x20000588   Data          72  tim.o(.bss.htim1)
    huart3                                   0x200005d0   Data          68  usart.o(.bss.huart3)
    uwTick                                   0x20000614   Data           4  stm32f4xx_hal.o(.bss.uwTick)



==============================================================================

Memory Map of the image

  Image Entry point : 0x08000189

  Load Region LR_IROM1 (Base: 0x08000000, Size: 0x00005098, Max: 0x00080000, ABSOLUTE)

    Execution Region ER_IROM1 (Exec base: 0x08000000, Load base: 0x08000000, Size: 0x00005074, Max: 0x00080000, ABSOLUTE)

    Exec Addr    Load Addr    Size         Type   Attr      Idx    E Section Name        Object

    0x08000000   0x08000000   0x00000188   Data   RO            3    RESET               startup_stm32f407xx.o
    0x08000188   0x08000188   0x00000008   Code   RO         1250  * !!!main             c_w.l(__main.o)
    0x08000190   0x08000190   0x00000034   Code   RO         1597    !!!scatter          c_w.l(__scatter.o)
    0x080001c4   0x080001c4   0x0000001a   Code   RO         1599    !!handler_copy      c_w.l(__scatter_copy.o)
    0x080001de   0x080001de   0x00000002   PAD
    0x080001e0   0x080001e0   0x0000001c   Code   RO         1601    !!handler_zi        c_w.l(__scatter_zi.o)
    0x080001fc   0x080001fc   0x00000000   Code   RO         1230    .ARM.Collect$$_printf_percent$$00000000  c_w.l(_printf_percent.o)
    0x080001fc   0x080001fc   0x00000006   Code   RO         1227    .ARM.Collect$$_printf_percent$$00000008  c_w.l(_printf_i.o)
    0x08000202   0x08000202   0x00000006   Code   RO         1228    .ARM.Collect$$_printf_percent$$00000009  c_w.l(_printf_d.o)
    0x08000208   0x08000208   0x00000006   Code   RO         1229    .ARM.Collect$$_printf_percent$$0000000A  c_w.l(_printf_u.o)
    0x0800020e   0x0800020e   0x00000006   Code   RO         1226    .ARM.Collect$$_printf_percent$$0000000B  c_w.l(_printf_o.o)
    0x08000214   0x08000214   0x00000006   Code   RO         1225    .ARM.Collect$$_printf_percent$$0000000C  c_w.l(_printf_x.o)
    0x0800021a   0x0800021a   0x0000000a   Code   RO         1270    .ARM.Collect$$_printf_percent$$00000012  c_w.l(_printf_l.o)
    0x08000224   0x08000224   0x00000006   Code   RO         1223    .ARM.Collect$$_printf_percent$$00000013  c_w.l(_printf_c.o)
    0x0800022a   0x0800022a   0x00000006   Code   RO         1224    .ARM.Collect$$_printf_percent$$00000014  c_w.l(_printf_s.o)
    0x08000230   0x08000230   0x00000006   Code   RO         1231    .ARM.Collect$$_printf_percent$$00000015  c_w.l(_printf_lc.o)
    0x08000236   0x08000236   0x00000004   Code   RO         1269    .ARM.Collect$$_printf_percent$$00000017  c_w.l(_printf_percent_end.o)
    0x0800023a   0x0800023a   0x00000002   Code   RO         1402    .ARM.Collect$$libinit$$00000000  c_w.l(libinit.o)
    0x0800023c   0x0800023c   0x00000004   Code   RO         1403    .ARM.Collect$$libinit$$00000001  c_w.l(libinit2.o)
    0x08000240   0x08000240   0x00000000   Code   RO         1406    .ARM.Collect$$libinit$$00000004  c_w.l(libinit2.o)
    0x08000240   0x08000240   0x00000000   Code   RO         1408    .ARM.Collect$$libinit$$00000006  c_w.l(libinit2.o)
    0x08000240   0x08000240   0x00000008   Code   RO         1409    .ARM.Collect$$libinit$$00000007  c_w.l(libinit2.o)
    0x08000248   0x08000248   0x00000000   Code   RO         1411    .ARM.Collect$$libinit$$0000000C  c_w.l(libinit2.o)
    0x08000248   0x08000248   0x00000000   Code   RO         1413    .ARM.Collect$$libinit$$0000000E  c_w.l(libinit2.o)
    0x08000248   0x08000248   0x00000000   Code   RO         1415    .ARM.Collect$$libinit$$00000010  c_w.l(libinit2.o)
    0x08000248   0x08000248   0x00000006   Code   RO         1416    .ARM.Collect$$libinit$$00000011  c_w.l(libinit2.o)
    0x0800024e   0x0800024e   0x00000000   Code   RO         1418    .ARM.Collect$$libinit$$00000013  c_w.l(libinit2.o)
    0x0800024e   0x0800024e   0x0000000c   Code   RO         1419    .ARM.Collect$$libinit$$00000014  c_w.l(libinit2.o)
    0x0800025a   0x0800025a   0x00000000   Code   RO         1420    .ARM.Collect$$libinit$$00000015  c_w.l(libinit2.o)
    0x0800025a   0x0800025a   0x00000000   Code   RO         1422    .ARM.Collect$$libinit$$00000017  c_w.l(libinit2.o)
    0x0800025a   0x0800025a   0x00000000   Code   RO         1424    .ARM.Collect$$libinit$$00000019  c_w.l(libinit2.o)
    0x0800025a   0x0800025a   0x00000000   Code   RO         1426    .ARM.Collect$$libinit$$0000001B  c_w.l(libinit2.o)
    0x0800025a   0x0800025a   0x00000000   Code   RO         1428    .ARM.Collect$$libinit$$0000001D  c_w.l(libinit2.o)
    0x0800025a   0x0800025a   0x00000000   Code   RO         1430    .ARM.Collect$$libinit$$0000001F  c_w.l(libinit2.o)
    0x0800025a   0x0800025a   0x00000000   Code   RO         1432    .ARM.Collect$$libinit$$00000021  c_w.l(libinit2.o)
    0x0800025a   0x0800025a   0x00000000   Code   RO         1434    .ARM.Collect$$libinit$$00000023  c_w.l(libinit2.o)
    0x0800025a   0x0800025a   0x00000000   Code   RO         1436    .ARM.Collect$$libinit$$00000025  c_w.l(libinit2.o)
    0x0800025a   0x0800025a   0x00000004   Code   RO         1437    .ARM.Collect$$libinit$$00000026  c_w.l(libinit2.o)
    0x0800025e   0x0800025e   0x00000000   Code   RO         1438    .ARM.Collect$$libinit$$00000027  c_w.l(libinit2.o)
    0x0800025e   0x0800025e   0x00000000   Code   RO         1442    .ARM.Collect$$libinit$$0000002E  c_w.l(libinit2.o)
    0x0800025e   0x0800025e   0x00000000   Code   RO         1444    .ARM.Collect$$libinit$$00000030  c_w.l(libinit2.o)
    0x0800025e   0x0800025e   0x00000000   Code   RO         1446    .ARM.Collect$$libinit$$00000032  c_w.l(libinit2.o)
    0x0800025e   0x0800025e   0x00000000   Code   RO         1448    .ARM.Collect$$libinit$$00000034  c_w.l(libinit2.o)
    0x0800025e   0x0800025e   0x00000002   Code   RO         1449    .ARM.Collect$$libinit$$00000035  c_w.l(libinit2.o)
    0x08000260   0x08000260   0x00000002   Code   RO         1578    .ARM.Collect$$libshutdown$$00000000  c_w.l(libshutdown.o)
    0x08000262   0x08000262   0x00000000   Code   RO         1451    .ARM.Collect$$libshutdown$$00000002  c_w.l(libshutdown2.o)
    0x08000262   0x08000262   0x00000004   Code   RO         1452    .ARM.Collect$$libshutdown$$00000003  c_w.l(libshutdown2.o)
    0x08000266   0x08000266   0x00000000   Code   RO         1453    .ARM.Collect$$libshutdown$$00000004  c_w.l(libshutdown2.o)
    0x08000266   0x08000266   0x00000000   Code   RO         1456    .ARM.Collect$$libshutdown$$00000007  c_w.l(libshutdown2.o)
    0x08000266   0x08000266   0x00000000   Code   RO         1459    .ARM.Collect$$libshutdown$$0000000A  c_w.l(libshutdown2.o)
    0x08000266   0x08000266   0x00000000   Code   RO         1461    .ARM.Collect$$libshutdown$$0000000C  c_w.l(libshutdown2.o)
    0x08000266   0x08000266   0x00000000   Code   RO         1464    .ARM.Collect$$libshutdown$$0000000F  c_w.l(libshutdown2.o)
    0x08000266   0x08000266   0x00000002   Code   RO         1465    .ARM.Collect$$libshutdown$$00000010  c_w.l(libshutdown2.o)
    0x08000268   0x08000268   0x00000000   Code   RO         1252    .ARM.Collect$$rtentry$$00000000  c_w.l(__rtentry.o)
    0x08000268   0x08000268   0x00000000   Code   RO         1280    .ARM.Collect$$rtentry$$00000002  c_w.l(__rtentry2.o)
    0x08000268   0x08000268   0x00000006   Code   RO         1292    .ARM.Collect$$rtentry$$00000004  c_w.l(__rtentry4.o)
    0x0800026e   0x0800026e   0x00000000   Code   RO         1282    .ARM.Collect$$rtentry$$00000009  c_w.l(__rtentry2.o)
    0x0800026e   0x0800026e   0x00000004   Code   RO         1283    .ARM.Collect$$rtentry$$0000000A  c_w.l(__rtentry2.o)
    0x08000272   0x08000272   0x00000000   Code   RO         1285    .ARM.Collect$$rtentry$$0000000C  c_w.l(__rtentry2.o)
    0x08000272   0x08000272   0x00000008   Code   RO         1286    .ARM.Collect$$rtentry$$0000000D  c_w.l(__rtentry2.o)
    0x0800027a   0x0800027a   0x00000002   Code   RO         1469    .ARM.Collect$$rtexit$$00000000  c_w.l(rtexit.o)
    0x0800027c   0x0800027c   0x00000000   Code   RO         1517    .ARM.Collect$$rtexit$$00000002  c_w.l(rtexit2.o)
    0x0800027c   0x0800027c   0x00000004   Code   RO         1518    .ARM.Collect$$rtexit$$00000003  c_w.l(rtexit2.o)
    0x08000280   0x08000280   0x00000006   Code   RO         1519    .ARM.Collect$$rtexit$$00000004  c_w.l(rtexit2.o)
    0x08000286   0x08000286   0x00000002   PAD
    0x08000288   0x08000288   0x00000040   Code   RO            4    .text               startup_stm32f407xx.o
    0x080002c8   0x080002c8   0x000000f0   Code   RO         1153    .text               c_w.l(lludivv7m.o)
    0x080003b8   0x080003b8   0x00000018   Code   RO         1159    .text               c_w.l(noretval__2printf.o)
    0x080003d0   0x080003d0   0x00000028   Code   RO         1161    .text               c_w.l(noretval__2sprintf.o)
    0x080003f8   0x080003f8   0x0000004e   Code   RO         1165    .text               c_w.l(_printf_pad.o)
    0x08000446   0x08000446   0x00000024   Code   RO         1167    .text               c_w.l(_printf_truncate.o)
    0x0800046a   0x0800046a   0x00000052   Code   RO         1169    .text               c_w.l(_printf_str.o)
    0x080004bc   0x080004bc   0x00000078   Code   RO         1171    .text               c_w.l(_printf_dec.o)
    0x08000534   0x08000534   0x000000bc   Code   RO         1173    .text               c_w.l(_printf_wctomb.o)
    0x080005f0   0x080005f0   0x00000054   Code   RO         1178    .text               c_w.l(_printf_oct_int.o)
    0x08000644   0x08000644   0x00000058   Code   RO         1185    .text               c_w.l(_printf_hex_int.o)
    0x0800069c   0x0800069c   0x00000188   Code   RO         1220    .text               c_w.l(__printf_flags_ss_wp.o)
    0x08000824   0x08000824   0x0000000c   Code   RO         1232    .text               c_w.l(putchar.o)
    0x08000830   0x08000830   0x0000002c   Code   RO         1234    .text               c_w.l(puts.o)
    0x0800085c   0x0800085c   0x00000024   Code   RO         1236    .text               c_w.l(strstr.o)
    0x08000880   0x08000880   0x00000058   Code   RO         1238    .text               c_w.l(memcmp.o)
    0x080008d8   0x080008d8   0x00000048   Code   RO         1240    .text               c_w.l(strcpy.o)
    0x08000920   0x08000920   0x00000064   Code   RO         1242    .text               c_w.l(rt_memcpy_w.o)
    0x08000984   0x08000984   0x0000004e   Code   RO         1244    .text               c_w.l(rt_memclr_w.o)
    0x080009d2   0x080009d2   0x00000006   PAD
    0x080009d8   0x080009d8   0x0000007c   Code   RO         1246    .text               c_w.l(strcmpv7em.o)
    0x08000a54   0x08000a54   0x00000006   Code   RO         1248    .text               c_w.l(heapauxi.o)
    0x08000a5a   0x08000a5a   0x000000b2   Code   RO         1257    .text               c_w.l(_printf_intcommon.o)
    0x08000b0c   0x08000b0c   0x00000030   Code   RO         1259    .text               c_w.l(_printf_char_common.o)
    0x08000b3c   0x08000b3c   0x0000000a   Code   RO         1261    .text               c_w.l(_sputc.o)
    0x08000b46   0x08000b46   0x0000002c   Code   RO         1263    .text               c_w.l(_printf_char.o)
    0x08000b72   0x08000b72   0x00000002   PAD
    0x08000b74   0x08000b74   0x00000024   Code   RO         1265    .text               c_w.l(_printf_char_file.o)
    0x08000b98   0x08000b98   0x0000002c   Code   RO         1267    .text               c_w.l(_printf_wchar.o)
    0x08000bc4   0x08000bc4   0x00000048   Code   RO         1277    .text               c_w.l(_c16rtomb.o)
    0x08000c0c   0x08000c0c   0x00000010   Code   RO         1294    .text               c_w.l(rt_ctype_table.o)
    0x08000c1c   0x08000c1c   0x00000008   Code   RO         1300    .text               c_w.l(ferror.o)
    0x08000c24   0x08000c24   0x00000138   Code   RO         1302    .text               c_w.l(initio.o)
    0x08000d5c   0x08000d5c   0x0000004a   Code   RO         1310    .text               c_w.l(sys_stackheap_outer.o)
    0x08000da6   0x08000da6   0x00000002   PAD
    0x08000da8   0x08000da8   0x00000008   Code   RO         1315    .text               c_w.l(rt_locale_intlibspace.o)
    0x08000db0   0x08000db0   0x0000004e   Code   RO         1319    .text               c_w.l(h1_free.o)
    0x08000dfe   0x08000dfe   0x00000046   Code   RO         1373    .text               c_w.l(setvbuf.o)
    0x08000e44   0x08000e44   0x000000f0   Code   RO         1376    .text               c_w.l(fopen.o)
    0x08000f34   0x08000f34   0x0000004c   Code   RO         1378    .text               c_w.l(fclose.o)
    0x08000f80   0x08000f80   0x00000012   Code   RO         1387    .text               c_w.l(exit.o)
    0x08000f92   0x08000f92   0x0000000e   Code   RO         1393    .text               c_w.l(defsig_rtred_outer.o)
    0x08000fa0   0x08000fa0   0x00000008   Code   RO         1466    .text               c_w.l(libspace.o)
    0x08000fa8   0x08000fa8   0x00000008   Code   RO         1476    .text               c_w.l(rt_heap_descriptor_intlibspace.o)
    0x08000fb0   0x08000fb0   0x00000004   Code   RO         1478    .text               c_w.l(hguard.o)
    0x08000fb4   0x08000fb4   0x0000008a   Code   RO         1480    .text               c_w.l(init_alloc.o)
    0x0800103e   0x0800103e   0x0000005e   Code   RO         1486    .text               c_w.l(h1_alloc.o)
    0x0800109c   0x0800109c   0x000000f8   Code   RO         1498    .text               c_w.l(fseek.o)
    0x08001194   0x08001194   0x000000f0   Code   RO         1500    .text               c_w.l(stdio.o)
    0x08001284   0x08001284   0x0000000a   Code   RO         1502    .text               c_w.l(defsig_exit.o)
    0x0800128e   0x0800128e   0x00000002   PAD
    0x08001290   0x08001290   0x00000034   Code   RO         1506    .text               c_w.l(defsig_rtred_inner.o)
    0x080012c4   0x080012c4   0x0000000c   Code   RO         1512    .text               c_w.l(sys_exit.o)
    0x080012d0   0x080012d0   0x00000000   Code   RO         1523    .text               c_w.l(maybetermalloc1.o)
    0x080012d0   0x080012d0   0x0000000e   Code   RO         1525    .text               c_w.l(h1_init.o)
    0x080012de   0x080012de   0x00000034   Code   RO         1527    .text               c_w.l(h1_extend.o)
    0x08001312   0x08001312   0x00000042   Code   RO         1533    .text               c_w.l(ftell.o)
    0x08001354   0x08001354   0x00000032   Code   RO         1537    .text               c_w.l(defsig_general.o)
    0x08001386   0x08001386   0x0000000e   Code   RO         1539    .text               c_w.l(defsig_rtmem_outer.o)
    0x08001394   0x08001394   0x0000000e   Code   RO         1552    .text               c_w.l(sys_wrch.o)
    0x080013a2   0x080013a2   0x00000002   Code   RO         1560    .text               c_w.l(use_no_semi.o)
    0x080013a4   0x080013a4   0x00000000   Code   RO         1562    .text               c_w.l(indicate_semi.o)
    0x080013a4   0x080013a4   0x00000008   Code   RO         1566    .text               c_w.l(rt_errno_addr_intlibspace.o)
    0x080013ac   0x080013ac   0x00000050   Code   RO         1572    .text               c_w.l(defsig_rtmem_inner.o)
    0x080013fc   0x080013fc   0x00000210   Code   RO         1079    .text.BC260Y_init   bsp_bc260y.o
    0x0800160c   0x0800160c   0x00000002   Code   RO          129    .text.BusFault_Handler  stm32f4xx_it.o
    0x0800160e   0x0800160e   0x00000002   PAD
    0x08001610   0x08001610   0x0000000c   Code   RO          141    .text.CAN1_RX0_IRQHandler  stm32f4xx_it.o
    0x0800161c   0x0800161c   0x00000110   Code   RO           19    .text.CanFilterInit  bsp_can.o
    0x0800172c   0x0800172c   0x0000000c   Code   RO          147    .text.DMA2_Stream1_IRQHandler  stm32f4xx_it.o
    0x08001738   0x08001738   0x00000002   Code   RO          135    .text.DebugMon_Handler  stm32f4xx_it.o
    0x0800173a   0x0800173a   0x00000002   PAD
    0x0800173c   0x0800173c   0x0000002a   Code   RO           38    .text.Error_Handler  main.o
    0x08001766   0x08001766   0x00000002   PAD
    0x08001768   0x08001768   0x0000002e   Code   RO          198    .text.HAL_CAN_ActivateNotification  stm32f4xx_hal_can.o
    0x08001796   0x08001796   0x00000002   PAD
    0x08001798   0x08001798   0x000000de   Code   RO          174    .text.HAL_CAN_ConfigFilter  stm32f4xx_hal_can.o
    0x08001876   0x08001876   0x00000002   PAD
    0x08001878   0x08001878   0x00000002   Code   RO          228    .text.HAL_CAN_ErrorCallback  stm32f4xx_hal_can.o
    0x0800187a   0x0800187a   0x00000002   PAD
    0x0800187c   0x0800187c   0x0000011e   Code   RO          194    .text.HAL_CAN_GetRxMessage  stm32f4xx_hal_can.o
    0x0800199a   0x0800199a   0x00000002   PAD
    0x0800199c   0x0800199c   0x0000025e   Code   RO          202    .text.HAL_CAN_IRQHandler  stm32f4xx_hal_can.o
    0x08001bfa   0x08001bfa   0x00000002   PAD
    0x08001bfc   0x08001bfc   0x000000f4   Code   RO          164    .text.HAL_CAN_Init  stm32f4xx_hal_can.o
    0x08001cf0   0x08001cf0   0x0000007c   Code   RO           61    .text.HAL_CAN_MspInit  can.o
    0x08001d6c   0x08001d6c   0x00000002   Code   RO          216    .text.HAL_CAN_RxFifo0FullCallback  stm32f4xx_hal_can.o
    0x08001d6e   0x08001d6e   0x00000002   PAD
    0x08001d70   0x08001d70   0x000000e2   Code   RO           13    .text.HAL_CAN_RxFifo0MsgPendingCallback  bsp_can.o
    0x08001e52   0x08001e52   0x00000002   PAD
    0x08001e54   0x08001e54   0x00000002   Code   RO          220    .text.HAL_CAN_RxFifo1FullCallback  stm32f4xx_hal_can.o
    0x08001e56   0x08001e56   0x00000002   PAD
    0x08001e58   0x08001e58   0x00000002   Code   RO          222    .text.HAL_CAN_RxFifo1MsgPendingCallback  stm32f4xx_hal_can.o
    0x08001e5a   0x08001e5a   0x00000002   PAD
    0x08001e5c   0x08001e5c   0x00000002   Code   RO          224    .text.HAL_CAN_SleepCallback  stm32f4xx_hal_can.o
    0x08001e5e   0x08001e5e   0x00000002   PAD
    0x08001e60   0x08001e60   0x0000005a   Code   RO          176    .text.HAL_CAN_Start  stm32f4xx_hal_can.o
    0x08001eba   0x08001eba   0x00000002   PAD
    0x08001ebc   0x08001ebc   0x00000002   Code   RO          206    .text.HAL_CAN_TxMailbox0AbortCallback  stm32f4xx_hal_can.o
    0x08001ebe   0x08001ebe   0x00000002   PAD
    0x08001ec0   0x08001ec0   0x00000002   Code   RO          204    .text.HAL_CAN_TxMailbox0CompleteCallback  stm32f4xx_hal_can.o
    0x08001ec2   0x08001ec2   0x00000002   PAD
    0x08001ec4   0x08001ec4   0x00000002   Code   RO          210    .text.HAL_CAN_TxMailbox1AbortCallback  stm32f4xx_hal_can.o
    0x08001ec6   0x08001ec6   0x00000002   PAD
    0x08001ec8   0x08001ec8   0x00000002   Code   RO          208    .text.HAL_CAN_TxMailbox1CompleteCallback  stm32f4xx_hal_can.o
    0x08001eca   0x08001eca   0x00000002   PAD
    0x08001ecc   0x08001ecc   0x00000002   Code   RO          214    .text.HAL_CAN_TxMailbox2AbortCallback  stm32f4xx_hal_can.o
    0x08001ece   0x08001ece   0x00000002   PAD
    0x08001ed0   0x08001ed0   0x00000002   Code   RO          212    .text.HAL_CAN_TxMailbox2CompleteCallback  stm32f4xx_hal_can.o
    0x08001ed2   0x08001ed2   0x00000002   PAD
    0x08001ed4   0x08001ed4   0x00000002   Code   RO          226    .text.HAL_CAN_WakeUpFromRxMsgCallback  stm32f4xx_hal_can.o
    0x08001ed6   0x08001ed6   0x00000002   PAD
    0x08001ed8   0x08001ed8   0x00000092   Code   RO          400    .text.HAL_DMA_Abort  stm32f4xx_hal_dma.o
    0x08001f6a   0x08001f6a   0x00000002   PAD
    0x08001f6c   0x08001f6c   0x00000024   Code   RO          402    .text.HAL_DMA_Abort_IT  stm32f4xx_hal_dma.o
    0x08001f90   0x08001f90   0x000001c0   Code   RO          406    .text.HAL_DMA_IRQHandler  stm32f4xx_hal_dma.o
    0x08002150   0x08002150   0x00000162   Code   RO          392    .text.HAL_DMA_Init  stm32f4xx_hal_dma.o
    0x080022b2   0x080022b2   0x00000002   PAD
    0x080022b4   0x080022b4   0x00000028   Code   RO          553    .text.HAL_Delay     stm32f4xx_hal.o
    0x080022dc   0x080022dc   0x000001ba   Code   RO          354    .text.HAL_GPIO_Init  stm32f4xx_hal_gpio.o
    0x08002496   0x08002496   0x00000002   PAD
    0x08002498   0x08002498   0x0000000a   Code   RO          360    .text.HAL_GPIO_WritePin  stm32f4xx_hal_gpio.o
    0x080024a2   0x080024a2   0x00000002   PAD
    0x080024a4   0x080024a4   0x0000000c   Code   RO          545    .text.HAL_GetTick   stm32f4xx_hal.o
    0x080024b0   0x080024b0   0x0000001a   Code   RO          543    .text.HAL_IncTick   stm32f4xx_hal.o
    0x080024ca   0x080024ca   0x00000002   PAD
    0x080024cc   0x080024cc   0x00000036   Code   RO          533    .text.HAL_Init      stm32f4xx_hal.o
    0x08002502   0x08002502   0x00000002   PAD
    0x08002504   0x08002504   0x00000048   Code   RO          535    .text.HAL_InitTick  stm32f4xx_hal.o
    0x0800254c   0x0800254c   0x00000038   Code   RO          156    .text.HAL_MspInit   stm32f4xx_hal_msp.o
    0x08002584   0x08002584   0x00000020   Code   RO          491    .text.HAL_NVIC_EnableIRQ  stm32f4xx_hal_cortex.o
    0x080025a4   0x080025a4   0x00000056   Code   RO          489    .text.HAL_NVIC_SetPriority  stm32f4xx_hal_cortex.o
    0x080025fa   0x080025fa   0x00000002   PAD
    0x080025fc   0x080025fc   0x00000020   Code   RO          487    .text.HAL_NVIC_SetPriorityGrouping  stm32f4xx_hal_cortex.o
    0x0800261c   0x0800261c   0x00000002   Code   RO          270    .text.HAL_RCC_CSSCallback  stm32f4xx_hal_rcc.o
    0x0800261e   0x0800261e   0x00000002   PAD
    0x08002620   0x08002620   0x00000160   Code   RO          248    .text.HAL_RCC_ClockConfig  stm32f4xx_hal_rcc.o
    0x08002780   0x08002780   0x0000000c   Code   RO          254    .text.HAL_RCC_EnableCSS  stm32f4xx_hal_rcc.o
    0x0800278c   0x0800278c   0x00000026   Code   RO          260    .text.HAL_RCC_GetPCLK1Freq  stm32f4xx_hal_rcc.o
    0x080027b2   0x080027b2   0x00000002   PAD
    0x080027b4   0x080027b4   0x00000026   Code   RO          262    .text.HAL_RCC_GetPCLK2Freq  stm32f4xx_hal_rcc.o
    0x080027da   0x080027da   0x00000002   PAD
    0x080027dc   0x080027dc   0x0000006c   Code   RO          250    .text.HAL_RCC_GetSysClockFreq  stm32f4xx_hal_rcc.o
    0x08002848   0x08002848   0x0000001c   Code   RO          268    .text.HAL_RCC_NMI_IRQHandler  stm32f4xx_hal_rcc.o
    0x08002864   0x08002864   0x00000378   Code   RO          246    .text.HAL_RCC_OscConfig  stm32f4xx_hal_rcc.o
    0x08002bdc   0x08002bdc   0x0000002c   Code   RO          499    .text.HAL_SYSTICK_Config  stm32f4xx_hal_cortex.o
    0x08002c08   0x08002c08   0x0000004c   Code   RO          920    .text.HAL_TIMEx_ConfigBreakDeadTime  stm32f4xx_hal_tim_ex.o
    0x08002c54   0x08002c54   0x000000b6   Code   RO          918    .text.HAL_TIMEx_MasterConfigSynchronization  stm32f4xx_hal_tim_ex.o
    0x08002d0a   0x08002d0a   0x00000002   PAD
    0x08002d0c   0x08002d0c   0x0000005a   Code   RO          623    .text.HAL_TIM_Base_Init  stm32f4xx_hal_tim.o
    0x08002d66   0x08002d66   0x00000002   PAD
    0x08002d68   0x08002d68   0x00000082   Code   RO           87    .text.HAL_TIM_Base_MspInit  tim.o
    0x08002dea   0x08002dea   0x00000002   PAD
    0x08002dec   0x08002dec   0x0000019c   Code   RO          803    .text.HAL_TIM_ConfigClockSource  stm32f4xx_hal_tim.o
    0x08002f88   0x08002f88   0x00000222   Code   RO          777    .text.HAL_TIM_PWM_ConfigChannel  stm32f4xx_hal_tim.o
    0x080031aa   0x080031aa   0x00000002   PAD
    0x080031ac   0x080031ac   0x0000005a   Code   RO          677    .text.HAL_TIM_PWM_Init  stm32f4xx_hal_tim.o
    0x08003206   0x08003206   0x00000002   PAD
    0x08003208   0x08003208   0x00000002   Code   RO          679    .text.HAL_TIM_PWM_MspInit  stm32f4xx_hal_tim.o
    0x0800320a   0x0800320a   0x00000002   PAD
    0x0800320c   0x0800320c   0x00000002   Code   RO         1026    .text.HAL_UARTEx_RxEventCallback  stm32f4xx_hal_uart.o
    0x0800320e   0x0800320e   0x00000002   PAD
    0x08003210   0x08003210   0x00000002   Code   RO         1024    .text.HAL_UART_ErrorCallback  stm32f4xx_hal_uart.o
    0x08003212   0x08003212   0x00000002   PAD
    0x08003214   0x08003214   0x0000000e   Code   RO         1046    .text.HAL_UART_GetState  stm32f4xx_hal_uart.o
    0x08003222   0x08003222   0x00000002   PAD
    0x08003224   0x08003224   0x00000558   Code   RO         1018    .text.HAL_UART_IRQHandler  stm32f4xx_hal_uart.o
    0x0800377c   0x0800377c   0x0000005e   Code   RO          942    .text.HAL_UART_Init  stm32f4xx_hal_uart.o
    0x080037da   0x080037da   0x00000002   PAD
    0x080037dc   0x080037dc   0x000000d8   Code   RO          105    .text.HAL_UART_MspInit  usart.o
    0x080038b4   0x080038b4   0x0000005e   Code   RO          964    .text.HAL_UART_Receive_IT  stm32f4xx_hal_uart.o
    0x08003912   0x08003912   0x00000002   PAD
    0x08003914   0x08003914   0x000001e4   Code   RO         1089    .text.HAL_UART_RxCpltCallback  bsp_bc260y.o
    0x08003af8   0x08003af8   0x0000027e   Code   RO          958    .text.HAL_UART_Transmit  stm32f4xx_hal_uart.o
    0x08003d76   0x08003d76   0x00000002   PAD
    0x08003d78   0x08003d78   0x00000002   Code   RO         1028    .text.HAL_UART_TxCpltCallback  stm32f4xx_hal_uart.o
    0x08003d7a   0x08003d7a   0x00000002   PAD
    0x08003d7c   0x08003d7c   0x00000002   Code   RO          125    .text.HardFault_Handler  stm32f4xx_it.o
    0x08003d7e   0x08003d7e   0x00000002   PAD
    0x08003d80   0x08003d80   0x00000048   Code   RO           59    .text.MX_CAN1_Init  can.o
    0x08003dc8   0x08003dc8   0x00000038   Code   RO           74    .text.MX_DMA_Init   dma.o
    0x08003e00   0x08003e00   0x000000e0   Code   RO           50    .text.MX_GPIO_Init  gpio.o
    0x08003ee0   0x08003ee0   0x00000142   Code   RO           83    .text.MX_TIM1_Init  tim.o
    0x08004022   0x08004022   0x00000002   PAD
    0x08004024   0x08004024   0x0000003e   Code   RO          101    .text.MX_USART1_UART_Init  usart.o
    0x08004062   0x08004062   0x00000002   PAD
    0x08004064   0x08004064   0x0000003c   Code   RO          103    .text.MX_USART3_UART_Init  usart.o
    0x080040a0   0x080040a0   0x00000002   Code   RO          127    .text.MemManage_Handler  stm32f4xx_it.o
    0x080040a2   0x080040a2   0x00000002   PAD
    0x080040a4   0x080040a4   0x00000006   Code   RO          123    .text.NMI_Handler   stm32f4xx_it.o
    0x080040aa   0x080040aa   0x00000002   PAD
    0x080040ac   0x080040ac   0x00000002   Code   RO          137    .text.PendSV_Handler  stm32f4xx_it.o
    0x080040ae   0x080040ae   0x00000002   PAD
    0x080040b0   0x080040b0   0x00000002   Code   RO          133    .text.SVC_Handler   stm32f4xx_it.o
    0x080040b2   0x080040b2   0x00000002   PAD
    0x080040b4   0x080040b4   0x00000004   Code   RO          139    .text.SysTick_Handler  stm32f4xx_it.o
    0x080040b8   0x080040b8   0x000000f8   Code   RO           36    .text.SystemClock_Config  main.o
    0x080041b0   0x080041b0   0x00000012   Code   RO         1062    .text.SystemInit    system_stm32f4xx.o
    0x080041c2   0x080041c2   0x00000002   PAD
    0x080041c4   0x080041c4   0x0000013c   Code   RO          627    .text.TIM_Base_SetConfig  stm32f4xx_hal_tim.o
    0x08004300   0x08004300   0x0000000c   Code   RO         1022    .text.UART_DMAAbortOnError  stm32f4xx_hal_uart.o
    0x0800430c   0x0800430c   0x000000fe   Code   RO         1020    .text.UART_Receive_IT  stm32f4xx_hal_uart.o
    0x0800440a   0x0800440a   0x00000002   PAD
    0x0800440c   0x0800440c   0x000000e2   Code   RO          946    .text.UART_SetConfig  stm32f4xx_hal_uart.o
    0x080044ee   0x080044ee   0x00000002   PAD
    0x080044f0   0x080044f0   0x0000000c   Code   RO          143    .text.USART1_IRQHandler  stm32f4xx_it.o
    0x080044fc   0x080044fc   0x0000000c   Code   RO          145    .text.USART3_IRQHandler  stm32f4xx_it.o
    0x08004508   0x08004508   0x00000002   Code   RO          131    .text.UsageFault_Handler  stm32f4xx_it.o
    0x0800450a   0x0800450a   0x00000002   PAD
    0x0800450c   0x0800450c   0x00000014   Code   RO         1129    .text._sys_close    retarget_io.o
    0x08004520   0x08004520   0x00000004   Code   RO         1139    .text._sys_flen     retarget_io.o
    0x08004524   0x08004524   0x00000010   Code   RO         1135    .text._sys_istty    retarget_io.o
    0x08004534   0x08004534   0x00000062   Code   RO         1127    .text._sys_open     retarget_io.o
    0x08004596   0x08004596   0x00000002   PAD
    0x08004598   0x08004598   0x00000006   Code   RO         1137    .text._sys_seek     retarget_io.o
    0x0800459e   0x0800459e   0x00000002   PAD
    0x080045a0   0x080045a0   0x0000002a   Code   RO         1131    .text._sys_write    retarget_io.o
    0x080045ca   0x080045ca   0x00000002   PAD
    0x080045cc   0x080045cc   0x00000316   Code   RO         1077    .text.cmdToBC26Y    bsp_bc260y.o
    0x080048e2   0x080048e2   0x00000002   PAD
    0x080048e4   0x080048e4   0x00000032   Code   RO          109    .text.fputc         usart.o
    0x08004916   0x08004916   0x00000002   PAD
    0x08004918   0x08004918   0x000000d0   Code   RO         1087    .text.jsonPack      bsp_bc260y.o
    0x080049e8   0x080049e8   0x000000a0   Code   RO           34    .text.main          main.o
    0x08004a88   0x08004a88   0x00000108   Code   RO         1083    .text.mqttServiceStartup  bsp_bc260y.o
    0x08004b90   0x08004b90   0x0000000e   Code   RO         1213    i._is_digit         c_w.l(__printf_wp.o)
    0x08004b9e   0x08004b9e   0x00000002   PAD
    0x08004ba0   0x08004ba0   0x0000002c   Code   RO         1385    locale$$code        c_w.l(lc_ctype_c.o)
    0x08004bcc   0x08004bcc   0x0000001a   Code   RO         1510    x$fpl$fpinit        fz_wm.l(fpinit.o)
    0x08004be6   0x08004be6   0x00000002   PAD
    0x08004be8   0x08004be8   0x00000008   Data   RO         1174    .constdata          c_w.l(_printf_wctomb.o)
    0x08004bf0   0x08004bf0   0x00000028   Data   RO         1186    .constdata          c_w.l(_printf_hex_int.o)
    0x08004c18   0x08004c18   0x00000011   Data   RO         1221    .constdata          c_w.l(__printf_flags_ss_wp.o)
    0x08004c29   0x08004c29   0x00000010   Data   RO         1067    .rodata.AHBPrescTable  system_stm32f4xx.o
    0x08004c39   0x08004c39   0x00000008   Data   RO         1068    .rodata.APBPrescTable  system_stm32f4xx.o
    0x08004c41   0x08004c41   0x00000008   Data   RO         1143    .rodata.__stderr_name  retarget_io.o
    0x08004c49   0x08004c49   0x00000007   Data   RO         1141    .rodata.__stdin_name  retarget_io.o
    0x08004c50   0x08004c50   0x00000008   Data   RO         1142    .rodata.__stdout_name  retarget_io.o
    0x08004c58   0x08004c58   0x00000008   Data   RO          416    .rodata.cst8        stm32f4xx_hal_dma.o
    0x08004c60   0x08004c60   0x00000061   Data   RO           24    .rodata.str1.1      bsp_can.o
    0x08004cc1   0x08004cc1   0x00000011   Data   RO           40    .rodata.str1.1      main.o
    0x08004cd2   0x08004cd2   0x00000177   Data   RO         1091    .rodata.str1.1      bsp_bc260y.o
    0x08004e49   0x08004e49   0x00000003   PAD
    0x08004e4c   0x08004e4c   0x000000f8   Data   RO         1094    .rodata.str1.4      bsp_bc260y.o
    0x08004f44   0x08004f44   0x00000020   Data   RO         1596    Region$$Table       anon$$obj.o
    0x08004f64   0x08004f64   0x00000110   Data   RO         1384    locale$$data        c_w.l(lc_ctype_c.o)


    Execution Region RW_IRAM1 (Exec base: 0x20000000, Load base: 0x08005078, Size: 0x00000c18, Max: 0x0001c000, ABSOLUTE)

    Exec Addr    Load Addr    Size         Type   Attr      Idx    E Section Name        Object

    0x20000000   0x08005078   0x00000004   Data   RW         1274    .data               c_w.l(stdio_streams.o)
    0x20000004   0x0800507c   0x00000004   Data   RW         1275    .data               c_w.l(stdio_streams.o)
    0x20000008   0x08005080   0x00000004   Data   RW         1276    .data               c_w.l(stdio_streams.o)
    0x2000000c   0x08005084   0x00000008   Data   RW          588    .data..L_MergedGlobals  stm32f4xx_hal.o
    0x20000014   0x0800508c   0x00000004   Data   RW         1066    .data.SystemCoreClock  system_stm32f4xx.o
    0x20000018   0x08005090   0x00000001   Data   RW           22    .data.uploadFlag    bsp_can.o
    0x20000019   0x08005091   0x00000007   PAD
    0x20000020        -       0x00000054   Zero   RW         1271    .bss                c_w.l(stdio_streams.o)
    0x20000074        -       0x00000054   Zero   RW         1272    .bss                c_w.l(stdio_streams.o)
    0x200000c8        -       0x00000054   Zero   RW         1273    .bss                c_w.l(stdio_streams.o)
    0x2000011c        -       0x00000060   Zero   RW         1467    .bss                c_w.l(libspace.o)
    0x2000017c        -       0x00000034   Zero   RW           25    .bss..L_MergedGlobals  bsp_can.o
    0x200001b0        -       0x00000048   Zero   RW          114    .bss..L_MergedGlobals  usart.o
    0x200001f8        -       0x00000005   Zero   RW         1097    .bss..L_MergedGlobals  bsp_bc260y.o
    0x200001fd   0x08005091   0x00000003   PAD
    0x20000200        -       0x00000100   Zero   RW         1093    .bss.Buffer         bsp_bc260y.o
    0x20000300        -       0x00000100   Zero   RW         1095    .bss.RxBuffer1      bsp_bc260y.o
    0x20000400        -       0x00000100   Zero   RW         1096    .bss.RxBuffer3      bsp_bc260y.o
    0x20000500        -       0x00000028   Zero   RW           65    .bss.hcan1          can.o
    0x20000528        -       0x00000060   Zero   RW           92    .bss.hdma_tim1_ch1  tim.o
    0x20000588        -       0x00000048   Zero   RW           91    .bss.htim1          tim.o
    0x200005d0        -       0x00000044   Zero   RW          113    .bss.huart3         usart.o
    0x20000614        -       0x00000004   Zero   RW          587    .bss.uwTick         stm32f4xx_hal.o
    0x20000618        -       0x00000200   Zero   RW            2    HEAP                startup_stm32f407xx.o
    0x20000818        -       0x00000400   Zero   RW            1    STACK               startup_stm32f407xx.o


    Execution Region RW_IRAM2 (Exec base: 0x2001c000, Load base: 0x08005098, Size: 0x00000000, Max: 0x00004000, ABSOLUTE)

    **** No section assigned to this execution region ****


==============================================================================

Image component sizes


      Code (inc. data)   RO Data    RW Data    ZI Data      Debug   Object Name

      2274        152        623          0        773       7073   bsp_bc260y.o
       498        118         97          1         52       5591   bsp_can.o
       196          0          0          0         40       6232   can.o
        56          0          0          0          0       3461   dma.o
       224          0          0          0          0       2213   gpio.o
       450          0         17          0          0       3691   main.o
       186          0         23          0          0       2626   retarget_io.o
        64         26        392          0       1536        844   startup_stm32f407xx.o
       204          0          0          8          4       7292   stm32f4xx_hal.o
      1518          6          0          0          0      13745   stm32f4xx_hal_can.o
       194          0          0          0          0      10490   stm32f4xx_hal_cortex.o
       984          6          8          0          0      10580   stm32f4xx_hal_dma.o
       452          0          0          0          0       5284   stm32f4xx_hal_gpio.o
        56          0          0          0          0       1453   stm32f4xx_hal_msp.o
      1466          0          0          0          0       7411   stm32f4xx_hal_rcc.o
      1456          4          0          0          0      55011   stm32f4xx_hal_tim.o
       258          0          0          0          0      21238   stm32f4xx_hal_tim_ex.o
      2706          0          0          0          0      31990   stm32f4xx_hal_uart.o
        72          0          0          0          0       5981   stm32f4xx_it.o
        18          0         24          4          0       2629   system_stm32f4xx.o
       452          0          0          0        168       6944   tim.o
       388          0          0          0        140       7875   usart.o

    ----------------------------------------------------------------------
     14292        312       1219         16       2720     219654   Object Totals
         0          0         32          0          0          0   (incl. Generated)
       120          0          3          3          7          0   (incl. Padding)

    ----------------------------------------------------------------------

      Code (inc. data)   RO Data    RW Data    ZI Data      Debug   Library Member Name

         8          0          0          0          0         68   __main.o
       392          4         17          0          0         92   __printf_flags_ss_wp.o
        14          0          0          0          0         68   __printf_wp.o
         0          0          0          0          0          0   __rtentry.o
        12          0          0          0          0          0   __rtentry2.o
         6          0          0          0          0          0   __rtentry4.o
        52          8          0          0          0          0   __scatter.o
        26          0          0          0          0          0   __scatter_copy.o
        28          0          0          0          0          0   __scatter_zi.o
        72          0          0          0          0         96   _c16rtomb.o
         6          0          0          0          0          0   _printf_c.o
        44          0          0          0          0        108   _printf_char.o
        48          6          0          0          0         96   _printf_char_common.o
        36          4          0          0          0         80   _printf_char_file.o
         6          0          0          0          0          0   _printf_d.o
       120         16          0          0          0         92   _printf_dec.o
        88          4         40          0          0         88   _printf_hex_int.o
         6          0          0          0          0          0   _printf_i.o
       178          0          0          0          0         88   _printf_intcommon.o
        10          0          0          0          0          0   _printf_l.o
         6          0          0          0          0          0   _printf_lc.o
         6          0          0          0          0          0   _printf_o.o
        84         10          0          0          0         88   _printf_oct_int.o
        78          0          0          0          0        108   _printf_pad.o
         0          0          0          0          0          0   _printf_percent.o
         4          0          0          0          0          0   _printf_percent_end.o
         6          0          0          0          0          0   _printf_s.o
        82          0          0          0          0         80   _printf_str.o
        36          0          0          0          0         84   _printf_truncate.o
         6          0          0          0          0          0   _printf_u.o
        44          0          0          0          0        108   _printf_wchar.o
       188          6          8          0          0         92   _printf_wctomb.o
         6          0          0          0          0          0   _printf_x.o
        10          0          0          0          0         68   _sputc.o
        10          0          0          0          0         68   defsig_exit.o
        50          0          0          0          0         88   defsig_general.o
        80         58          0          0          0         76   defsig_rtmem_inner.o
        14          0          0          0          0         80   defsig_rtmem_outer.o
        52         38          0          0          0         76   defsig_rtred_inner.o
        14          0          0          0          0         80   defsig_rtred_outer.o
        18          0          0          0          0         80   exit.o
        76          0          0          0          0         88   fclose.o
         8          0          0          0          0         68   ferror.o
       240          6          0          0          0        128   fopen.o
       248          6          0          0          0         84   fseek.o
        66          0          0          0          0         76   ftell.o
        94          0          0          0          0         80   h1_alloc.o
        52          0          0          0          0         68   h1_extend.o
        78          0          0          0          0         80   h1_free.o
        14          0          0          0          0         84   h1_init.o
         6          0          0          0          0        152   heapauxi.o
         4          0          0          0          0        136   hguard.o
         0          0          0          0          0          0   indicate_semi.o
       138          0          0          0          0        168   init_alloc.o
       312         46          0          0          0        112   initio.o
        44         10        272          0          0         76   lc_ctype_c.o
         2          0          0          0          0          0   libinit.o
        36          0          0          0          0          0   libinit2.o
         2          0          0          0          0          0   libshutdown.o
         6          0          0          0          0          0   libshutdown2.o
         8          4          0          0         96         68   libspace.o
       240          0          0          0          0        100   lludivv7m.o
         0          0          0          0          0          0   maybetermalloc1.o
        88          0          0          0          0         76   memcmp.o
        24          4          0          0          0         84   noretval__2printf.o
        40          6          0          0          0         84   noretval__2sprintf.o
        12          6          0          0          0         68   putchar.o
        44          4          0          0          0         84   puts.o
        16          4          0          0          0         76   rt_ctype_table.o
         8          4          0          0          0         68   rt_errno_addr_intlibspace.o
         8          4          0          0          0         68   rt_heap_descriptor_intlibspace.o
         8          4          0          0          0         68   rt_locale_intlibspace.o
        78          0          0          0          0         80   rt_memclr_w.o
       100          0          0          0          0         80   rt_memcpy_w.o
         2          0          0          0          0          0   rtexit.o
        10          0          0          0          0          0   rtexit2.o
        70          0          0          0          0         80   setvbuf.o
       240          6          0          0          0        156   stdio.o
         0          0          0         12        252          0   stdio_streams.o
       124          0          0          0          0         88   strcmpv7em.o
        72          0          0          0          0         80   strcpy.o
        36          0          0          0          0         80   strstr.o
        12          4          0          0          0         68   sys_exit.o
        74          0          0          0          0         80   sys_stackheap_outer.o
        14          0          0          0          0         76   sys_wrch.o
         2          0          0          0          0         68   use_no_semi.o
        26          0          0          0          0        116   fpinit.o

    ----------------------------------------------------------------------
      4748        272        337         12        348       5348   Library Totals
        20          0          0          0          0          0   (incl. Padding)

    ----------------------------------------------------------------------

      Code (inc. data)   RO Data    RW Data    ZI Data      Debug   Library Name

      4702        272        337         12        348       5232   c_w.l
        26          0          0          0          0        116   fz_wm.l

    ----------------------------------------------------------------------
      4748        272        337         12        348       5348   Library Totals

    ----------------------------------------------------------------------

==============================================================================


      Code (inc. data)   RO Data    RW Data    ZI Data      Debug   

     19040        584       1556         28       3068     221638   Grand Totals
     19040        584       1556         28       3068     221638   ELF Image Totals
     19040        584       1556         28          0          0   ROM Totals

==============================================================================

    Total RO  Size (Code + RO Data)                20596 (  20.11kB)
    Total RW  Size (RW Data + ZI Data)              3096 (   3.02kB)
    Total ROM Size (Code + RO Data + RW Data)      20624 (  20.14kB)

==============================================================================

